Archive member included because of file (symbol)

C:\Users\uidv5371\AppData\Local\arduino15\packages\arduino\hardware\sam\1.6.8\variants\arduino_due_x/libsam_sam3x8e_gcc_rel.a(pio.o)
                              C:\Users\uidv5371\AppData\Local\Temp\VMicroBuilds\Repeater\arduino_due_x\variant\variant.cpp.o (PIO_Configure)
C:\Users\uidv5371\AppData\Local\arduino15\packages\arduino\hardware\sam\1.6.8\variants\arduino_due_x/libsam_sam3x8e_gcc_rel.a(pmc.o)
                              C:\Users\uidv5371\AppData\Local\Temp\VMicroBuilds\Repeater\arduino_due_x\CAN\due_can.cpp.o (pmc_enable_periph_clk)
C:\Users\uidv5371\AppData\Local\arduino15\packages\arduino\hardware\sam\1.6.8\variants\arduino_due_x/libsam_sam3x8e_gcc_rel.a(system_sam3xa.o)
                              C:\Users\uidv5371\AppData\Local\Temp\VMicroBuilds\Repeater\arduino_due_x\variant\variant.cpp.o (SystemInit)
C:\Users\uidv5371\AppData\Local\arduino15\packages\arduino\hardware\sam\1.6.8\variants\arduino_due_x/libsam_sam3x8e_gcc_rel.a(startup_sam3xa.o)
                              (Reset_Handler)
C:\Users\uidv5371\AppData\Local\arduino15\packages\arduino\hardware\sam\1.6.8\variants\arduino_due_x/libsam_sam3x8e_gcc_rel.a(adc.o)
                              C:\Users\uidv5371\AppData\Local\Temp\VMicroBuilds\Repeater\arduino_due_x\variant\variant.cpp.o (adc_init)
C:\Users\uidv5371\AppData\Local\arduino15\packages\arduino\hardware\sam\1.6.8\variants\arduino_due_x/libsam_sam3x8e_gcc_rel.a(uotghs.o)
                              C:\Users\uidv5371\AppData\Local\arduino15\packages\arduino\hardware\sam\1.6.8\variants\arduino_due_x/libsam_sam3x8e_gcc_rel.a(startup_sam3xa.o) (UOTGHS_Handler)
C:\Users\uidv5371\AppData\Local\Temp\VMicroBuilds\Repeater\arduino_due_x/core.a(cortex_handlers.c.o)
                              C:\Users\uidv5371\AppData\Local\arduino15\packages\arduino\hardware\sam\1.6.8\variants\arduino_due_x/libsam_sam3x8e_gcc_rel.a(startup_sam3xa.o) (NMI_Handler)
C:\Users\uidv5371\AppData\Local\Temp\VMicroBuilds\Repeater\arduino_due_x/core.a(hooks.c.o)
                              C:\Users\uidv5371\AppData\Local\Temp\VMicroBuilds\Repeater\arduino_due_x/core.a(cortex_handlers.c.o) (sysTickHook)
C:\Users\uidv5371\AppData\Local\Temp\VMicroBuilds\Repeater\arduino_due_x/core.a(syscalls_sam3.c.o)
                              (_sbrk)
C:\Users\uidv5371\AppData\Local\Temp\VMicroBuilds\Repeater\arduino_due_x/core.a(wiring.c.o)
                              C:\Users\uidv5371\AppData\Local\Temp\VMicroBuilds\Repeater\arduino_due_x\CAN\due_can.cpp.o (millis)
C:\Users\uidv5371\AppData\Local\Temp\VMicroBuilds\Repeater\arduino_due_x/core.a(wiring_analog.c.o)
                              C:\Users\uidv5371\AppData\Local\Temp\VMicroBuilds\Repeater\arduino_due_x\variant\variant.cpp.o (analogOutputInit)
C:\Users\uidv5371\AppData\Local\Temp\VMicroBuilds\Repeater\arduino_due_x/core.a(wiring_digital.c.o)
                              C:\Users\uidv5371\AppData\Local\Temp\VMicroBuilds\Repeater\arduino_due_x\Repeater.cpp.o (pinMode)
C:\Users\uidv5371\AppData\Local\Temp\VMicroBuilds\Repeater\arduino_due_x/core.a(main.cpp.o)
                              c:/users/uidv5371/appdata/local/arduino15/packages/arduino/tools/arm-none-eabi-gcc/4.8.3-2014q1/bin/../lib/gcc/arm-none-eabi/4.8.3/../../../../arm-none-eabi/lib/armv7-m/crt0.o (main)
C:\Users\uidv5371\AppData\Local\Temp\VMicroBuilds\Repeater\arduino_due_x/core.a(Print.cpp.o)
                              C:\Users\uidv5371\AppData\Local\Temp\VMicroBuilds\Repeater\arduino_due_x\Repeater.cpp.o (Print::print(char const*))
C:\Users\uidv5371\AppData\Local\Temp\VMicroBuilds\Repeater\arduino_due_x/core.a(Reset.cpp.o)
                              C:\Users\uidv5371\AppData\Local\Temp\VMicroBuilds\Repeater\arduino_due_x/core.a(cortex_handlers.c.o) (tickReset)
C:\Users\uidv5371\AppData\Local\Temp\VMicroBuilds\Repeater\arduino_due_x/core.a(RingBuffer.cpp.o)
                              C:\Users\uidv5371\AppData\Local\Temp\VMicroBuilds\Repeater\arduino_due_x\variant\variant.cpp.o (RingBuffer::RingBuffer())
C:\Users\uidv5371\AppData\Local\Temp\VMicroBuilds\Repeater\arduino_due_x/core.a(UARTClass.cpp.o)
                              C:\Users\uidv5371\AppData\Local\Temp\VMicroBuilds\Repeater\arduino_due_x\variant\variant.cpp.o (UARTClass::available())
C:\Users\uidv5371\AppData\Local\Temp\VMicroBuilds\Repeater\arduino_due_x/core.a(USARTClass.cpp.o)
                              C:\Users\uidv5371\AppData\Local\Temp\VMicroBuilds\Repeater\arduino_due_x\variant\variant.cpp.o (USARTClass::USARTClass(Usart*, IRQn, unsigned long, RingBuffer*, RingBuffer*))
C:\Users\uidv5371\AppData\Local\Temp\VMicroBuilds\Repeater\arduino_due_x/core.a(watchdog.cpp.o)
                              C:\Users\uidv5371\AppData\Local\Temp\VMicroBuilds\Repeater\arduino_due_x/core.a(main.cpp.o) (watchdogSetup())
C:\Users\uidv5371\AppData\Local\Temp\VMicroBuilds\Repeater\arduino_due_x/core.a(CDC.cpp.o)
[...]
Memory Configuration

Name             Origin             Length             Attributes
rom              0x00080000         0x00080000         xr
sram0            0x20000000         0x00010000         xrw
sram1            0x20080000         0x00008000         xrw
ram              0x20070000         0x00018000         xrw
*default*        0x00000000         0xffffffff

Linker script and memory map

LOAD c:/users/uidv5371/appdata/local/arduino15/packages/arduino/tools/arm-none-eabi-gcc/4.8.3-2014q1/bin/../lib/gcc/arm-none-eabi/4.8.3/armv7-m/crti.o
LOAD c:/users/uidv5371/appdata/local/arduino15/packages/arduino/tools/arm-none-eabi-gcc/4.8.3-2014q1/bin/../lib/gcc/arm-none-eabi/4.8.3/armv7-m/crtbegin.o
LOAD c:/users/uidv5371/appdata/local/arduino15/packages/arduino/tools/arm-none-eabi-gcc/4.8.3-2014q1/bin/../lib/gcc/arm-none-eabi/4.8.3/../../../../arm-none-eabi/lib/armv7-m/crt0.o
START GROUP
LOAD C:\Users\uidv5371\AppData\Local\Temp\VMicroBuilds\Repeater\arduino_due_x\Repeater.cpp.o
LOAD C:\Users\uidv5371\AppData\Local\Temp\VMicroBuilds\Repeater\arduino_due_x\CAN\due_can.cpp.o
LOAD C:\Users\uidv5371\AppData\Local\Temp\VMicroBuilds\Repeater\arduino_due_x\VM_DBG\VM_DBG.cpp.o
LOAD C:\Users\uidv5371\AppData\Local\Temp\VMicroBuilds\Repeater\arduino_due_x\VM_DBG\VM_mem_check_sam.cpp.o
LOAD C:\Users\uidv5371\AppData\Local\Temp\VMicroBuilds\Repeater\arduino_due_x\variant\variant.cpp.o
LOAD C:\Users\uidv5371\AppData\Local\arduino15\packages\arduino\hardware\sam\1.6.8\variants\arduino_due_x/libsam_sam3x8e_gcc_rel.a
LOAD C:\Users\uidv5371\AppData\Local\Temp\VMicroBuilds\Repeater\arduino_due_x/core.a
END GROUP
LOAD c:/users/uidv5371/appdata/local/arduino15/packages/arduino/tools/arm-none-eabi-gcc/4.8.3-2014q1/bin/../lib/gcc/arm-none-eabi/4.8.3/../../../../arm-none-eabi/lib/armv7-m\libm.a
START GROUP
LOAD c:/users/uidv5371/appdata/local/arduino15/packages/arduino/tools/arm-none-eabi-gcc/4.8.3-2014q1/bin/../lib/gcc/arm-none-eabi/4.8.3/armv7-m\libgcc.a
LOAD c:/users/uidv5371/appdata/local/arduino15/packages/arduino/tools/arm-none-eabi-gcc/4.8.3-2014q1/bin/../lib/gcc/arm-none-eabi/4.8.3/../../../../arm-none-eabi/lib/armv7-m\libg.a
LOAD c:/users/uidv5371/appdata/local/arduino15/packages/arduino/tools/arm-none-eabi-gcc/4.8.3-2014q1/bin/../lib/gcc/arm-none-eabi/4.8.3/../../../../arm-none-eabi/lib/armv7-m\libc.a
END GROUP
LOAD c:/users/uidv5371/appdata/local/arduino15/packages/arduino/tools/arm-none-eabi-gcc/4.8.3-2014q1/bin/../lib/gcc/arm-none-eabi/4.8.3/armv7-m/crtend.o
LOAD c:/users/uidv5371/appdata/local/arduino15/packages/arduino/tools/arm-none-eabi-gcc/4.8.3-2014q1/bin/../lib/gcc/arm-none-eabi/4.8.3/armv7-m/crtn.o

.text           0x00080000     0x6448
                0x00080000                . = ALIGN (0x4)
                0x00080000                _sfixed = .
 *(.vectors .vectors.*)
 .vectors       0x00080000       0xf4 C:\Users\uidv5371\AppData\Local\arduino15\packages\arduino\hardware\sam\1.6.8\variants\arduino_due_x/libsam_sam3x8e_gcc_rel.a(startup_sam3xa.o)
                0x00080000                exception_table
 *(.text .text.* .gnu.linkonce.t.*)
 .text          0x000800f4       0x54 c:/users/uidv5371/appdata/local/arduino15/packages/arduino/tools/arm-none-eabi-gcc/4.8.3-2014q1/bin/../lib/gcc/arm-none-eabi/4.8.3/armv7-m/crtbegin.o
 .text.setup    0x00080148      0x184 C:\Users\uidv5371\AppData\Local\Temp\VMicroBuilds\Repeater\arduino_due_x\Repeater.cpp.o
                0x00080148                setup
 .text.loop     0x000802cc        0x2 C:\Users\uidv5371\AppData\Local\Temp\VMicroBuilds\Repeater\arduino_due_x\Repeater.cpp.o
                0x000802cc                loop
 .text._ZN6CANRawC2EP3Canm
                0x000802ce       0x22 C:\Users\uidv5371\AppData\Local\Temp\VMicroBuilds\Repeater\arduino_due_x\CAN\due_can.cpp.o
                0x000802ce                CANRaw::CANRaw(Can*, unsigned long)
                0x000802ce                CANRaw::CANRaw(Can*, unsigned long)
 .text._ZN6CANRaw12set_baudrateEm
                0x000802f0       0xcc C:\Users\uidv5371\AppData\Local\Temp\VMicroBuilds\Repeater\arduino_due_x\CAN\due_can.cpp.o
                0x000802f0                CANRaw::set_baudrate(unsigned long)
 .text._ZN6CANRaw11setCallbackEiPFvP9CAN_FRAMEE
                0x000803bc        0xe C:\Users\uidv5371\AppData\Local\Temp\VMicroBuilds\Repeater\arduino_due_x\CAN\due_can.cpp.o
                0x000803bc                CANRaw::setCallback(int, void (*)(CAN_FRAME*))
 .text._ZN6CANRaw18setGeneralCallbackEPFvP9CAN_FRAMEE
                0x000803ca        0x6 C:\Users\uidv5371\AppData\Local\Temp\VMicroBuilds\Repeater\arduino_due_x\CAN\due_can.cpp.o
                0x000803ca                CANRaw::setGeneralCallback(void (*)(CAN_FRAME*))
 .text._ZN6CANRaw6enableEv
                0x000803d0       0x1a C:\Users\uidv5371\AppData\Local\Temp\VMicroBuilds\Repeater\arduino_due_x\CAN\due_can.cpp.o
                0x000803d0                CANRaw::enable()
 .text._ZN6CANRaw7disableEv
                0x000803ea       0x1a C:\Users\uidv5371\AppData\Local\Temp\VMicroBuilds\Repeater\arduino_due_x\CAN\due_can.cpp.o
                0x000803ea                CANRaw::disable()
 .text._ZN6CANRaw21enable_overload_frameEv
                0x00080404        0xc C:\Users\uidv5371\AppData\Local\Temp\VMicroBuilds\Repeater\arduino_due_x\CAN\due_can.cpp.o
                0x00080404                CANRaw::enable_overload_frame()
 .text._ZN6CANRaw27set_timestamp_capture_pointEm
                0x00080410       0x14 C:\Users\uidv5371\AppData\Local\Temp\VMicroBuilds\Repeater\arduino_due_x\CAN\due_can.cpp.o
                0x00080410                CANRaw::set_timestamp_capture_point(unsigned long)
 .text._ZN6CANRaw27disable_time_triggered_modeEv
                0x00080424        0xc C:\Users\uidv5371\AppData\Local\Temp\VMicroBuilds\Repeater\arduino_due_x\CAN\due_can.cpp.o
                0x00080424                CANRaw::disable_time_triggered_mode()
 .text._ZN6CANRaw16enable_interruptEm
                0x00080430        0x6 C:\Users\uidv5371\AppData\Local\Temp\VMicroBuilds\Repeater\arduino_due_x\CAN\due_can.cpp.o
                0x00080430                CANRaw::enable_interrupt(unsigned long)
 .text._ZN6CANRaw17disable_interruptEm
                0x00080436        0x6 C:\Users\uidv5371\AppData\Local\Temp\VMicroBuilds\Repeater\arduino_due_x\CAN\due_can.cpp.o
                0x00080436                CANRaw::disable_interrupt(unsigned long)
 .text._ZN6CANRaw25mailbox_send_transfer_cmdEh
                0x0008043c       0x1a C:\Users\uidv5371\AppData\Local\Temp\VMicroBuilds\Repeater\arduino_due_x\CAN\due_can.cpp.o
                0x0008043c                CANRaw::mailbox_send_transfer_cmd(unsigned char)
 .text._ZN6CANRaw12mailbox_initEh
                0x00080456       0x28 C:\Users\uidv5371\AppData\Local\Temp\VMicroBuilds\Repeater\arduino_due_x\CAN\due_can.cpp.o
                0x00080456                CANRaw::mailbox_init(unsigned char)
 .text._ZN6CANRaw17reset_all_mailboxEv
                0x0008047e       0x16 C:\Users\uidv5371\AppData\Local\Temp\VMicroBuilds\Repeater\arduino_due_x\CAN\due_can.cpp.o
                0x0008047e                CANRaw::reset_all_mailbox()
 .text._ZN6CANRaw12mailbox_readEhPV9CAN_FRAME
                0x00080494       0x78 C:\Users\uidv5371\AppData\Local\Temp\VMicroBuilds\Repeater\arduino_due_x\CAN\due_can.cpp.o
                0x00080494                CANRaw::mailbox_read(unsigned char, CAN_FRAME volatile*)
 .text._ZN6CANRaw14mailbox_set_idEhmb
                0x0008050c       0x2c C:\Users\uidv5371\AppData\Local\Temp\VMicroBuilds\Repeater\arduino_due_x\CAN\due_can.cpp.o
                0x0008050c                CANRaw::mailbox_set_id(unsigned char, unsigned long, bool)
 .text._ZN6CANRaw20mailbox_set_priorityEhh
                0x00080538       0x1e C:\Users\uidv5371\AppData\Local\Temp\VMicroBuilds\Repeater\arduino_due_x\CAN\due_can.cpp.o
                0x00080538                CANRaw::mailbox_set_priority(unsigned char, unsigned char)
 *fill*         0x00080556        0x2 
 .text._ZN6CANRaw23mailbox_set_accept_maskEhmb
                0x00080558       0x48 C:\Users\uidv5371\AppData\Local\Temp\VMicroBuilds\Repeater\arduino_due_x\CAN\due_can.cpp.o
                0x00080558                CANRaw::mailbox_set_accept_mask(unsigned char, unsigned long, bool)
 .text._ZN6CANRaw16mailbox_set_modeEhh
                0x000805a0       0x24 C:\Users\uidv5371\AppData\Local\Temp\VMicroBuilds\Repeater\arduino_due_x\CAN\due_can.cpp.o
                0x000805a0                CANRaw::mailbox_set_mode(unsigned char, unsigned char)
 .text._ZN6CANRaw13setNumTXBoxesEi
                0x000805c4       0x7a C:\Users\uidv5371\AppData\Local\Temp\VMicroBuilds\Repeater\arduino_due_x\CAN\due_can.cpp.o
                0x000805c4                CANRaw::setNumTXBoxes(int)
 *fill*         0x0008063e        0x2 
 .text._ZN6CANRaw4initEm
                0x00080640       0xd8 C:\Users\uidv5371\AppData\Local\Temp\VMicroBuilds\Repeater\arduino_due_x\CAN\due_can.cpp.o
                0x00080640                CANRaw::init(unsigned long)
 .text._ZN6CANRaw5beginEm
                0x00080718        0x4 C:\Users\uidv5371\AppData\Local\Temp\VMicroBuilds\Repeater\arduino_due_x\CAN\due_can.cpp.o
                0x00080718                CANRaw::begin(unsigned long)
 .text._ZN6CANRaw20mailbox_set_databyteEhhh
                0x0008071c       0x52 C:\Users\uidv5371\AppData\Local\Temp\VMicroBuilds\Repeater\arduino_due_x\CAN\due_can.cpp.o
                0x0008071c                CANRaw::mailbox_set_databyte(unsigned char, unsigned char, unsigned char)
 .text._ZN6CANRaw19mailbox_set_datalenEhh
                0x0008076e       0x28 C:\Users\uidv5371\AppData\Local\Temp\VMicroBuilds\Repeater\arduino_due_x\CAN\due_can.cpp.o
                0x0008076e                CANRaw::mailbox_set_datalen(unsigned char, unsigned char)
 .text._ZN6CANRaw9sendFrameER9CAN_FRAME
                0x00080796       0xea C:\Users\uidv5371\AppData\Local\Temp\VMicroBuilds\Repeater\arduino_due_x\CAN\due_can.cpp.o
                0x00080796                CANRaw::sendFrame(CAN_FRAME&)
 .text._ZN6CANRaw16mailbox_tx_frameEh
                0x00080880       0x1c C:\Users\uidv5371\AppData\Local\Temp\VMicroBuilds\Repeater\arduino_due_x\CAN\due_can.cpp.o
                0x00080880                CANRaw::mailbox_tx_frame(unsigned char)
 .text._ZN6CANRaw11setRXFilterEhmmb
                0x0008089c       0x3c C:\Users\uidv5371\AppData\Local\Temp\VMicroBuilds\Repeater\arduino_due_x\CAN\due_can.cpp.o
                0x0008089c                CANRaw::setRXFilter(unsigned char, unsigned long, unsigned long, bool)
 .text._ZN6CANRaw8watchForEv
                0x000808d8       0x32 C:\Users\uidv5371\AppData\Local\Temp\VMicroBuilds\Repeater\arduino_due_x\CAN\due_can.cpp.o
                0x000808d8                CANRaw::watchFor()
 .text._ZN6CANRaw19mailbox_int_handlerEhm
                0x0008090a      0x18a C:\Users\uidv5371\AppData\Local\Temp\VMicroBuilds\Repeater\arduino_due_x\CAN\due_can.cpp.o
                0x0008090a                CANRaw::mailbox_int_handler(unsigned char, unsigned long)
 .text._Z16CAN_SendError_IDt
                0x00080a94       0xe4 C:\Users\uidv5371\AppData\Local\Temp\VMicroBuilds\Repeater\arduino_due_x\CAN\due_can.cpp.o
                0x00080a94                CAN_SendError_ID(unsigned short)
 .text._ZN6CANRaw16interruptHandlerEv
                0x00080b78      0x16c C:\Users\uidv5371\AppData\Local\Temp\VMicroBuilds\Repeater\arduino_due_x\CAN\due_can.cpp.o
                0x00080b78                CANRaw::interruptHandler()
 .text._Z12CAN_RepeaterP9CAN_FRAMEi
                0x00080ce4       0x8c C:\Users\uidv5371\AppData\Local\Temp\VMicroBuilds\Repeater\arduino_due_x\CAN\due_can.cpp.o
                0x00080ce4                CAN_Repeater(CAN_FRAME*, int)
 .text._Z18Repeater_callback0P9CAN_FRAME
                0x00080d70        0x6 C:\Users\uidv5371\AppData\Local\Temp\VMicroBuilds\Repeater\arduino_due_x\CAN\due_can.cpp.o
                0x00080d70                Repeater_callback0(CAN_FRAME*)
 .text._Z18Repeater_callback2P9CAN_FRAME
                0x00080d76        0x6 C:\Users\uidv5371\AppData\Local\Temp\VMicroBuilds\Repeater\arduino_due_x\CAN\due_can.cpp.o
                0x00080d76                Repeater_callback2(CAN_FRAME*)
 .text._Z18Repeater_callbackGP9CAN_FRAME
                0x00080d7c        0x6 C:\Users\uidv5371\AppData\Local\Temp\VMicroBuilds\Repeater\arduino_due_x\CAN\due_can.cpp.o
                0x00080d7c                Repeater_callbackG(CAN_FRAME*)
 *fill*         0x00080d82        0x2 
 .text.CAN0_Handler
                0x00080d84        0xc C:\Users\uidv5371\AppData\Local\Temp\VMicroBuilds\Repeater\arduino_due_x\CAN\due_can.cpp.o
                0x00080d84                CAN0_Handler
 .text.CAN1_Handler
                0x00080d90        0xc C:\Users\uidv5371\AppData\Local\Temp\VMicroBuilds\Repeater\arduino_due_x\CAN\due_can.cpp.o
                0x00080d90                CAN1_Handler
 .text.startup._GLOBAL__sub_I__ZN6CANRawC2EP3Canm
                0x00080d9c       0x2c C:\Users\uidv5371\AppData\Local\Temp\VMicroBuilds\Repeater\arduino_due_x\CAN\due_can.cpp.o
 .text._ZN16VisualMicroDebug14outPacketStartEb
                0x00080dc8       0x22 C:\Users\uidv5371\AppData\Local\Temp\VMicroBuilds\Repeater\arduino_due_x\VM_DBG\VM_DBG.cpp.o
                0x00080dc8                VisualMicroDebug::outPacketStart(bool)
 .text._ZN16VisualMicroDebug14outPacketStartEv
                0x00080dea        0x6 C:\Users\uidv5371\AppData\Local\Temp\VMicroBuilds\Repeater\arduino_due_x\VM_DBG\VM_DBG.cpp.o
                0x00080dea                VisualMicroDebug::outPacketStart()
 .text._ZN16VisualMicroDebug5beginEP7Serial_m
                0x00080df0       0x2c C:\Users\uidv5371\AppData\Local\Temp\VMicroBuilds\Repeater\arduino_due_x\VM_DBG\VM_DBG.cpp.o
                0x00080df0                VisualMicroDebug::begin(Serial_*, unsigned long)
 .text._ZN16VisualMicroDebug4initEm
                0x00080e1c       0x10 C:\Users\uidv5371\AppData\Local\Temp\VMicroBuilds\Repeater\arduino_due_x\VM_DBG\VM_DBG.cpp.o
                0x00080e1c                VisualMicroDebug::init(unsigned long)
 .text._ZN16VisualMicroDebug5startEbb
                0x00080e2c        0x2 C:\Users\uidv5371\AppData\Local\Temp\VMicroBuilds\Repeater\arduino_due_x\VM_DBG\VM_DBG.cpp.o
                0x00080e2c                VisualMicroDebug::start(bool, bool)
 .text._Z11serialEventv
                0x00080e2e        0x2 C:\Users\uidv5371\AppData\Local\Temp\VMicroBuilds\Repeater\arduino_due_x\variant\variant.cpp.o
                0x00080e2e                serialEvent()
 .text.UART_Handler
                0x00080e30        0xc C:\Users\uidv5371\AppData\Local\Temp\VMicroBuilds\Repeater\arduino_due_x\variant\variant.cpp.o
                0x00080e30                UART_Handler
 .text._Z12serialEvent1v
                0x00080e3c        0x2 C:\Users\uidv5371\AppData\Local\Temp\VMicroBuilds\Repeater\arduino_due_x\variant\variant.cpp.o
                0x00080e3c                serialEvent1()
 .text._Z12serialEvent2v
                0x00080e3e        0x2 C:\Users\uidv5371\AppData\Local\Temp\VMicroBuilds\Repeater\arduino_due_x\variant\variant.cpp.o
                0x00080e3e                serialEvent2()
 .text._Z12serialEvent3v
                0x00080e40        0x2 C:\Users\uidv5371\AppData\Local\Temp\VMicroBuilds\Repeater\arduino_due_x\variant\variant.cpp.o
                0x00080e40                serialEvent3()
 *fill*         0x00080e42        0x2 
 .text.USART0_Handler
                0x00080e44        0xc C:\Users\uidv5371\AppData\Local\Temp\VMicroBuilds\Repeater\arduino_due_x\variant\variant.cpp.o
                0x00080e44                USART0_Handler
 .text.USART1_Handler
                0x00080e50        0xc C:\Users\uidv5371\AppData\Local\Temp\VMicroBuilds\Repeater\arduino_due_x\variant\variant.cpp.o
                0x00080e50                USART1_Handler
 .text.USART3_Handler
                0x00080e5c        0xc C:\Users\uidv5371\AppData\Local\Temp\VMicroBuilds\Repeater\arduino_due_x\variant\variant.cpp.o
                0x00080e5c                USART3_Handler
 .text.init     0x00080e68      0x128 C:\Users\uidv5371\AppData\Local\Temp\VMicroBuilds\Repeater\arduino_due_x\variant\variant.cpp.o
                0x00080e68                init
 .text.startup._GLOBAL__sub_I_g_APinDescription
                0x00080f90       0xd4 C:\Users\uidv5371\AppData\Local\Temp\VMicroBuilds\Repeater\arduino_due_x\variant\variant.cpp.o
 .text._Z14serialEventRunv
                0x00081064       0x44 C:\Users\uidv5371\AppData\Local\Temp\VMicroBuilds\Repeater\arduino_due_x\variant\variant.cpp.o
                0x00081064                serialEventRun()
 .text.PIO_PullUp
                0x000810a8        0xa C:\Users\uidv5371\AppData\Local\arduino15\packages\arduino\hardware\sam\1.6.8\variants\arduino_due_x/libsam_sam3x8e_gcc_rel.a(pio.o)
                0x000810a8                PIO_PullUp
 .text.PIO_SetPeripheral
                0x000810b2       0x26 C:\Users\uidv5371\AppData\Local\arduino15\packages\arduino\hardware\sam\1.6.8\variants\arduino_due_x/libsam_sam3x8e_gcc_rel.a(pio.o)
                0x000810b2                PIO_SetPeripheral
 .text.PIO_SetInput
                0x000810d8       0x26 C:\Users\uidv5371\AppData\Local\arduino15\packages\arduino\hardware\sam\1.6.8\variants\arduino_due_x/libsam_sam3x8e_gcc_rel.a(pio.o)
                0x000810d8                PIO_SetInput
 .text.PIO_SetOutput
                0x000810fe       0x24 C:\Users\uidv5371\AppData\Local\arduino15\packages\arduino\hardware\sam\1.6.8\variants\arduino_due_x/libsam_sam3x8e_gcc_rel.a(pio.o)
                0x000810fe                PIO_SetOutput
 *fill*         0x00081122        0x2 
 .text.PIO_Configure
                0x00081124       0x64 C:\Users\uidv5371\AppData\Local\arduino15\packages\arduino\hardware\sam\1.6.8\variants\arduino_due_x/libsam_sam3x8e_gcc_rel.a(pio.o)
                0x00081124                PIO_Configure
 .text.PIO_GetOutputDataStatus
                0x00081188       0x14 C:\Users\uidv5371\AppData\Local\arduino15\packages\arduino\hardware\sam\1.6.8\variants\arduino_due_x/libsam_sam3x8e_gcc_rel.a(pio.o)
                0x00081188                PIO_GetOutputDataStatus
 .text.pmc_enable_upll_clock
                0x0008119c       0x14 C:\Users\uidv5371\AppData\Local\arduino15\packages\arduino\hardware\sam\1.6.8\variants\arduino_due_x/libsam_sam3x8e_gcc_rel.a(pmc.o)
                0x0008119c                pmc_enable_upll_clock
 .text.pmc_enable_periph_clk
                0x000811b0       0x44 C:\Users\uidv5371\AppData\Local\arduino15\packages\arduino\hardware\sam\1.6.8\variants\arduino_due_x/libsam_sam3x8e_gcc_rel.a(pmc.o)
                0x000811b0                pmc_enable_periph_clk
 .text.pmc_disable_periph_clk
                0x000811f4       0x40 C:\Users\uidv5371\AppData\Local\arduino15\packages\arduino\hardware\sam\1.6.8\variants\arduino_due_x/libsam_sam3x8e_gcc_rel.a(pmc.o)
                0x000811f4                pmc_disable_periph_clk
 .text.pmc_switch_udpck_to_upllck
                0x00081234       0x14 C:\Users\uidv5371\AppData\Local\arduino15\packages\arduino\hardware\sam\1.6.8\variants\arduino_due_x/libsam_sam3x8e_gcc_rel.a(pmc.o)
                0x00081234                pmc_switch_udpck_to_upllck
 .text.pmc_enable_udpck
                0x00081248        0xc C:\Users\uidv5371\AppData\Local\arduino15\packages\arduino\hardware\sam\1.6.8\variants\arduino_due_x/libsam_sam3x8e_gcc_rel.a(pmc.o)
                0x00081248                pmc_enable_udpck
 .text.SystemInit
                0x00081254       0x88 C:\Users\uidv5371\AppData\Local\arduino15\packages\arduino\hardware\sam\1.6.8\variants\arduino_due_x/libsam_sam3x8e_gcc_rel.a(system_sam3xa.o)
                0x00081254                SystemInit
 .text.Reset_Handler
                0x000812dc       0x78 C:\Users\uidv5371\AppData\Local\arduino15\packages\arduino\hardware\sam\1.6.8\variants\arduino_due_x/libsam_sam3x8e_gcc_rel.a(startup_sam3xa.o)
                0x000812dc                Reset_Handler
 .text.adc_init
                0x00081354       0x98 C:\Users\uidv5371\AppData\Local\arduino15\packages\arduino\hardware\sam\1.6.8\variants\arduino_due_x/libsam_sam3x8e_gcc_rel.a(adc.o)
                0x00081354                adc_init
 .text.adc_configure_trigger
                0x000813ec        0xe C:\Users\uidv5371\AppData\Local\arduino15\packages\arduino\hardware\sam\1.6.8\variants\arduino_due_x/libsam_sam3x8e_gcc_rel.a(adc.o)
                0x000813ec                adc_configure_trigger
 .text.adc_configure_timing
                0x000813fa       0x1a C:\Users\uidv5371\AppData\Local\arduino15\packages\arduino\hardware\sam\1.6.8\variants\arduino_due_x/libsam_sam3x8e_gcc_rel.a(adc.o)
                0x000813fa                adc_configure_timing
 .text.adc_disable_channel
                0x00081414        0xa C:\Users\uidv5371\AppData\Local\arduino15\packages\arduino\hardware\sam\1.6.8\variants\arduino_due_x/libsam_sam3x8e_gcc_rel.a(adc.o)
                0x00081414                adc_disable_channel
 .text.adc_disable_all_channel
                0x0008141e        0x8 C:\Users\uidv5371\AppData\Local\arduino15\packages\arduino\hardware\sam\1.6.8\variants\arduino_due_x/libsam_sam3x8e_gcc_rel.a(adc.o)
                0x0008141e                adc_disable_all_channel
 .text.adc_disable_interrupt
                0x00081426        0x4 C:\Users\uidv5371\AppData\Local\arduino15\packages\arduino\hardware\sam\1.6.8\variants\arduino_due_x/libsam_sam3x8e_gcc_rel.a(adc.o)
                0x00081426                adc_disable_interrupt
 *fill*         0x0008142a        0x2 
 .text.UOTGHS_Handler
                0x0008142c       0x10 C:\Users\uidv5371\AppData\Local\arduino15\packages\arduino\hardware\sam\1.6.8\variants\arduino_due_x/libsam_sam3x8e_gcc_rel.a(uotghs.o)
                0x0008142c                UOTGHS_Handler
 .text.__halt   0x0008143c        0x2 C:\Users\uidv5371\AppData\Local\Temp\VMicroBuilds\Repeater\arduino_due_x/core.a(cortex_handlers.c.o)
                0x0008143c                DACC_Handler
                0x0008143c                DebugMon_Handler
                0x0008143c                DMAC_Handler
                0x0008143c                TRNG_Handler
                0x0008143c                HardFault_Handler
                0x0008143c                TC2_Handler
                0x0008143c                TWI1_Handler
                0x0008143c                NMI_Handler
                0x0008143c                TC7_Handler
                0x0008143c                ADC_Handler
                0x0008143c                SMC_Handler
                0x0008143c                RTT_Handler
                0x0008143c                EFC1_Handler
                0x0008143c                PIOB_Handler
                0x0008143c                RTC_Handler
                0x0008143c                UsageFault_Handler
                0x0008143c                TC6_Handler
                0x0008143c                WDT_Handler
                0x0008143c                TC4_Handler
                0x0008143c                TC1_Handler
                0x0008143c                HSMCI_Handler
                0x0008143c                TC3_Handler
                0x0008143c                TWI0_Handler
                0x0008143c                PIOA_Handler
                0x0008143c                SSC_Handler
                0x0008143c                EFC0_Handler
                0x0008143c                PMC_Handler
                0x0008143c                PWM_Handler
                0x0008143c                MemManage_Handler
                0x0008143c                SUPC_Handler
                0x0008143c                TC8_Handler
                0x0008143c                USART2_Handler
                0x0008143c                PIOD_Handler
                0x0008143c                EMAC_Handler
                0x0008143c                PIOC_Handler
                0x0008143c                BusFault_Handler
                0x0008143c                RSTC_Handler
                0x0008143c                TC0_Handler
                0x0008143c                TC5_Handler
                0x0008143c                SPI0_Handler
 .text.SVC_Handler
                0x0008143e        0x4 C:\Users\uidv5371\AppData\Local\Temp\VMicroBuilds\Repeater\arduino_due_x/core.a(cortex_handlers.c.o)
                0x0008143e                SVC_Handler
 .text.PendSV_Handler
                0x00081442        0x4 C:\Users\uidv5371\AppData\Local\Temp\VMicroBuilds\Repeater\arduino_due_x/core.a(cortex_handlers.c.o)
                0x00081442                PendSV_Handler
 .text.SysTick_Handler
                0x00081446       0x16 C:\Users\uidv5371\AppData\Local\Temp\VMicroBuilds\Repeater\arduino_due_x/core.a(cortex_handlers.c.o)
                0x00081446                SysTick_Handler
 .text.__empty  0x0008145c        0x2 C:\Users\uidv5371\AppData\Local\Temp\VMicroBuilds\Repeater\arduino_due_x/core.a(hooks.c.o)
                0x0008145c                yield
 .text.__false  0x0008145e        0x4 C:\Users\uidv5371\AppData\Local\Temp\VMicroBuilds\Repeater\arduino_due_x/core.a(hooks.c.o)
                0x0008145e                sysTickHook
 .text.__halt   0x00081462        0x2 C:\Users\uidv5371\AppData\Local\Temp\VMicroBuilds\Repeater\arduino_due_x/core.a(hooks.c.o)
                0x00081462                svcHook
                0x00081462                pendSVHook
 .text._sbrk    0x00081464       0x1c C:\Users\uidv5371\AppData\Local\Temp\VMicroBuilds\Repeater\arduino_due_x/core.a(syscalls_sam3.c.o)
                0x00081464                _sbrk
 .text.link     0x00081480        0x6 C:\Users\uidv5371\AppData\Local\Temp\VMicroBuilds\Repeater\arduino_due_x/core.a(syscalls_sam3.c.o)
                0x00081480                link
 .text._close   0x00081486        0x6 C:\Users\uidv5371\AppData\Local\Temp\VMicroBuilds\Repeater\arduino_due_x/core.a(syscalls_sam3.c.o)
                0x00081486                _close
 .text._fstat   0x0008148c        0xa C:\Users\uidv5371\AppData\Local\Temp\VMicroBuilds\Repeater\arduino_due_x/core.a(syscalls_sam3.c.o)
                0x0008148c                _fstat
 .text._isatty  0x00081496        0x4 C:\Users\uidv5371\AppData\Local\Temp\VMicroBuilds\Repeater\arduino_due_x/core.a(syscalls_sam3.c.o)
                0x00081496                _isatty
 .text._lseek   0x0008149a        0x4 C:\Users\uidv5371\AppData\Local\Temp\VMicroBuilds\Repeater\arduino_due_x/core.a(syscalls_sam3.c.o)
                0x0008149a                _lseek
 .text._read    0x0008149e        0x4 C:\Users\uidv5371\AppData\Local\Temp\VMicroBuilds\Repeater\arduino_due_x/core.a(syscalls_sam3.c.o)
                0x0008149e                _read
 *fill*         0x000814a2        0x2 
 .text._write   0x000814a4       0x24 C:\Users\uidv5371\AppData\Local\Temp\VMicroBuilds\Repeater\arduino_due_x/core.a(syscalls_sam3.c.o)
                0x000814a4                _write
 .text._exit    0x000814c8       0x10 C:\Users\uidv5371\AppData\Local\Temp\VMicroBuilds\Repeater\arduino_due_x/core.a(syscalls_sam3.c.o)
                0x000814c8                _exit
 .text._kill    0x000814d8        0x2 C:\Users\uidv5371\AppData\Local\Temp\VMicroBuilds\Repeater\arduino_due_x/core.a(syscalls_sam3.c.o)
                0x000814d8                _kill
 .text._getpid  0x000814da        0x6 C:\Users\uidv5371\AppData\Local\Temp\VMicroBuilds\Repeater\arduino_due_x/core.a(syscalls_sam3.c.o)
                0x000814da                _getpid
 .text.millis   0x000814e0        0x4 C:\Users\uidv5371\AppData\Local\Temp\VMicroBuilds\Repeater\arduino_due_x/core.a(wiring.c.o)
                0x000814e0                millis
 .text.delay    0x000814e4       0x1c C:\Users\uidv5371\AppData\Local\Temp\VMicroBuilds\Repeater\arduino_due_x/core.a(wiring.c.o)
                0x000814e4                delay
 .text.analogOutputInit
                0x00081500        0x2 C:\Users\uidv5371\AppData\Local\Temp\VMicroBuilds\Repeater\arduino_due_x/core.a(wiring_analog.c.o)
                0x00081500                analogOutputInit
 *fill*         0x00081502        0x2 
 .text.pinMode  0x00081504      0x108 C:\Users\uidv5371\AppData\Local\Temp\VMicroBuilds\Repeater\arduino_due_x/core.a(wiring_digital.c.o)
                0x00081504                pinMode
 .text.digitalWrite
                0x0008160c       0x70 C:\Users\uidv5371\AppData\Local\Temp\VMicroBuilds\Repeater\arduino_due_x/core.a(wiring_digital.c.o)
                0x0008160c                digitalWrite
 .text.initVariant
                0x0008167c        0x2 C:\Users\uidv5371\AppData\Local\Temp\VMicroBuilds\Repeater\arduino_due_x/core.a(main.cpp.o)
                0x0008167c                initVariant
 *fill*         0x0008167e        0x2 
 .text.startup.main
                0x00081680       0x38 C:\Users\uidv5371\AppData\Local\Temp\VMicroBuilds\Repeater\arduino_due_x/core.a(main.cpp.o)
                0x00081680                main
 .text._ZN5Print5writeEPKhj
                0x000816b8       0x22 C:\Users\uidv5371\AppData\Local\Temp\VMicroBuilds\Repeater\arduino_due_x/core.a(Print.cpp.o)
                0x000816b8                Print::write(unsigned char const*, unsigned int)
 .text._ZN5Print5writeEPKc
                0x000816da       0x1e C:\Users\uidv5371\AppData\Local\Temp\VMicroBuilds\Repeater\arduino_due_x/core.a(Print.cpp.o)
                0x000816da                Print::write(char const*)
 .text._ZN5Print5printEPKc
                0x000816f8        0x8 C:\Users\uidv5371\AppData\Local\Temp\VMicroBuilds\Repeater\arduino_due_x/core.a(Print.cpp.o)
                0x000816f8                Print::print(char const*)
 .text._ZN5Print7printlnEv
                0x00081700       0x10 C:\Users\uidv5371\AppData\Local\Temp\VMicroBuilds\Repeater\arduino_due_x/core.a(Print.cpp.o)
                0x00081700                Print::println()
 .text._ZN5Print7printlnEPKc
                0x00081710       0x14 C:\Users\uidv5371\AppData\Local\Temp\VMicroBuilds\Repeater\arduino_due_x/core.a(Print.cpp.o)
                0x00081710                Print::println(char const*)
 .text._ZN5Print11printNumberEmh
                0x00081724       0x3e C:\Users\uidv5371\AppData\Local\Temp\VMicroBuilds\Repeater\arduino_due_x/core.a(Print.cpp.o)
                0x00081724                Print::printNumber(unsigned long, unsigned char)
 .text._ZN5Print5printEmi
                0x00081762       0x18 C:\Users\uidv5371\AppData\Local\Temp\VMicroBuilds\Repeater\arduino_due_x/core.a(Print.cpp.o)
                0x00081762                Print::print(unsigned long, int)
 *fill*         0x0008177a        0x2 
 .text.initiateReset
                0x0008177c        0xc C:\Users\uidv5371\AppData\Local\Temp\VMicroBuilds\Repeater\arduino_due_x/core.a(Reset.cpp.o)
                0x0008177c                initiateReset
 .text.cancelReset
                0x00081788       0x10 C:\Users\uidv5371\AppData\Local\Temp\VMicroBuilds\Repeater\arduino_due_x/core.a(Reset.cpp.o)
                0x00081788                cancelReset
 .text.tickReset
                0x00081798       0x20 C:\Users\uidv5371\AppData\Local\Temp\VMicroBuilds\Repeater\arduino_due_x/core.a(Reset.cpp.o)
                0x00081798                tickReset
 .text._ZN10RingBufferC2Ev
                0x000817b8       0x1a C:\Users\uidv5371\AppData\Local\Temp\VMicroBuilds\Repeater\arduino_due_x/core.a(RingBuffer.cpp.o)
                0x000817b8                RingBuffer::RingBuffer()
                0x000817b8                RingBuffer::RingBuffer()
 .text._ZN10RingBuffer10store_charEh
                0x000817d2       0x1e C:\Users\uidv5371\AppData\Local\Temp\VMicroBuilds\Repeater\arduino_due_x/core.a(RingBuffer.cpp.o)
                0x000817d2                RingBuffer::store_char(unsigned char)
 .text._ZN9UARTClasscvbEv
                0x000817f0        0x4 C:\Users\uidv5371\AppData\Local\Temp\VMicroBuilds\Repeater\arduino_due_x/core.a(UARTClass.cpp.o)
                0x000817f0                UARTClass::operator bool()
 .text._ZN9UARTClass9availableEv
                0x000817f4       0x12 C:\Users\uidv5371\AppData\Local\Temp\VMicroBuilds\Repeater\arduino_due_x/core.a(UARTClass.cpp.o)
                0x000817f4                UARTClass::available()
 .text._ZN9UARTClass4peekEv
                0x00081806       0x1c C:\Users\uidv5371\AppData\Local\Temp\VMicroBuilds\Repeater\arduino_due_x/core.a(UARTClass.cpp.o)
                0x00081806                UARTClass::peek()
 .text._ZN9UARTClass4readEv
                0x00081822       0x2a C:\Users\uidv5371\AppData\Local\Temp\VMicroBuilds\Repeater\arduino_due_x/core.a(UARTClass.cpp.o)
                0x00081822                UARTClass::read()
 .text._ZN9UARTClass5flushEv
                0x0008184c       0x18 C:\Users\uidv5371\AppData\Local\Temp\VMicroBuilds\Repeater\arduino_due_x/core.a(UARTClass.cpp.o)
                0x0008184c                UARTClass::flush()
 .text._ZN9UARTClass5writeEh
                0x00081864       0x54 C:\Users\uidv5371\AppData\Local\Temp\VMicroBuilds\Repeater\arduino_due_x/core.a(UARTClass.cpp.o)
                0x00081864                UARTClass::write(unsigned char)
 .text._ZN9UARTClass3endEv
                0x000818b8       0x3c C:\Users\uidv5371\AppData\Local\Temp\VMicroBuilds\Repeater\arduino_due_x/core.a(UARTClass.cpp.o)
                0x000818b8                UARTClass::end()
 .text._ZN9UARTClassC2EP4Uart4IRQnmP10RingBufferS4_
                0x000818f4       0x24 C:\Users\uidv5371\AppData\Local\Temp\VMicroBuilds\Repeater\arduino_due_x/core.a(UARTClass.cpp.o)
                0x000818f4                UARTClass::UARTClass(Uart*, IRQn, unsigned long, RingBuffer*, RingBuffer*)
                0x000818f4                UARTClass::UARTClass(Uart*, IRQn, unsigned long, RingBuffer*, RingBuffer*)
 .text._ZN9UARTClass4initEmm
                0x00081918       0x70 C:\Users\uidv5371\AppData\Local\Temp\VMicroBuilds\Repeater\arduino_due_x/core.a(UARTClass.cpp.o)
                0x00081918                UARTClass::init(unsigned long, unsigned long)
 .text._ZN9UARTClass5beginEm
                0x00081988        0x8 C:\Users\uidv5371\AppData\Local\Temp\VMicroBuilds\Repeater\arduino_due_x/core.a(UARTClass.cpp.o)
                0x00081988                UARTClass::begin(unsigned long)
 .text._ZN9UARTClass10IrqHandlerEv
                0x00081990       0x5a C:\Users\uidv5371\AppData\Local\Temp\VMicroBuilds\Repeater\arduino_due_x/core.a(UARTClass.cpp.o)
                0x00081990                UARTClass::IrqHandler()
 .text._ZN10USARTClass5beginEm
                0x000819ea        0x8 C:\Users\uidv5371\AppData\Local\Temp\VMicroBuilds\Repeater\arduino_due_x/core.a(USARTClass.cpp.o)
                0x000819ea                USARTClass::begin(unsigned long)
 *fill*         0x000819f2        0x2 
 .text._ZN10USARTClassC2EP5Usart4IRQnmP10RingBufferS4_
                0x000819f4       0x24 C:\Users\uidv5371\AppData\Local\Temp\VMicroBuilds\Repeater\arduino_due_x/core.a(USARTClass.cpp.o)
                0x000819f4                USARTClass::USARTClass(Usart*, IRQn, unsigned long, RingBuffer*, RingBuffer*)
                0x000819f4                USARTClass::USARTClass(Usart*, IRQn, unsigned long, RingBuffer*, RingBuffer*)
 .text._watchdogDefaultSetup
                0x00081a18        0xc C:\Users\uidv5371\AppData\Local\Temp\VMicroBuilds\Repeater\arduino_due_x/core.a(watchdog.cpp.o)
                0x00081a18                _watchdogDefaultSetup
                0x00081a18                watchdogSetup()
 .text._ZN7Serial_9availableEv
                0x00081a24       0x18 C:\Users\uidv5371\AppData\Local\Temp\VMicroBuilds\Repeater\arduino_due_x/core.a(CDC.cpp.o)
                0x00081a24                Serial_::available()
 .text._ZN7Serial_4peekEv
                0x00081a3c       0x20 C:\Users\uidv5371\AppData\Local\Temp\VMicroBuilds\Repeater\arduino_due_x/core.a(CDC.cpp.o)
                0x00081a3c                Serial_::peek()
 .text._ZN7Serial_5writeEh
                0x00081a5c       0x16 C:\Users\uidv5371\AppData\Local\Temp\VMicroBuilds\Repeater\arduino_due_x/core.a(CDC.cpp.o)
                0x00081a5c                Serial_::write(unsigned char)
 *fill*         0x00081a72        0x2 
 .text._ZN7Serial_4readEv
                0x00081a74       0x44 C:\Users\uidv5371\AppData\Local\Temp\VMicroBuilds\Repeater\arduino_due_x/core.a(CDC.cpp.o)
                0x00081a74                Serial_::read()
 .text._ZN7Serial_5flushEv
                0x00081ab8        0x6 C:\Users\uidv5371\AppData\Local\Temp\VMicroBuilds\Repeater\arduino_due_x/core.a(CDC.cpp.o)
                0x00081ab8                Serial_::flush()
 *fill*         0x00081abe        0x2 
 .text._ZN7Serial_6acceptEv
                0x00081ac0       0x70 C:\Users\uidv5371\AppData\Local\Temp\VMicroBuilds\Repeater\arduino_due_x/core.a(CDC.cpp.o)
                0x00081ac0                Serial_::accept()
 .text._ZN7Serial_5writeEPKhj
                0x00081b30       0x2c C:\Users\uidv5371\AppData\Local\Temp\VMicroBuilds\Repeater\arduino_due_x/core.a(CDC.cpp.o)
                0x00081b30                Serial_::write(unsigned char const*, unsigned int)
 .text._Z16CDC_GetInterfacePh
                0x00081b5c       0x14 C:\Users\uidv5371\AppData\Local\Temp\VMicroBuilds\Repeater\arduino_due_x/core.a(CDC.cpp.o)
                0x00081b5c                CDC_GetInterface(unsigned char*)
 .text._Z21CDC_GetOtherInterfacePh
                0x00081b70       0x14 C:\Users\uidv5371\AppData\Local\Temp\VMicroBuilds\Repeater\arduino_due_x/core.a(CDC.cpp.o)
                0x00081b70                CDC_GetOtherInterface(unsigned char*)
 .text._Z9CDC_SetupR8USBSetup
                0x00081b84       0x78 C:\Users\uidv5371\AppData\Local\Temp\VMicroBuilds\Repeater\arduino_due_x/core.a(CDC.cpp.o)
                0x00081b84                CDC_Setup(USBSetup&)
 .text._ZN7Serial_5beginEm
                0x00081bfc        0x2 C:\Users\uidv5371\AppData\Local\Temp\VMicroBuilds\Repeater\arduino_due_x/core.a(CDC.cpp.o)
                0x00081bfc                Serial_::begin(unsigned long)
 *fill*         0x00081bfe        0x2 
 .text._ZN7Serial_cvbEv
                0x00081c00       0x28 C:\Users\uidv5371\AppData\Local\Temp\VMicroBuilds\Repeater\arduino_due_x/core.a(CDC.cpp.o)
                0x00081c00                Serial_::operator bool()
 .text.startup._GLOBAL__sub_I_cdc_rx_buffer
                0x00081c28       0x1c C:\Users\uidv5371\AppData\Local\Temp\VMicroBuilds\Repeater\arduino_due_x/core.a(CDC.cpp.o)
 .text.unlikely._ZL11USB_SendZlpv
                0x00081c44       0x20 C:\Users\uidv5371\AppData\Local\Temp\VMicroBuilds\Repeater\arduino_due_x/core.a(USBCore.cpp.o)
 .text._Z14USBD_Availablem
                0x00081c64       0x2c C:\Users\uidv5371\AppData\Local\Temp\VMicroBuilds\Repeater\arduino_due_x/core.a(USBCore.cpp.o)
                0x00081c64                USBD_Available(unsigned long)
 .text._Z9USBD_RecvmPvm
                0x00081c90       0x7c C:\Users\uidv5371\AppData\Local\Temp\VMicroBuilds\Repeater\arduino_due_x/core.a(USBCore.cpp.o)
                0x00081c90                USBD_Recv(unsigned long, void*, unsigned long)
 .text._Z9USBD_Recvm
                0x00081d0c       0x22 C:\Users\uidv5371\AppData\Local\Temp\VMicroBuilds\Repeater\arduino_due_x/core.a(USBCore.cpp.o)
                0x00081d0c                USBD_Recv(unsigned long)
 *fill*         0x00081d2e        0x2 
 .text._Z9USBD_SendmPKvm
                0x00081d30       0x4c C:\Users\uidv5371\AppData\Local\Temp\VMicroBuilds\Repeater\arduino_due_x/core.a(USBCore.cpp.o)
                0x00081d30                USBD_Send(unsigned long, void const*, unsigned long)
 .text._Z16USBD_SendControlhPKvm
                0x00081d7c       0x40 C:\Users\uidv5371\AppData\Local\Temp\VMicroBuilds\Repeater\arduino_due_x/core.a(USBCore.cpp.o)
                0x00081d7c                USBD_SendControl(unsigned char, void const*, unsigned long)
 .text.unlikely._ZL24USB_SendStringDescriptorPKhi
                0x00081dbc       0x64 C:\Users\uidv5371\AppData\Local\Temp\VMicroBuilds\Repeater\arduino_due_x/core.a(USBCore.cpp.o)
 .text._Z16USBD_RecvControlPvm
                0x00081e20       0x1c C:\Users\uidv5371\AppData\Local\Temp\VMicroBuilds\Repeater\arduino_due_x/core.a(USBCore.cpp.o)
                0x00081e20                USBD_RecvControl(void*, unsigned long)
 .text._Z26USBD_ClassInterfaceRequestR8USBSetup
                0x00081e3c       0x1e C:\Users\uidv5371\AppData\Local\Temp\VMicroBuilds\Repeater\arduino_due_x/core.a(USBCore.cpp.o)
                0x00081e3c                USBD_ClassInterfaceRequest(USBSetup&)
 .text._Z19USBD_SendInterfacesv
                0x00081e5a       0x22 C:\Users\uidv5371\AppData\Local\Temp\VMicroBuilds\Repeater\arduino_due_x/core.a(USBCore.cpp.o)
                0x00081e5a                USBD_SendInterfaces()
 .text._Z24USBD_SendOtherInterfacesv
                0x00081e7c       0x22 C:\Users\uidv5371\AppData\Local\Temp\VMicroBuilds\Repeater\arduino_due_x/core.a(USBCore.cpp.o)
                0x00081e7c                USBD_SendOtherInterfaces()
 .text._Z10USBD_Flushm
                0x00081e9e       0x16 C:\Users\uidv5371\AppData\Local\Temp\VMicroBuilds\Repeater\arduino_due_x/core.a(USBCore.cpp.o)
                0x00081e9e                USBD_Flush(unsigned long)
 .text._ZN10USBDevice_C2Ev
                0x00081eb4       0x24 C:\Users\uidv5371\AppData\Local\Temp\VMicroBuilds\Repeater\arduino_due_x/core.a(USBCore.cpp.o)
                0x00081eb4                USBDevice_::USBDevice_()
                0x00081eb4                USBDevice_::USBDevice_()
 .text._ZN10USBDevice_6attachEv
                0x00081ed8       0x20 C:\Users\uidv5371\AppData\Local\Temp\VMicroBuilds\Repeater\arduino_due_x/core.a(USBCore.cpp.o)
                0x00081ed8                USBDevice_::attach()
 .text._ZN10USBDevice_6detachEv
                0x00081ef8       0x14 C:\Users\uidv5371\AppData\Local\Temp\VMicroBuilds\Repeater\arduino_due_x/core.a(USBCore.cpp.o)
                0x00081ef8                USBDevice_::detach()
 .text.startup._GLOBAL__sub_I_EndPoints
                0x00081f0c        0xc C:\Users\uidv5371\AppData\Local\Temp\VMicroBuilds\Repeater\arduino_due_x/core.a(USBCore.cpp.o)
 .text._ZL7USB_ISRv
                0x00081f18      0x454 C:\Users\uidv5371\AppData\Local\Temp\VMicroBuilds\Repeater\arduino_due_x/core.a(USBCore.cpp.o)
 .text._ZN13PluggableUSB_12getInterfaceEPh
                0x0008236c       0x28 C:\Users\uidv5371\AppData\Local\Temp\VMicroBuilds\Repeater\arduino_due_x/core.a(PluggableUSB.cpp.o)
                0x0008236c                PluggableUSB_::getInterface(unsigned char*)
 .text._ZN13PluggableUSB_13getDescriptorER8USBSetup
                0x00082394       0x1c C:\Users\uidv5371\AppData\Local\Temp\VMicroBuilds\Repeater\arduino_due_x/core.a(PluggableUSB.cpp.o)
                0x00082394                PluggableUSB_::getDescriptor(USBSetup&)
 .text._ZN13PluggableUSB_12getShortNameEPc
                0x000823b0       0x1c C:\Users\uidv5371\AppData\Local\Temp\VMicroBuilds\Repeater\arduino_due_x/core.a(PluggableUSB.cpp.o)
                0x000823b0                PluggableUSB_::getShortName(char*)
 .text._ZN13PluggableUSB_5setupER8USBSetup
                0x000823cc       0x20 C:\Users\uidv5371\AppData\Local\Temp\VMicroBuilds\Repeater\arduino_due_x/core.a(PluggableUSB.cpp.o)
                0x000823cc                PluggableUSB_::setup(USBSetup&)
 .text._Z12PluggableUSBv
                0x000823ec       0x28 C:\Users\uidv5371\AppData\Local\Temp\VMicroBuilds\Repeater\arduino_due_x/core.a(PluggableUSB.cpp.o)
                0x000823ec                PluggableUSB()
 .text.TimeTick_Increment
                0x00082414       0x10 C:\Users\uidv5371\AppData\Local\arduino15\packages\arduino\hardware\sam\1.6.8\variants\arduino_due_x/libsam_sam3x8e_gcc_rel.a(timetick.o)
                0x00082414                TimeTick_Increment
 .text.GetTickCount
                0x00082424        0xc C:\Users\uidv5371\AppData\Local\arduino15\packages\arduino\hardware\sam\1.6.8\variants\arduino_due_x/libsam_sam3x8e_gcc_rel.a(timetick.o)
                0x00082424                GetTickCount
 .text.WDT_Disable
                0x00082430        0x8 C:\Users\uidv5371\AppData\Local\arduino15\packages\arduino\hardware\sam\1.6.8\variants\arduino_due_x/libsam_sam3x8e_gcc_rel.a(wdt.o)
                0x00082430                WDT_Disable
 .text.UDD_SetStack
                0x00082438        0xc C:\Users\uidv5371\AppData\Local\arduino15\packages\arduino\hardware\sam\1.6.8\variants\arduino_due_x/libsam_sam3x8e_gcc_rel.a(uotghs_device.o)
                0x00082438                UDD_SetStack
 .text.UDD_Init
                0x00082444       0xd0 C:\Users\uidv5371\AppData\Local\arduino15\packages\arduino\hardware\sam\1.6.8\variants\arduino_due_x/libsam_sam3x8e_gcc_rel.a(uotghs_device.o)
                0x00082444                UDD_Init
 .text.UDD_Attach
                0x00082514       0x50 C:\Users\uidv5371\AppData\Local\arduino15\packages\arduino\hardware\sam\1.6.8\variants\arduino_due_x/libsam_sam3x8e_gcc_rel.a(uotghs_device.o)
                0x00082514                UDD_Attach
 .text.UDD_Detach
                0x00082564       0x10 C:\Users\uidv5371\AppData\Local\arduino15\packages\arduino\hardware\sam\1.6.8\variants\arduino_due_x/libsam_sam3x8e_gcc_rel.a(uotghs_device.o)
                0x00082564                UDD_Detach
 .text.UDD_InitEP
                0x00082574       0x2c C:\Users\uidv5371\AppData\Local\arduino15\packages\arduino\hardware\sam\1.6.8\variants\arduino_due_x/libsam_sam3x8e_gcc_rel.a(uotghs_device.o)
                0x00082574                UDD_InitEP
 .text.UDD_InitEndpoints
                0x000825a0       0x3c C:\Users\uidv5371\AppData\Local\arduino15\packages\arduino\hardware\sam\1.6.8\variants\arduino_due_x/libsam_sam3x8e_gcc_rel.a(uotghs_device.o)
                0x000825a0                UDD_InitEndpoints
 .text.UDD_WaitIN
                0x000825dc       0x10 C:\Users\uidv5371\AppData\Local\arduino15\packages\arduino\hardware\sam\1.6.8\variants\arduino_due_x/libsam_sam3x8e_gcc_rel.a(uotghs_device.o)
                0x000825dc                UDD_WaitIN
 .text.UDD_WaitOUT
                0x000825ec       0x10 C:\Users\uidv5371\AppData\Local\arduino15\packages\arduino\hardware\sam\1.6.8\variants\arduino_due_x/libsam_sam3x8e_gcc_rel.a(uotghs_device.o)
                0x000825ec                UDD_WaitOUT
 .text.UDD_ClearIN
                0x000825fc       0x18 C:\Users\uidv5371\AppData\Local\arduino15\packages\arduino\hardware\sam\1.6.8\variants\arduino_due_x/libsam_sam3x8e_gcc_rel.a(uotghs_device.o)
                0x000825fc                UDD_ClearIN
 .text.UDD_ClearOUT
                0x00082614       0x18 C:\Users\uidv5371\AppData\Local\arduino15\packages\arduino\hardware\sam\1.6.8\variants\arduino_due_x/libsam_sam3x8e_gcc_rel.a(uotghs_device.o)
                0x00082614                UDD_ClearOUT
 .text.UDD_ReceivedSetupInt
                0x0008262c       0x10 C:\Users\uidv5371\AppData\Local\arduino15\packages\arduino\hardware\sam\1.6.8\variants\arduino_due_x/libsam_sam3x8e_gcc_rel.a(uotghs_device.o)
                0x0008262c                UDD_ReceivedSetupInt
 .text.UDD_ClearSetupInt
                0x0008263c       0x10 C:\Users\uidv5371\AppData\Local\arduino15\packages\arduino\hardware\sam\1.6.8\variants\arduino_due_x/libsam_sam3x8e_gcc_rel.a(uotghs_device.o)
                0x0008263c                UDD_ClearSetupInt
 .text.UDD_Send
                0x0008264c       0x88 C:\Users\uidv5371\AppData\Local\arduino15\packages\arduino\hardware\sam\1.6.8\variants\arduino_due_x/libsam_sam3x8e_gcc_rel.a(uotghs_device.o)
                0x0008264c                UDD_Send
 .text.UDD_Send8
                0x000826d4       0x24 C:\Users\uidv5371\AppData\Local\arduino15\packages\arduino\hardware\sam\1.6.8\variants\arduino_due_x/libsam_sam3x8e_gcc_rel.a(uotghs_device.o)
                0x000826d4                UDD_Send8
 .text.UDD_Recv8
                0x000826f8       0x28 C:\Users\uidv5371\AppData\Local\arduino15\packages\arduino\hardware\sam\1.6.8\variants\arduino_due_x/libsam_sam3x8e_gcc_rel.a(uotghs_device.o)
                0x000826f8                UDD_Recv8
 .text.UDD_Recv
                0x00082720       0x34 C:\Users\uidv5371\AppData\Local\arduino15\packages\arduino\hardware\sam\1.6.8\variants\arduino_due_x/libsam_sam3x8e_gcc_rel.a(uotghs_device.o)
                0x00082720                UDD_Recv
 .text.UDD_Stall
                0x00082754       0x14 C:\Users\uidv5371\AppData\Local\arduino15\packages\arduino\hardware\sam\1.6.8\variants\arduino_due_x/libsam_sam3x8e_gcc_rel.a(uotghs_device.o)
                0x00082754                UDD_Stall
 .text.UDD_FifoByteCount
                0x00082768       0x14 C:\Users\uidv5371\AppData\Local\arduino15\packages\arduino\hardware\sam\1.6.8\variants\arduino_due_x/libsam_sam3x8e_gcc_rel.a(uotghs_device.o)
                0x00082768                UDD_FifoByteCount
 .text.UDD_ReleaseRX
                0x0008277c       0x28 C:\Users\uidv5371\AppData\Local\arduino15\packages\arduino\hardware\sam\1.6.8\variants\arduino_due_x/libsam_sam3x8e_gcc_rel.a(uotghs_device.o)
                0x0008277c                UDD_ReleaseRX
 .text.UDD_ReleaseTX
                0x000827a4       0x28 C:\Users\uidv5371\AppData\Local\arduino15\packages\arduino\hardware\sam\1.6.8\variants\arduino_due_x/libsam_sam3x8e_gcc_rel.a(uotghs_device.o)
                0x000827a4                UDD_ReleaseTX
 .text.UDD_SetAddress
                0x000827cc       0x20 C:\Users\uidv5371\AppData\Local\arduino15\packages\arduino\hardware\sam\1.6.8\variants\arduino_due_x/libsam_sam3x8e_gcc_rel.a(uotghs_device.o)
                0x000827cc                UDD_SetAddress
 .text.__libc_init_array
                0x000827ec       0x50 c:/users/uidv5371/appdata/local/arduino15/packages/arduino/tools/arm-none-eabi-gcc/4.8.3-2014q1/bin/../lib/gcc/arm-none-eabi/4.8.3/../../../../arm-none-eabi/lib/armv7-m\libg.a(lib_a-init.o)
                0x000827ec                __libc_init_array
 .text.iprintf  0x0008283c       0x28 c:/users/uidv5371/appdata/local/arduino15/packages/arduino/tools/arm-none-eabi-gcc/4.8.3-2014q1/bin/../lib/gcc/arm-none-eabi/4.8.3/../../../../arm-none-eabi/lib/armv7-m\libg.a(lib_a-iprintf.o)
                0x0008283c                iprintf
 .text.memset   0x00082864       0x94 c:/users/uidv5371/appdata/local/arduino15/packages/arduino/tools/arm-none-eabi-gcc/4.8.3-2014q1/bin/../lib/gcc/arm-none-eabi/4.8.3/../../../../arm-none-eabi/lib/armv7-m\libg.a(lib_a-memset.o)
                0x00082864                memset
 .text.strlen   0x000828f8       0x60 c:/users/uidv5371/appdata/local/arduino15/packages/arduino/tools/arm-none-eabi-gcc/4.8.3-2014q1/bin/../lib/gcc/arm-none-eabi/4.8.3/../../../../arm-none-eabi/lib/armv7-m\libg.a(lib_a-strlen.o)
                0x000828f8                strlen
 .text.kill     0x00082958       0x10 c:/users/uidv5371/appdata/local/arduino15/packages/arduino/tools/arm-none-eabi-gcc/4.8.3-2014q1/bin/../lib/gcc/arm-none-eabi/4.8.3/../../../../arm-none-eabi/lib/armv7-m\libg.a(lib_a-syskill.o)
                0x00082958                kill
 .text.__sprint_r.part.0
                0x00082968       0x78 c:/users/uidv5371/appdata/local/arduino15/packages/arduino/tools/arm-none-eabi-gcc/4.8.3-2014q1/bin/../lib/gcc/arm-none-eabi/4.8.3/../../../../arm-none-eabi/lib/armv7-m\libg.a(lib_a-vfiprintf.o)
 .text._vfiprintf_r
                0x000829e0      0xc54 c:/users/uidv5371/appdata/local/arduino15/packages/arduino/tools/arm-none-eabi-gcc/4.8.3-2014q1/bin/../lib/gcc/arm-none-eabi/4.8.3/../../../../arm-none-eabi/lib/armv7-m\libg.a(lib_a-vfiprintf.o)
                0x000829e0                _vfiprintf_r
 .text.__sbprintf
                0x00083634       0x7c c:/users/uidv5371/appdata/local/arduino15/packages/arduino/tools/arm-none-eabi-gcc/4.8.3-2014q1/bin/../lib/gcc/arm-none-eabi/4.8.3/../../../../arm-none-eabi/lib/armv7-m\libg.a(lib_a-vfiprintf.o)
 .text.__swsetup_r
                0x000836b0       0xc4 c:/users/uidv5371/appdata/local/arduino15/packages/arduino/tools/arm-none-eabi-gcc/4.8.3-2014q1/bin/../lib/gcc/arm-none-eabi/4.8.3/../../../../arm-none-eabi/lib/armv7-m\libg.a(lib_a-wsetup.o)
                0x000836b0                __swsetup_r
 .text.startup.register_fini
                0x00083774       0x14 c:/users/uidv5371/appdata/local/arduino15/packages/arduino/tools/arm-none-eabi-gcc/4.8.3-2014q1/bin/../lib/gcc/arm-none-eabi/4.8.3/../../../../arm-none-eabi/lib/armv7-m\libg.a(lib_a-__call_atexit.o)
 .text.atexit   0x00083788        0xc c:/users/uidv5371/appdata/local/arduino15/packages/arduino/tools/arm-none-eabi-gcc/4.8.3-2014q1/bin/../lib/gcc/arm-none-eabi/4.8.3/../../../../arm-none-eabi/lib/armv7-m\libg.a(lib_a-atexit.o)
                0x00083788                atexit
 .text.__sflush_r
                0x00083794      0x148 c:/users/uidv5371/appdata/local/arduino15/packages/arduino/tools/arm-none-eabi-gcc/4.8.3-2014q1/bin/../lib/gcc/arm-none-eabi/4.8.3/../../../../arm-none-eabi/lib/armv7-m\libg.a(lib_a-fflush.o)
                0x00083794                __sflush_r
 .text._fflush_r
                0x000838dc       0x2c c:/users/uidv5371/appdata/local/arduino15/packages/arduino/tools/arm-none-eabi-gcc/4.8.3-2014q1/bin/../lib/gcc/arm-none-eabi/4.8.3/../../../../arm-none-eabi/lib/armv7-m\libg.a(lib_a-fflush.o)
                0x000838dc                _fflush_r
 .text._cleanup_r
                0x00083908        0xc c:/users/uidv5371/appdata/local/arduino15/packages/arduino/tools/arm-none-eabi-gcc/4.8.3-2014q1/bin/../lib/gcc/arm-none-eabi/4.8.3/../../../../arm-none-eabi/lib/armv7-m\libg.a(lib_a-findfp.o)
                0x00083908                _cleanup_r
 .text.__sinit  0x00083914       0xf4 c:/users/uidv5371/appdata/local/arduino15/packages/arduino/tools/arm-none-eabi-gcc/4.8.3-2014q1/bin/../lib/gcc/arm-none-eabi/4.8.3/../../../../arm-none-eabi/lib/armv7-m\libg.a(lib_a-findfp.o)
                0x00083914                __sinit
 .text.__sfp_lock_acquire
                0x00083a08        0x4 c:/users/uidv5371/appdata/local/arduino15/packages/arduino/tools/arm-none-eabi-gcc/4.8.3-2014q1/bin/../lib/gcc/arm-none-eabi/4.8.3/../../../../arm-none-eabi/lib/armv7-m\libg.a(lib_a-findfp.o)
                0x00083a08                __sfp_lock_acquire
 .text.__sfp_lock_release
                0x00083a0c        0x4 c:/users/uidv5371/appdata/local/arduino15/packages/arduino/tools/arm-none-eabi-gcc/4.8.3-2014q1/bin/../lib/gcc/arm-none-eabi/4.8.3/../../../../arm-none-eabi/lib/armv7-m\libg.a(lib_a-findfp.o)
                0x00083a0c                __sfp_lock_release
 .text.__libc_fini_array
                0x00083a10       0x30 c:/users/uidv5371/appdata/local/arduino15/packages/arduino/tools/arm-none-eabi-gcc/4.8.3-2014q1/bin/../lib/gcc/arm-none-eabi/4.8.3/../../../../arm-none-eabi/lib/armv7-m\libg.a(lib_a-fini.o)
                0x00083a10                __libc_fini_array
 .text._fputwc_r
                0x00083a40       0xc0 c:/users/uidv5371/appdata/local/arduino15/packages/arduino/tools/arm-none-eabi-gcc/4.8.3-2014q1/bin/../lib/gcc/arm-none-eabi/4.8.3/../../../../arm-none-eabi/lib/armv7-m\libg.a(lib_a-fputwc.o)
                0x00083a40                _fputwc_r
 .text._malloc_trim_r
                0x00083b00       0x9c c:/users/uidv5371/appdata/local/arduino15/packages/arduino/tools/arm-none-eabi-gcc/4.8.3-2014q1/bin/../lib/gcc/arm-none-eabi/4.8.3/../../../../arm-none-eabi/lib/armv7-m\libg.a(lib_a-freer.o)
                0x00083b00                _malloc_trim_r
 .text._free_r  0x00083b9c      0x198 c:/users/uidv5371/appdata/local/arduino15/packages/arduino/tools/arm-none-eabi-gcc/4.8.3-2014q1/bin/../lib/gcc/arm-none-eabi/4.8.3/../../../../arm-none-eabi/lib/armv7-m\libg.a(lib_a-freer.o)
                0x00083b9c                _free_r
 .text.__sfvwrite_r
                0x00083d34      0x314 c:/users/uidv5371/appdata/local/arduino15/packages/arduino/tools/arm-none-eabi-gcc/4.8.3-2014q1/bin/../lib/gcc/arm-none-eabi/4.8.3/../../../../arm-none-eabi/lib/armv7-m\libg.a(lib_a-fvwrite.o)
                0x00083d34                __sfvwrite_r
 .text._fwalk   0x00084048       0x48 c:/users/uidv5371/appdata/local/arduino15/packages/arduino/tools/arm-none-eabi-gcc/4.8.3-2014q1/bin/../lib/gcc/arm-none-eabi/4.8.3/../../../../arm-none-eabi/lib/armv7-m\libg.a(lib_a-fwalk.o)
                0x00084048                _fwalk
 .text.__locale_charset
                0x00084090        0x8 c:/users/uidv5371/appdata/local/arduino15/packages/arduino/tools/arm-none-eabi-gcc/4.8.3-2014q1/bin/../lib/gcc/arm-none-eabi/4.8.3/../../../../arm-none-eabi/lib/armv7-m\libg.a(lib_a-locale.o)
                0x00084090                __locale_charset
 .text.__locale_mb_cur_max
                0x00084098        0xc c:/users/uidv5371/appdata/local/arduino15/packages/arduino/tools/arm-none-eabi-gcc/4.8.3-2014q1/bin/../lib/gcc/arm-none-eabi/4.8.3/../../../../arm-none-eabi/lib/armv7-m\libg.a(lib_a-locale.o)
                0x00084098                __locale_mb_cur_max
 .text.__smakebuf_r
                0x000840a4       0xe0 c:/users/uidv5371/appdata/local/arduino15/packages/arduino/tools/arm-none-eabi-gcc/4.8.3-2014q1/bin/../lib/gcc/arm-none-eabi/4.8.3/../../../../arm-none-eabi/lib/armv7-m\libg.a(lib_a-makebuf.o)
                0x000840a4                __smakebuf_r
 .text._malloc_r
                0x00084184      0x538 c:/users/uidv5371/appdata/local/arduino15/packages/arduino/tools/arm-none-eabi-gcc/4.8.3-2014q1/bin/../lib/gcc/arm-none-eabi/4.8.3/../../../../arm-none-eabi/lib/armv7-m\libg.a(lib_a-mallocr.o)
                0x00084184                _malloc_r
 .text.memchr   0x000846bc       0x94 c:/users/uidv5371/appdata/local/arduino15/packages/arduino/tools/arm-none-eabi-gcc/4.8.3-2014q1/bin/../lib/gcc/arm-none-eabi/4.8.3/../../../../arm-none-eabi/lib/armv7-m\libg.a(lib_a-memchr-stub.o)
                0x000846bc                memchr
 .text          0x00084750       0xec c:/users/uidv5371/appdata/local/arduino15/packages/arduino/tools/arm-none-eabi-gcc/4.8.3-2014q1/bin/../lib/gcc/arm-none-eabi/4.8.3/../../../../arm-none-eabi/lib/armv7-m\libg.a(lib_a-memcpy.o)
                0x00084750                memcpy
 .text.memmove  0x0008483c       0xcc c:/users/uidv5371/appdata/local/arduino15/packages/arduino/tools/arm-none-eabi-gcc/4.8.3-2014q1/bin/../lib/gcc/arm-none-eabi/4.8.3/../../../../arm-none-eabi/lib/armv7-m\libg.a(lib_a-memmove.o)
                0x0008483c                memmove
 .text.__malloc_lock
                0x00084908        0x4 c:/users/uidv5371/appdata/local/arduino15/packages/arduino/tools/arm-none-eabi-gcc/4.8.3-2014q1/bin/../lib/gcc/arm-none-eabi/4.8.3/../../../../arm-none-eabi/lib/armv7-m\libg.a(lib_a-mlock.o)
                0x00084908                __malloc_lock
 .text.__malloc_unlock
                0x0008490c        0x4 c:/users/uidv5371/appdata/local/arduino15/packages/arduino/tools/arm-none-eabi-gcc/4.8.3-2014q1/bin/../lib/gcc/arm-none-eabi/4.8.3/../../../../arm-none-eabi/lib/armv7-m\libg.a(lib_a-mlock.o)
                0x0008490c                __malloc_unlock
 .text._realloc_r
                0x00084910      0x3c0 c:/users/uidv5371/appdata/local/arduino15/packages/arduino/tools/arm-none-eabi-gcc/4.8.3-2014q1/bin/../lib/gcc/arm-none-eabi/4.8.3/../../../../arm-none-eabi/lib/armv7-m\libg.a(lib_a-reallocr.o)
                0x00084910                _realloc_r
 .text._sbrk_r  0x00084cd0       0x24 c:/users/uidv5371/appdata/local/arduino15/packages/arduino/tools/arm-none-eabi-gcc/4.8.3-2014q1/bin/../lib/gcc/arm-none-eabi/4.8.3/../../../../arm-none-eabi/lib/armv7-m\libg.a(lib_a-sbrkr.o)
                0x00084cd0                _sbrk_r
 .text._kill_r  0x00084cf4       0x28 c:/users/uidv5371/appdata/local/arduino15/packages/arduino/tools/arm-none-eabi-gcc/4.8.3-2014q1/bin/../lib/gcc/arm-none-eabi/4.8.3/../../../../arm-none-eabi/lib/armv7-m\libg.a(lib_a-signalr.o)
                0x00084cf4                _kill_r
 .text.__sread  0x00084d1c       0x24 c:/users/uidv5371/appdata/local/arduino15/packages/arduino/tools/arm-none-eabi-gcc/4.8.3-2014q1/bin/../lib/gcc/arm-none-eabi/4.8.3/../../../../arm-none-eabi/lib/armv7-m\libg.a(lib_a-stdio.o)
                0x00084d1c                __sread
 .text.__swrite
                0x00084d40       0x38 c:/users/uidv5371/appdata/local/arduino15/packages/arduino/tools/arm-none-eabi-gcc/4.8.3-2014q1/bin/../lib/gcc/arm-none-eabi/4.8.3/../../../../arm-none-eabi/lib/armv7-m\libg.a(lib_a-stdio.o)
                0x00084d40                __swrite
 .text.__sseek  0x00084d78       0x20 c:/users/uidv5371/appdata/local/arduino15/packages/arduino/tools/arm-none-eabi-gcc/4.8.3-2014q1/bin/../lib/gcc/arm-none-eabi/4.8.3/../../../../arm-none-eabi/lib/armv7-m\libg.a(lib_a-stdio.o)
                0x00084d78                __sseek
 .text.__sclose
                0x00084d98        0x8 c:/users/uidv5371/appdata/local/arduino15/packages/arduino/tools/arm-none-eabi-gcc/4.8.3-2014q1/bin/../lib/gcc/arm-none-eabi/4.8.3/../../../../arm-none-eabi/lib/armv7-m\libg.a(lib_a-stdio.o)
                0x00084d98                __sclose
 .text.__swbuf_r
                0x00084da0       0xa8 c:/users/uidv5371/appdata/local/arduino15/packages/arduino/tools/arm-none-eabi-gcc/4.8.3-2014q1/bin/../lib/gcc/arm-none-eabi/4.8.3/../../../../arm-none-eabi/lib/armv7-m\libg.a(lib_a-wbuf.o)
                0x00084da0                __swbuf_r
 .text._wcrtomb_r
                0x00084e48       0x50 c:/users/uidv5371/appdata/local/arduino15/packages/arduino/tools/arm-none-eabi-gcc/4.8.3-2014q1/bin/../lib/gcc/arm-none-eabi/4.8.3/../../../../arm-none-eabi/lib/armv7-m\libg.a(lib_a-wcrtomb.o)
                0x00084e48                _wcrtomb_r
 .text.__ascii_wctomb
                0x00084e98       0x1c c:/users/uidv5371/appdata/local/arduino15/packages/arduino/tools/arm-none-eabi-gcc/4.8.3-2014q1/bin/../lib/gcc/arm-none-eabi/4.8.3/../../../../arm-none-eabi/lib/armv7-m\libg.a(lib_a-wctomb_r.o)
                0x00084e98                __ascii_wctomb
 .text._write_r
                0x00084eb4       0x28 c:/users/uidv5371/appdata/local/arduino15/packages/arduino/tools/arm-none-eabi-gcc/4.8.3-2014q1/bin/../lib/gcc/arm-none-eabi/4.8.3/../../../../arm-none-eabi/lib/armv7-m\libg.a(lib_a-writer.o)
                0x00084eb4                _write_r
 .text.__register_exitproc
                0x00084edc       0xa8 c:/users/uidv5371/appdata/local/arduino15/packages/arduino/tools/arm-none-eabi-gcc/4.8.3-2014q1/bin/../lib/gcc/arm-none-eabi/4.8.3/../../../../arm-none-eabi/lib/armv7-m\libg.a(lib_a-__atexit.o)
                0x00084edc                __register_exitproc
 .text._close_r
                0x00084f84       0x24 c:/users/uidv5371/appdata/local/arduino15/packages/arduino/tools/arm-none-eabi-gcc/4.8.3-2014q1/bin/../lib/gcc/arm-none-eabi/4.8.3/../../../../arm-none-eabi/lib/armv7-m\libg.a(lib_a-closer.o)
                0x00084f84                _close_r
 .text._fclose_r
                0x00084fa8       0x80 c:/users/uidv5371/appdata/local/arduino15/packages/arduino/tools/arm-none-eabi-gcc/4.8.3-2014q1/bin/../lib/gcc/arm-none-eabi/4.8.3/../../../../arm-none-eabi/lib/armv7-m\libg.a(lib_a-fclose.o)
                0x00084fa8                _fclose_r
 .text.fclose   0x00085028       0x10 c:/users/uidv5371/appdata/local/arduino15/packages/arduino/tools/arm-none-eabi-gcc/4.8.3-2014q1/bin/../lib/gcc/arm-none-eabi/4.8.3/../../../../arm-none-eabi/lib/armv7-m\libg.a(lib_a-fclose.o)
                0x00085028                fclose
 .text._fstat_r
                0x00085038       0x28 c:/users/uidv5371/appdata/local/arduino15/packages/arduino/tools/arm-none-eabi-gcc/4.8.3-2014q1/bin/../lib/gcc/arm-none-eabi/4.8.3/../../../../arm-none-eabi/lib/armv7-m\libg.a(lib_a-fstatr.o)
                0x00085038                _fstat_r
 .text._isatty_r
                0x00085060       0x24 c:/users/uidv5371/appdata/local/arduino15/packages/arduino/tools/arm-none-eabi-gcc/4.8.3-2014q1/bin/../lib/gcc/arm-none-eabi/4.8.3/../../../../arm-none-eabi/lib/armv7-m\libg.a(lib_a-isattyr.o)
                0x00085060                _isatty_r
 .text._lseek_r
                0x00085084       0x28 c:/users/uidv5371/appdata/local/arduino15/packages/arduino/tools/arm-none-eabi-gcc/4.8.3-2014q1/bin/../lib/gcc/arm-none-eabi/4.8.3/../../../../arm-none-eabi/lib/armv7-m\libg.a(lib_a-lseekr.o)
                0x00085084                _lseek_r
 .text._read_r  0x000850ac       0x28 c:/users/uidv5371/appdata/local/arduino15/packages/arduino/tools/arm-none-eabi-gcc/4.8.3-2014q1/bin/../lib/gcc/arm-none-eabi/4.8.3/../../../../arm-none-eabi/lib/armv7-m\libg.a(lib_a-readr.o)
                0x000850ac                _read_r
 .text          0x000850d4       0x2c c:/users/uidv5371/appdata/local/arduino15/packages/arduino/tools/arm-none-eabi-gcc/4.8.3-2014q1/bin/../lib/gcc/arm-none-eabi/4.8.3/armv7-m\libgcc.a(_aeabi_uldivmod.o)
                0x000850d4                __aeabi_uldivmod
 .text          0x00085100       0x60 c:/users/uidv5371/appdata/local/arduino15/packages/arduino/tools/arm-none-eabi-gcc/4.8.3-2014q1/bin/../lib/gcc/arm-none-eabi/4.8.3/armv7-m\libgcc.a(bpabi.o)
                0x00085100                __gnu_ldivmod_helper
                0x00085130                __gnu_uldivmod_helper
 .text          0x00085160        0x4 c:/users/uidv5371/appdata/local/arduino15/packages/arduino/tools/arm-none-eabi-gcc/4.8.3-2014q1/bin/../lib/gcc/arm-none-eabi/4.8.3/armv7-m\libgcc.a(_dvmd_tls.o)
                0x00085160                __aeabi_idiv0
                0x00085160                __aeabi_ldiv0
 .text          0x00085164      0x2a0 c:/users/uidv5371/appdata/local/arduino15/packages/arduino/tools/arm-none-eabi-gcc/4.8.3-2014q1/bin/../lib/gcc/arm-none-eabi/4.8.3/armv7-m\libgcc.a(_divdi3.o)
                0x00085164                __divdi3
 .text          0x00085404      0x290 c:/users/uidv5371/appdata/local/arduino15/packages/arduino/tools/arm-none-eabi-gcc/4.8.3-2014q1/bin/../lib/gcc/arm-none-eabi/4.8.3/armv7-m\libgcc.a(_udivdi3.o)
                0x00085404                __udivdi3
 *(.glue_7t)
 .glue_7t       0x00000000        0x0 linker stubs
 *(.glue_7)
 .glue_7        0x00000000        0x0 linker stubs
 *(.rodata .rodata* .gnu.linkonce.r.*)
 .rodata.str1.1
                0x00085694       0x12 C:\Users\uidv5371\AppData\Local\Temp\VMicroBuilds\Repeater\arduino_due_x\Repeater.cpp.o
 .rodata._ZL12can_bit_time
                0x000856a6       0x6c C:\Users\uidv5371\AppData\Local\Temp\VMicroBuilds\Repeater\arduino_due_x\CAN\due_can.cpp.o
 .rodata.CSWTCH.102
                0x00085712        0x8 C:\Users\uidv5371\AppData\Local\Temp\VMicroBuilds\Repeater\arduino_due_x\CAN\due_can.cpp.o
 .rodata.str1.1
                0x0008571a        0xe C:\Users\uidv5371\AppData\Local\Temp\VMicroBuilds\Repeater\arduino_due_x\CAN\due_can.cpp.o
 .rodata.g_APinDescription
                0x00085728      0xa9c C:\Users\uidv5371\AppData\Local\Temp\VMicroBuilds\Repeater\arduino_due_x\variant\variant.cpp.o
                0x00085728                g_APinDescription
 .rodata        0x000861c4       0x40 C:\Users\uidv5371\AppData\Local\arduino15\packages\arduino\hardware\sam\1.6.8\variants\arduino_due_x/libsam_sam3x8e_gcc_rel.a(adc.o)
 .rodata.str1.1
                0x00086204       0x19 C:\Users\uidv5371\AppData\Local\Temp\VMicroBuilds\Repeater\arduino_due_x/core.a(syscalls_sam3.c.o)
 .rodata.str1.1
                0x0008621d        0xe C:\Users\uidv5371\AppData\Local\Temp\VMicroBuilds\Repeater\arduino_due_x/core.a(Print.cpp.o)
                                 0x11 (size before relaxing)
 *fill*         0x0008622b        0x5 
 .rodata._ZTV9UARTClass
                0x00086230       0x30 C:\Users\uidv5371\AppData\Local\Temp\VMicroBuilds\Repeater\arduino_due_x/core.a(UARTClass.cpp.o)
                0x00086230                vtable for UARTClass
 .rodata._ZTV10USARTClass
                0x00086260       0x30 C:\Users\uidv5371\AppData\Local\Temp\VMicroBuilds\Repeater\arduino_due_x/core.a(USARTClass.cpp.o)
                0x00086260                vtable for USARTClass
 .rodata._ZTV7Serial_
                0x00086290       0x28 C:\Users\uidv5371\AppData\Local\Temp\VMicroBuilds\Repeater\arduino_due_x/core.a(CDC.cpp.o)
                0x00086290                vtable for Serial_
 .rodata._ZL18_cdcOtherInterface
                0x000862b8       0x42 C:\Users\uidv5371\AppData\Local\Temp\VMicroBuilds\Repeater\arduino_due_x/core.a(CDC.cpp.o)
 .rodata._ZL13_cdcInterface
                0x000862fa       0x42 C:\Users\uidv5371\AppData\Local\Temp\VMicroBuilds\Repeater\arduino_due_x/core.a(CDC.cpp.o)
 .rodata.STRING_PRODUCT
                0x0008633c        0xc C:\Users\uidv5371\AppData\Local\Temp\VMicroBuilds\Repeater\arduino_due_x/core.a(USBCore.cpp.o)
                0x0008633c                STRING_PRODUCT
 .rodata.USB_DeviceDescriptor
                0x00086348       0x12 C:\Users\uidv5371\AppData\Local\Temp\VMicroBuilds\Repeater\arduino_due_x/core.a(USBCore.cpp.o)
                0x00086348                USB_DeviceDescriptor
 .rodata.STRING_LANGUAGE
                0x0008635a        0x4 C:\Users\uidv5371\AppData\Local\Temp\VMicroBuilds\Repeater\arduino_due_x/core.a(USBCore.cpp.o)
                0x0008635a                STRING_LANGUAGE
 .rodata._ZL18test_packet_buffer
                0x0008635e       0x35 C:\Users\uidv5371\AppData\Local\Temp\VMicroBuilds\Repeater\arduino_due_x/core.a(USBCore.cpp.o)
 .rodata.STRING_MANUFACTURER
                0x00086393        0xc C:\Users\uidv5371\AppData\Local\Temp\VMicroBuilds\Repeater\arduino_due_x/core.a(USBCore.cpp.o)
                0x00086393                STRING_MANUFACTURER
 .rodata.USB_DeviceDescriptorA
                0x0008639f       0x12 C:\Users\uidv5371\AppData\Local\Temp\VMicroBuilds\Repeater\arduino_due_x/core.a(USBCore.cpp.o)
                0x0008639f                USB_DeviceDescriptorA
 .rodata._ZL19USB_DeviceQualifier
                0x000863b1        0x9 C:\Users\uidv5371\AppData\Local\Temp\VMicroBuilds\Repeater\arduino_due_x/core.a(USBCore.cpp.o)
 *fill*         0x000863ba        0x2 
 .rodata.str1.4
                0x000863bc        0x2 c:/users/uidv5371/appdata/local/arduino15/packages/arduino/tools/arm-none-eabi-gcc/4.8.3-2014q1/bin/../lib/gcc/arm-none-eabi/4.8.3/../../../../arm-none-eabi/lib/armv7-m\libg.a(lib_a-impure.o)
                                  0x4 (size before relaxing)
 *fill*         0x000863be        0x2 
 .rodata._global_impure_ptr
                0x000863c0        0x4 c:/users/uidv5371/appdata/local/arduino15/packages/arduino/tools/arm-none-eabi-gcc/4.8.3-2014q1/bin/../lib/gcc/arm-none-eabi/4.8.3/../../../../arm-none-eabi/lib/armv7-m\libg.a(lib_a-impure.o)
                0x000863c0                _global_impure_ptr
 .rodata.blanks.6717
                0x000863c4       0x10 c:/users/uidv5371/appdata/local/arduino15/packages/arduino/tools/arm-none-eabi-gcc/4.8.3-2014q1/bin/../lib/gcc/arm-none-eabi/4.8.3/../../../../arm-none-eabi/lib/armv7-m\libg.a(lib_a-vfiprintf.o)
 .rodata.str1.4
                0x000863d4       0x30 c:/users/uidv5371/appdata/local/arduino15/packages/arduino/tools/arm-none-eabi-gcc/4.8.3-2014q1/bin/../lib/gcc/arm-none-eabi/4.8.3/../../../../arm-none-eabi/lib/armv7-m\libg.a(lib_a-vfiprintf.o)
 .rodata.zeroes.6718
                0x00086404       0x10 c:/users/uidv5371/appdata/local/arduino15/packages/arduino/tools/arm-none-eabi-gcc/4.8.3-2014q1/bin/../lib/gcc/arm-none-eabi/4.8.3/../../../../arm-none-eabi/lib/armv7-m\libg.a(lib_a-vfiprintf.o)
 *(.ARM.extab* .gnu.linkonce.armextab.*)
                0x00086414                . = ALIGN (0x4)
 *(.init)
 .init          0x00086414        0x4 c:/users/uidv5371/appdata/local/arduino15/packages/arduino/tools/arm-none-eabi-gcc/4.8.3-2014q1/bin/../lib/gcc/arm-none-eabi/4.8.3/armv7-m/crti.o
                0x00086414                _init
 .init          0x00086418        0x8 c:/users/uidv5371/appdata/local/arduino15/packages/arduino/tools/arm-none-eabi-gcc/4.8.3-2014q1/bin/../lib/gcc/arm-none-eabi/4.8.3/armv7-m/crtn.o
                0x00086420                . = ALIGN (0x4)
                0x00086420                __preinit_array_start = .
 *(.preinit_array)
                0x00086420                __preinit_array_end = .
                0x00086420                . = ALIGN (0x4)
                0x00086420                __init_array_start = .
 *(SORT(.init_array.*))
 .init_array.00000
                0x00086420        0x4 c:/users/uidv5371/appdata/local/arduino15/packages/arduino/tools/arm-none-eabi-gcc/4.8.3-2014q1/bin/../lib/gcc/arm-none-eabi/4.8.3/../../../../arm-none-eabi/lib/armv7-m\libg.a(lib_a-__call_atexit.o)
 *(.init_array)
 .init_array    0x00086424        0x4 c:/users/uidv5371/appdata/local/arduino15/packages/arduino/tools/arm-none-eabi-gcc/4.8.3-2014q1/bin/../lib/gcc/arm-none-eabi/4.8.3/armv7-m/crtbegin.o
 .init_array    0x00086428        0x4 C:\Users\uidv5371\AppData\Local\Temp\VMicroBuilds\Repeater\arduino_due_x\CAN\due_can.cpp.o
 .init_array    0x0008642c        0x4 C:\Users\uidv5371\AppData\Local\Temp\VMicroBuilds\Repeater\arduino_due_x\variant\variant.cpp.o
 .init_array    0x00086430        0x4 C:\Users\uidv5371\AppData\Local\Temp\VMicroBuilds\Repeater\arduino_due_x/core.a(CDC.cpp.o)
 .init_array    0x00086434        0x4 C:\Users\uidv5371\AppData\Local\Temp\VMicroBuilds\Repeater\arduino_due_x/core.a(USBCore.cpp.o)
                0x00086438                __init_array_end = .
                0x00086438                . = ALIGN (0x4)
 *crtbegin.o(.ctors)
 *(EXCLUDE_FILE(*crtend.o) .ctors)
 *(SORT(.ctors.*))
 *crtend.o(.ctors)
                0x00086438                . = ALIGN (0x4)
 *(.fini)
 .fini          0x00086438        0x4 c:/users/uidv5371/appdata/local/arduino15/packages/arduino/tools/arm-none-eabi-gcc/4.8.3-2014q1/bin/../lib/gcc/arm-none-eabi/4.8.3/armv7-m/crti.o
                0x00086438                _fini
 .fini          0x0008643c        0x8 c:/users/uidv5371/appdata/local/arduino15/packages/arduino/tools/arm-none-eabi-gcc/4.8.3-2014q1/bin/../lib/gcc/arm-none-eabi/4.8.3/armv7-m/crtn.o
                0x00086444                . = ALIGN (0x4)
                0x00086444                __fini_array_start = .
 *(.fini_array)
 .fini_array    0x00086444        0x4 c:/users/uidv5371/appdata/local/arduino15/packages/arduino/tools/arm-none-eabi-gcc/4.8.3-2014q1/bin/../lib/gcc/arm-none-eabi/4.8.3/armv7-m/crtbegin.o
 *(SORT(.fini_array.*))
                0x00086448                __fini_array_end = .
 *crtbegin.o(.dtors)
 *(EXCLUDE_FILE(*crtend.o) .dtors)
 *(SORT(.dtors.*))
 *crtend.o(.dtors)
                0x00086448                . = ALIGN (0x4)
                0x00086448                _efixed = .
                0x00086448                PROVIDE (__exidx_start, .)

.vfp11_veneer   0x00086448        0x0
 .vfp11_veneer  0x00000000        0x0 linker stubs

.v4_bx          0x00086448        0x0
 .v4_bx         0x00000000        0x0 linker stubs

.iplt           0x00086448        0x0
 .iplt          0x00000000        0x0 c:/users/uidv5371/appdata/local/arduino15/packages/arduino/tools/arm-none-eabi-gcc/4.8.3-2014q1/bin/../lib/gcc/arm-none-eabi/4.8.3/armv7-m/crtbegin.o

.ARM.exidx      0x00086448        0x8
 *(.ARM.exidx* .gnu.linkonce.armexidx.*)
 .ARM.exidx     0x00086448        0x8 c:/users/uidv5371/appdata/local/arduino15/packages/arduino/tools/arm-none-eabi-gcc/4.8.3-2014q1/bin/../lib/gcc/arm-none-eabi/4.8.3/armv7-m\libgcc.a(_divdi3.o)
 .ARM.exidx     0x00086450        0x0 c:/users/uidv5371/appdata/local/arduino15/packages/arduino/tools/arm-none-eabi-gcc/4.8.3-2014q1/bin/../lib/gcc/arm-none-eabi/4.8.3/armv7-m\libgcc.a(_udivdi3.o)
                                  0x8 (size before relaxing)
                0x00086450                PROVIDE (__exidx_end, .)

.eh_frame       0x00086450        0x0
 .eh_frame      0x00086450        0x0 c:/users/uidv5371/appdata/local/arduino15/packages/arduino/tools/arm-none-eabi-gcc/4.8.3-2014q1/bin/../lib/gcc/arm-none-eabi/4.8.3/armv7-m/crtbegin.o

.rel.dyn        0x00086450        0x0
 .rel.iplt      0x00000000        0x0 c:/users/uidv5371/appdata/local/arduino15/packages/arduino/tools/arm-none-eabi-gcc/4.8.3-2014q1/bin/../lib/gcc/arm-none-eabi/4.8.3/armv7-m/crtbegin.o

.jcr            0x00086450        0x0
 .jcr           0x00086450        0x0 c:/users/uidv5371/appdata/local/arduino15/packages/arduino/tools/arm-none-eabi-gcc/4.8.3-2014q1/bin/../lib/gcc/arm-none-eabi/4.8.3/armv7-m/crtbegin.o

.igot.plt       0x00086450        0x0
 .igot.plt      0x00000000        0x0 c:/users/uidv5371/appdata/local/arduino15/packages/arduino/tools/arm-none-eabi-gcc/4.8.3-2014q1/bin/../lib/gcc/arm-none-eabi/4.8.3/armv7-m/crtbegin.o
                0x00086450                . = ALIGN (0x4)
                0x00086450                _etext = .

.relocate       0x20070000      0x8d4 load address 0x00086450
                0x20070000                . = ALIGN (0x4)
                0x20070000                _srelocate = .
 *(.ramfunc .ramfunc.*)
 .ramfunc       0x20070000       0x2c C:\Users\uidv5371\AppData\Local\Temp\VMicroBuilds\Repeater\arduino_due_x/core.a(Reset.cpp.o)
                0x20070000                banzai
 *(.data .data.*)
 .data.SystemCoreClock
                0x2007002c        0x4 C:\Users\uidv5371\AppData\Local\arduino15\packages\arduino\hardware\sam\1.6.8\variants\arduino_due_x/libsam_sam3x8e_gcc_rel.a(system_sam3xa.o)
                0x2007002c                SystemCoreClock
 .data._ZL5ticks
                0x20070030        0x4 C:\Users\uidv5371\AppData\Local\Temp\VMicroBuilds\Repeater\arduino_due_x/core.a(Reset.cpp.o)
 .data._ZL10breakValue
                0x20070034        0x4 C:\Users\uidv5371\AppData\Local\Temp\VMicroBuilds\Repeater\arduino_due_x/core.a(CDC.cpp.o)
 .data._ZL12_usbLineInfo
                0x20070038        0x8 C:\Users\uidv5371\AppData\Local\Temp\VMicroBuilds\Repeater\arduino_due_x/core.a(CDC.cpp.o)
 .data.EndPoints
                0x20070040       0x28 C:\Users\uidv5371\AppData\Local\Temp\VMicroBuilds\Repeater\arduino_due_x/core.a(USBCore.cpp.o)
                0x20070040                EndPoints
 .data.g_interrupt_enabled
                0x20070068        0x4 C:\Users\uidv5371\AppData\Local\arduino15\packages\arduino\hardware\sam\1.6.8\variants\arduino_due_x/libsam_sam3x8e_gcc_rel.a(interrupt_sam_nvic.o)
                0x20070068                g_interrupt_enabled
 *fill*         0x2007006c        0x4 
 .data.impure_data
                0x20070070      0x428 c:/users/uidv5371/appdata/local/arduino15/packages/arduino/tools/arm-none-eabi-gcc/4.8.3-2014q1/bin/../lib/gcc/arm-none-eabi/4.8.3/../../../../arm-none-eabi/lib/armv7-m\libg.a(lib_a-impure.o)
 .data._impure_ptr
                0x20070498        0x4 c:/users/uidv5371/appdata/local/arduino15/packages/arduino/tools/arm-none-eabi-gcc/4.8.3-2014q1/bin/../lib/gcc/arm-none-eabi/4.8.3/../../../../arm-none-eabi/lib/armv7-m\libg.a(lib_a-impure.o)
                0x20070498                _impure_ptr
 .data.lc_ctype_charset
                0x2007049c       0x20 c:/users/uidv5371/appdata/local/arduino15/packages/arduino/tools/arm-none-eabi-gcc/4.8.3-2014q1/bin/../lib/gcc/arm-none-eabi/4.8.3/../../../../arm-none-eabi/lib/armv7-m\libg.a(lib_a-locale.o)
 .data.__mb_cur_max
                0x200704bc        0x4 c:/users/uidv5371/appdata/local/arduino15/packages/arduino/tools/arm-none-eabi-gcc/4.8.3-2014q1/bin/../lib/gcc/arm-none-eabi/4.8.3/../../../../arm-none-eabi/lib/armv7-m\libg.a(lib_a-locale.o)
                0x200704bc                __mb_cur_max
 .data.__malloc_av_
                0x200704c0      0x408 c:/users/uidv5371/appdata/local/arduino15/packages/arduino/tools/arm-none-eabi-gcc/4.8.3-2014q1/bin/../lib/gcc/arm-none-eabi/4.8.3/../../../../arm-none-eabi/lib/armv7-m\libg.a(lib_a-mallocr.o)
                0x200704c0                __malloc_av_
 .data.__malloc_trim_threshold
                0x200708c8        0x4 c:/users/uidv5371/appdata/local/arduino15/packages/arduino/tools/arm-none-eabi-gcc/4.8.3-2014q1/bin/../lib/gcc/arm-none-eabi/4.8.3/../../../../arm-none-eabi/lib/armv7-m\libg.a(lib_a-mallocr.o)
                0x200708c8                __malloc_trim_threshold
 .data.__malloc_sbrk_base
                0x200708cc        0x4 c:/users/uidv5371/appdata/local/arduino15/packages/arduino/tools/arm-none-eabi-gcc/4.8.3-2014q1/bin/../lib/gcc/arm-none-eabi/4.8.3/../../../../arm-none-eabi/lib/armv7-m\libg.a(lib_a-mallocr.o)
                0x200708cc                __malloc_sbrk_base
 .data.__wctomb
                0x200708d0        0x4 c:/users/uidv5371/appdata/local/arduino15/packages/arduino/tools/arm-none-eabi-gcc/4.8.3-2014q1/bin/../lib/gcc/arm-none-eabi/4.8.3/../../../../arm-none-eabi/lib/armv7-m\libg.a(lib_a-wctomb_r.o)
                0x200708d0                __wctomb
                0x200708d4                . = ALIGN (0x4)
                0x200708d4                _erelocate = .

.bss            0x200708d4     0x121c load address 0x00086d24
                0x200708d4                . = ALIGN (0x4)
                0x200708d4                _sbss = .
                0x200708d4                _szero = .
 *(.bss .bss.*)
 .bss           0x200708d4       0x1c c:/users/uidv5371/appdata/local/arduino15/packages/arduino/tools/arm-none-eabi-gcc/4.8.3-2014q1/bin/../lib/gcc/arm-none-eabi/4.8.3/armv7-m/crtbegin.o
 .bss.Can0      0x200708f0      0x4d8 C:\Users\uidv5371\AppData\Local\Temp\VMicroBuilds\Repeater\arduino_due_x\CAN\due_can.cpp.o
                0x200708f0                Can0
 .bss._ZGVZN6CANRaw12set_baudrateEmE6ul_mck
                0x20070dc8        0x4 C:\Users\uidv5371\AppData\Local\Temp\VMicroBuilds\Repeater\arduino_due_x\CAN\due_can.cpp.o
 .bss._ZZN6CANRaw12set_baudrateEmE6ul_mck
                0x20070dcc        0x4 C:\Users\uidv5371\AppData\Local\Temp\VMicroBuilds\Repeater\arduino_due_x\CAN\due_can.cpp.o
 .bss.Can1      0x20070dd0      0x4d8 C:\Users\uidv5371\AppData\Local\Temp\VMicroBuilds\Repeater\arduino_due_x\CAN\due_can.cpp.o
                0x20070dd0                Can1
 .bss.MicroDebug
                0x200712a8       0x3c C:\Users\uidv5371\AppData\Local\Temp\VMicroBuilds\Repeater\arduino_due_x\VM_DBG\VM_DBG.cpp.o
                0x200712a8                MicroDebug
 .bss.tx_buffer2
                0x200712e4       0x88 C:\Users\uidv5371\AppData\Local\Temp\VMicroBuilds\Repeater\arduino_due_x\variant\variant.cpp.o
                0x200712e4                tx_buffer2
 .bss.tx_buffer1
                0x2007136c       0x88 C:\Users\uidv5371\AppData\Local\Temp\VMicroBuilds\Repeater\arduino_due_x\variant\variant.cpp.o
                0x2007136c                tx_buffer1
 .bss.Serial    0x200713f4       0x24 C:\Users\uidv5371\AppData\Local\Temp\VMicroBuilds\Repeater\arduino_due_x\variant\variant.cpp.o
                0x200713f4                Serial
 .bss.rx_buffer1
                0x20071418       0x88 C:\Users\uidv5371\AppData\Local\Temp\VMicroBuilds\Repeater\arduino_due_x\variant\variant.cpp.o
                0x20071418                rx_buffer1
 .bss.Serial1   0x200714a0       0x28 C:\Users\uidv5371\AppData\Local\Temp\VMicroBuilds\Repeater\arduino_due_x\variant\variant.cpp.o
                0x200714a0                Serial1
 .bss.Serial2   0x200714c8       0x28 C:\Users\uidv5371\AppData\Local\Temp\VMicroBuilds\Repeater\arduino_due_x\variant\variant.cpp.o
                0x200714c8                Serial2
 .bss.Serial3   0x200714f0       0x28 C:\Users\uidv5371\AppData\Local\Temp\VMicroBuilds\Repeater\arduino_due_x\variant\variant.cpp.o
                0x200714f0                Serial3
 .bss.tx_buffer3
                0x20071518       0x88 C:\Users\uidv5371\AppData\Local\Temp\VMicroBuilds\Repeater\arduino_due_x\variant\variant.cpp.o
                0x20071518                tx_buffer3
 .bss.tx_buffer4
                0x200715a0       0x88 C:\Users\uidv5371\AppData\Local\Temp\VMicroBuilds\Repeater\arduino_due_x\variant\variant.cpp.o
                0x200715a0                tx_buffer4
 .bss.g_pinStatus
                0x20071628       0x4f C:\Users\uidv5371\AppData\Local\Temp\VMicroBuilds\Repeater\arduino_due_x\variant\variant.cpp.o
                0x20071628                g_pinStatus
 *fill*         0x20071677        0x1 
 .bss.rx_buffer2
                0x20071678       0x88 C:\Users\uidv5371\AppData\Local\Temp\VMicroBuilds\Repeater\arduino_due_x\variant\variant.cpp.o
                0x20071678                rx_buffer2
 .bss.rx_buffer3
                0x20071700       0x88 C:\Users\uidv5371\AppData\Local\Temp\VMicroBuilds\Repeater\arduino_due_x\variant\variant.cpp.o
                0x20071700                rx_buffer3
 .bss.rx_buffer4
                0x20071788       0x88 C:\Users\uidv5371\AppData\Local\Temp\VMicroBuilds\Repeater\arduino_due_x\variant\variant.cpp.o
                0x20071788                rx_buffer4
 .bss.gpf_isr   0x20071810        0x4 C:\Users\uidv5371\AppData\Local\arduino15\packages\arduino\hardware\sam\1.6.8\variants\arduino_due_x/libsam_sam3x8e_gcc_rel.a(uotghs.o)
                0x20071810                gpf_isr
 .bss.heap.6420
                0x20071814        0x4 C:\Users\uidv5371\AppData\Local\Temp\VMicroBuilds\Repeater\arduino_due_x/core.a(syscalls_sam3.c.o)
 .bss.cdc_rx_buffer
                0x20071818      0x208 C:\Users\uidv5371\AppData\Local\Temp\VMicroBuilds\Repeater\arduino_due_x/core.a(CDC.cpp.o)
                0x20071818                cdc_rx_buffer
 .bss._ZZN7Serial_6acceptEvE5guard
                0x20071a20        0x4 C:\Users\uidv5371\AppData\Local\Temp\VMicroBuilds\Repeater\arduino_due_x/core.a(CDC.cpp.o)
 .bss.SerialUSB
                0x20071a24       0x14 C:\Users\uidv5371\AppData\Local\Temp\VMicroBuilds\Repeater\arduino_due_x/core.a(CDC.cpp.o)
                0x20071a24                SerialUSB
 .bss._cmark    0x20071a38        0x2 C:\Users\uidv5371\AppData\Local\Temp\VMicroBuilds\Repeater\arduino_due_x/core.a(USBCore.cpp.o)
                0x20071a38                _cmark
 .bss._ZL14isEndpointHalt
                0x20071a3a        0x1 C:\Users\uidv5371\AppData\Local\Temp\VMicroBuilds\Repeater\arduino_due_x/core.a(USBCore.cpp.o)
 *fill*         0x20071a3b        0x1 
 .bss._cdcComposite
                0x20071a3c        0x4 C:\Users\uidv5371\AppData\Local\Temp\VMicroBuilds\Repeater\arduino_due_x/core.a(USBCore.cpp.o)
                0x20071a3c                _cdcComposite
 .bss._ZL21isRemoteWakeUpEnabled
                0x20071a40        0x1 C:\Users\uidv5371\AppData\Local\Temp\VMicroBuilds\Repeater\arduino_due_x/core.a(USBCore.cpp.o)
 *fill*         0x20071a41        0x3 
 .bss._usbInitialized
                0x20071a44        0x4 C:\Users\uidv5371\AppData\Local\Temp\VMicroBuilds\Repeater\arduino_due_x/core.a(USBCore.cpp.o)
                0x20071a44                _usbInitialized
 .bss.USBDevice
                0x20071a48        0x1 C:\Users\uidv5371\AppData\Local\Temp\VMicroBuilds\Repeater\arduino_due_x/core.a(USBCore.cpp.o)
                0x20071a48                USBDevice
 *fill*         0x20071a49        0x3 
 .bss._usbSetInterface
                0x20071a4c        0x4 C:\Users\uidv5371\AppData\Local\Temp\VMicroBuilds\Repeater\arduino_due_x/core.a(USBCore.cpp.o)
                0x20071a4c                _usbSetInterface
 .bss._cend     0x20071a50        0x2 C:\Users\uidv5371\AppData\Local\Temp\VMicroBuilds\Repeater\arduino_due_x/core.a(USBCore.cpp.o)
                0x20071a50                _cend
 *fill*         0x20071a52        0x2 
 .bss._usbConfiguration
                0x20071a54        0x4 C:\Users\uidv5371\AppData\Local\Temp\VMicroBuilds\Repeater\arduino_due_x/core.a(USBCore.cpp.o)
                0x20071a54                _usbConfiguration
 .bss._ZZ12PluggableUSBvE3obj
                0x20071a58        0x8 C:\Users\uidv5371\AppData\Local\Temp\VMicroBuilds\Repeater\arduino_due_x/core.a(PluggableUSB.cpp.o)
 .bss._ZGVZ12PluggableUSBvE3obj
                0x20071a60        0x4 C:\Users\uidv5371\AppData\Local\Temp\VMicroBuilds\Repeater\arduino_due_x/core.a(PluggableUSB.cpp.o)
 .bss._dwTickCount
                0x20071a64        0x4 C:\Users\uidv5371\AppData\Local\arduino15\packages\arduino\hardware\sam\1.6.8\variants\arduino_due_x/libsam_sam3x8e_gcc_rel.a(timetick.o)
 .bss.ul_recv_fifo_ptr
                0x20071a68       0x28 C:\Users\uidv5371\AppData\Local\arduino15\packages\arduino\hardware\sam\1.6.8\variants\arduino_due_x/libsam_sam3x8e_gcc_rel.a(uotghs_device.o)
 .bss.ul_send_fifo_ptr
                0x20071a90       0x28 C:\Users\uidv5371\AppData\Local\arduino15\packages\arduino\hardware\sam\1.6.8\variants\arduino_due_x/libsam_sam3x8e_gcc_rel.a(uotghs_device.o)
 .bss.__malloc_max_total_mem
                0x20071ab8        0x4 c:/users/uidv5371/appdata/local/arduino15/packages/arduino/tools/arm-none-eabi-gcc/4.8.3-2014q1/bin/../lib/gcc/arm-none-eabi/4.8.3/../../../../arm-none-eabi/lib/armv7-m\libg.a(lib_a-mallocr.o)
                0x20071ab8                __malloc_max_total_mem
 .bss.__malloc_max_sbrked_mem
                0x20071abc        0x4 c:/users/uidv5371/appdata/local/arduino15/packages/arduino/tools/arm-none-eabi-gcc/4.8.3-2014q1/bin/../lib/gcc/arm-none-eabi/4.8.3/../../../../arm-none-eabi/lib/armv7-m\libg.a(lib_a-mallocr.o)
                0x20071abc                __malloc_max_sbrked_mem
 .bss.__malloc_top_pad
                0x20071ac0        0x4 c:/users/uidv5371/appdata/local/arduino15/packages/arduino/tools/arm-none-eabi-gcc/4.8.3-2014q1/bin/../lib/gcc/arm-none-eabi/4.8.3/../../../../arm-none-eabi/lib/armv7-m\libg.a(lib_a-mallocr.o)
                0x20071ac0                __malloc_top_pad
 .bss.__malloc_current_mallinfo
                0x20071ac4       0x28 c:/users/uidv5371/appdata/local/arduino15/packages/arduino/tools/arm-none-eabi-gcc/4.8.3-2014q1/bin/../lib/gcc/arm-none-eabi/4.8.3/../../../../arm-none-eabi/lib/armv7-m\libg.a(lib_a-mallocr.o)
                0x20071ac4                __malloc_current_mallinfo
 *(COMMON)
 COMMON         0x20071aec        0x4 c:/users/uidv5371/appdata/local/arduino15/packages/arduino/tools/arm-none-eabi-gcc/4.8.3-2014q1/bin/../lib/gcc/arm-none-eabi/4.8.3/../../../../arm-none-eabi/lib/armv7-m\libg.a(lib_a-reent.o)
                0x20071aec                errno
                0x20071af0                . = ALIGN (0x4)
                0x20071af0                _ebss = .
                0x20071af0                _ezero = .
                0x20071af0                . = ALIGN (0x4)
                0x20071af0                _end = .

.stack_dummy    0x20071af0        0x0
 *(.stack*)
                0x20088000                __StackTop = (ORIGIN (ram) + 0x18000)
                0x20088000                __StackLimit = (__StackTop - SIZEOF (.stack_dummy))
                0x20088000                PROVIDE (_sstack, __StackLimit)
                0x20088000                PROVIDE (_estack, __StackTop)
OUTPUT(C:\Users\uidv5371\AppData\Local\Temp\VMicroBuilds\Repeater\arduino_due_x/Repeater.ino.elf elf32-littlearm)

.ARM.attributes
                0x00000000       0x29
 .ARM.attributes
                0x00000000       0x1d c:/users/uidv5371/appdata/local/arduino15/packages/arduino/tools/arm-none-eabi-gcc/4.8.3-2014q1/bin/../lib/gcc/arm-none-eabi/4.8.3/armv7-m/crti.o
 .ARM.attributes
                0x0000001d       0x2d c:/users/uidv5371/appdata/local/arduino15/packages/arduino/tools/arm-none-eabi-gcc/4.8.3-2014q1/bin/../lib/gcc/arm-none-eabi/4.8.3/armv7-m/crtbegin.o
 .ARM.attributes
                0x0000004a       0x33 C:\Users\uidv5371\AppData\Local\Temp\VMicroBuilds\Repeater\arduino_due_x\Repeater.cpp.o
 .ARM.attributes
                0x0000007d       0x33 C:\Users\uidv5371\AppData\Local\Temp\VMicroBuilds\Repeater\arduino_due_x\CAN\due_can.cpp.o
 .ARM.attributes
                0x000000b0       0x33 C:\Users\uidv5371\AppData\Local\Temp\VMicroBuilds\Repeater\arduino_due_x\VM_DBG\VM_DBG.cpp.o
 .ARM.attributes
                0x000000e3       0x33 C:\Users\uidv5371\AppData\Local\Temp\VMicroBuilds\Repeater\arduino_due_x\variant\variant.cpp.o
 .ARM.attributes
                0x00000116       0x33 C:\Users\uidv5371\AppData\Local\arduino15\packages\arduino\hardware\sam\1.6.8\variants\arduino_due_x/libsam_sam3x8e_gcc_rel.a(pio.o)
 .ARM.attributes
                0x00000149       0x33 C:\Users\uidv5371\AppData\Local\arduino15\packages\arduino\hardware\sam\1.6.8\variants\arduino_due_x/libsam_sam3x8e_gcc_rel.a(pmc.o)
 .ARM.attributes
                0x0000017c       0x33 C:\Users\uidv5371\AppData\Local\arduino15\packages\arduino\hardware\sam\1.6.8\variants\arduino_due_x/libsam_sam3x8e_gcc_rel.a(system_sam3xa.o)
 .ARM.attributes
                0x000001af       0x33 C:\Users\uidv5371\AppData\Local\arduino15\packages\arduino\hardware\sam\1.6.8\variants\arduino_due_x/libsam_sam3x8e_gcc_rel.a(startup_sam3xa.o)
 .ARM.attributes
                0x000001e2       0x33 C:\Users\uidv5371\AppData\Local\arduino15\packages\arduino\hardware\sam\1.6.8\variants\arduino_due_x/libsam_sam3x8e_gcc_rel.a(adc.o)
 .ARM.attributes
                0x00000215       0x33 C:\Users\uidv5371\AppData\Local\arduino15\packages\arduino\hardware\sam\1.6.8\variants\arduino_due_x/libsam_sam3x8e_gcc_rel.a(uotghs.o)
 .ARM.attributes
                0x00000248       0x33 C:\Users\uidv5371\AppData\Local\Temp\VMicroBuilds\Repeater\arduino_due_x/core.a(cortex_handlers.c.o)
 .ARM.attributes
                0x0000027b       0x33 C:\Users\uidv5371\AppData\Local\Temp\VMicroBuilds\Repeater\arduino_due_x/core.a(hooks.c.o)
 .ARM.attributes