Archive member included because of file (symbol)

C:\Users\uidv5371\AppData\Local\arduino15\packages\arduino\hardware\sam\1.6.6\variants\arduino_due_x/libsam_sam3x8e_gcc_rel.a(pmc.o)
                              C:\Users\uidv5371\AppData\Local\Temp\VMicroBuilds\Sketch3\arduino_due_x\CAN\due_can.cpp.o (pmc_enable_periph_clk)
C:\Users\uidv5371\AppData\Local\arduino15\packages\arduino\hardware\sam\1.6.6\variants\arduino_due_x/libsam_sam3x8e_gcc_rel.a(system_sam3xa.o)
                              C:\Users\uidv5371\AppData\Local\Temp\VMicroBuilds\Sketch3\arduino_due_x\CAN\due_can.cpp.o (SystemCoreClock)
C:\Users\uidv5371\AppData\Local\arduino15\packages\arduino\hardware\sam\1.6.6\variants\arduino_due_x/libsam_sam3x8e_gcc_rel.a(startup_sam3xa.o)
                              (Reset_Handler)
C:\Users\uidv5371\AppData\Local\arduino15\packages\arduino\hardware\sam\1.6.6\variants\arduino_due_x/libsam_sam3x8e_gcc_rel.a(uotghs.o)
                              C:\Users\uidv5371\AppData\Local\arduino15\packages\arduino\hardware\sam\1.6.6\variants\arduino_due_x/libsam_sam3x8e_gcc_rel.a(startup_sam3xa.o) (UOTGHS_Handler)
C:\Users\uidv5371\AppData\Local\Temp\VMicroBuilds\Sketch3\arduino_due_x/core.a(cortex_handlers.c.o)
                              C:\Users\uidv5371\AppData\Local\arduino15\packages\arduino\hardware\sam\1.6.6\variants\arduino_due_x/libsam_sam3x8e_gcc_rel.a(startup_sam3xa.o) (NMI_Handler)
C:\Users\uidv5371\AppData\Local\Temp\VMicroBuilds\Sketch3\arduino_due_x/core.a(hooks.c.o)
                              C:\Users\uidv5371\AppData\Local\Temp\VMicroBuilds\Sketch3\arduino_due_x/core.a(cortex_handlers.c.o) (sysTickHook)
C:\Users\uidv5371\AppData\Local\Temp\VMicroBuilds\Sketch3\arduino_due_x/core.a(wiring.c.o)
                              C:\Users\uidv5371\AppData\Local\Temp\VMicroBuilds\Sketch3\arduino_due_x\Sketch3.cpp.o (millis)
C:\Users\uidv5371\AppData\Local\Temp\VMicroBuilds\Sketch3\arduino_due_x/core.a(wiring_digital.c.o)
                              C:\Users\uidv5371\AppData\Local\Temp\VMicroBuilds\Sketch3\arduino_due_x\CAN\due_can.cpp.o (pinMode)
C:\Users\uidv5371\AppData\Local\Temp\VMicroBuilds\Sketch3\arduino_due_x/core.a(main.cpp.o)
                              c:/users/uidv5371/appdata/local/arduino15/packages/arduino/tools/arm-none-eabi-gcc/4.8.3-2014q1/bin/../lib/gcc/arm-none-eabi/4.8.3/../../../../arm-none-eabi/lib/armv7-m/crt0.o (main)
C:\Users\uidv5371\AppData\Local\Temp\VMicroBuilds\Sketch3\arduino_due_x/core.a(new.cpp.o)
                              C:\Users\uidv5371\AppData\Local\Temp\VMicroBuilds\Sketch3\arduino_due_x\CAN\due_can.cpp.o (operator new[](unsigned int))
C:\Users\uidv5371\AppData\Local\Temp\VMicroBuilds\Sketch3\arduino_due_x/core.a(Print.cpp.o)
                              C:\Users\uidv5371\AppData\Local\Temp\VMicroBuilds\Sketch3\arduino_due_x\Sketch3.cpp.o (Print::print(String const&))
C:\Users\uidv5371\AppData\Local\Temp\VMicroBuilds\Sketch3\arduino_due_x/core.a(Reset.cpp.o)
                              C:\Users\uidv5371\AppData\Local\Temp\VMicroBuilds\Sketch3\arduino_due_x/core.a(cortex_handlers.c.o) (tickReset)
C:\Users\uidv5371\AppData\Local\Temp\VMicroBuilds\Sketch3\arduino_due_x/core.a(watchdog.cpp.o)
                              C:\Users\uidv5371\AppData\Local\Temp\VMicroBuilds\Sketch3\arduino_due_x/core.a(main.cpp.o) (watchdogSetup())
C:\Users\uidv5371\AppData\Local\Temp\VMicroBuilds\Sketch3\arduino_due_x/core.a(WString.cpp.o)
                              C:\Users\uidv5371\AppData\Local\Temp\VMicroBuilds\Sketch3\arduino_due_x\CAN\due_can.cpp.o (String::String(char const*))
C:\Users\uidv5371\AppData\Local\Temp\VMicroBuilds\Sketch3\arduino_due_x/core.a(CDC.cpp.o)
                              C:\Users\uidv5371\AppData\Local\Temp\VMicroBuilds\Sketch3\arduino_due_x\Sketch3.cpp.o (Serial_::begin(unsigned long))
C:\Users\uidv5371\AppData\Local\Temp\VMicroBuilds\Sketch3\arduino_due_x/core.a(USBCore.cpp.o)
                              C:\Users\uidv5371\AppData\Local\Temp\VMicroBuilds\Sketch3\arduino_due_x/core.a(CDC.cpp.o) (USBD_Available(unsigned long))
C:\Users\uidv5371\AppData\Local\Temp\VMicroBuilds\Sketch3\arduino_due_x/core.a(variant.cpp.o)
                              C:\Users\uidv5371\AppData\Local\Temp\VMicroBuilds\Sketch3\arduino_due_x/core.a(main.cpp.o) (init)
C:\Users\uidv5371\AppData\Local\Temp\VMicroBuilds\Sketch3\arduino_due_x/core.a(itoa.c.o)
                              C:\Users\uidv5371\AppData\Local\Temp\VMicroBuilds\Sketch3\arduino_due_x/core.a(WString.cpp.o) (ltoa)
C:\Users\uidv5371\AppData\Local\Temp\VMicroBuilds\Sketch3\arduino_due_x/core.a(wiring_analog.c.o)
                              C:\Users\uidv5371\AppData\Local\Temp\VMicroBuilds\Sketch3\arduino_due_x/core.a(variant.cpp.o) (analogOutputInit)
C:\Users\uidv5371\AppData\Local\Temp\VMicroBuilds\Sketch3\arduino_due_x/core.a(dtostrf.c.o)
[...]
Memory Configuration

Name             Origin             Length             Attributes
rom              0x00080000         0x00080000         xr
sram0            0x20000000         0x00010000         xrw
sram1            0x20080000         0x00008000         xrw
ram              0x20070000         0x00018000         xrw
*default*        0x00000000         0xffffffff

Linker script and memory map

LOAD c:/users/uidv5371/appdata/local/arduino15/packages/arduino/tools/arm-none-eabi-gcc/4.8.3-2014q1/bin/../lib/gcc/arm-none-eabi/4.8.3/armv7-m/crti.o
LOAD c:/users/uidv5371/appdata/local/arduino15/packages/arduino/tools/arm-none-eabi-gcc/4.8.3-2014q1/bin/../lib/gcc/arm-none-eabi/4.8.3/armv7-m/crtbegin.o
LOAD c:/users/uidv5371/appdata/local/arduino15/packages/arduino/tools/arm-none-eabi-gcc/4.8.3-2014q1/bin/../lib/gcc/arm-none-eabi/4.8.3/../../../../arm-none-eabi/lib/armv7-m/crt0.o
START GROUP
LOAD C:\Users\uidv5371\AppData\Local\Temp\VMicroBuilds\Sketch3\arduino_due_x/core/syscalls_sam3.c.o
LOAD C:\Users\uidv5371\AppData\Local\Temp\VMicroBuilds\Sketch3\arduino_due_x\Sketch3.cpp.o
LOAD C:\Users\uidv5371\AppData\Local\Temp\VMicroBuilds\Sketch3\arduino_due_x\CAN\due_can.cpp.o
LOAD C:\Users\uidv5371\AppData\Local\Temp\VMicroBuilds\Sketch3\arduino_due_x\VM_DBG\VM_DBG.cpp.o
LOAD C:\Users\uidv5371\AppData\Local\Temp\VMicroBuilds\Sketch3\arduino_due_x\VM_DBG\VM_mem_check_sam.cpp.o
LOAD C:\Users\uidv5371\AppData\Local\arduino15\packages\arduino\hardware\sam\1.6.6\variants\arduino_due_x/libsam_sam3x8e_gcc_rel.a
LOAD C:\Users\uidv5371\AppData\Local\Temp\VMicroBuilds\Sketch3\arduino_due_x/core.a
END GROUP
LOAD c:/users/uidv5371/appdata/local/arduino15/packages/arduino/tools/arm-none-eabi-gcc/4.8.3-2014q1/bin/../lib/gcc/arm-none-eabi/4.8.3/../../../../arm-none-eabi/lib/armv7-m\libm.a
START GROUP
LOAD c:/users/uidv5371/appdata/local/arduino15/packages/arduino/tools/arm-none-eabi-gcc/4.8.3-2014q1/bin/../lib/gcc/arm-none-eabi/4.8.3/armv7-m\libgcc.a
LOAD c:/users/uidv5371/appdata/local/arduino15/packages/arduino/tools/arm-none-eabi-gcc/4.8.3-2014q1/bin/../lib/gcc/arm-none-eabi/4.8.3/../../../../arm-none-eabi/lib/armv7-m\libg.a
LOAD c:/users/uidv5371/appdata/local/arduino15/packages/arduino/tools/arm-none-eabi-gcc/4.8.3-2014q1/bin/../lib/gcc/arm-none-eabi/4.8.3/../../../../arm-none-eabi/lib/armv7-m\libc.a
END GROUP
LOAD c:/users/uidv5371/appdata/local/arduino15/packages/arduino/tools/arm-none-eabi-gcc/4.8.3-2014q1/bin/../lib/gcc/arm-none-eabi/4.8.3/armv7-m/crtend.o
LOAD c:/users/uidv5371/appdata/local/arduino15/packages/arduino/tools/arm-none-eabi-gcc/4.8.3-2014q1/bin/../lib/gcc/arm-none-eabi/4.8.3/armv7-m/crtn.o

.text           0x00080000     0x41cc
                0x00080000                . = ALIGN (0x4)
                0x00080000                _sfixed = .
 *(.vectors .vectors.*)
 .vectors       0x00080000       0xf4 C:\Users\uidv5371\AppData\Local\arduino15\packages\arduino\hardware\sam\1.6.6\variants\arduino_due_x/libsam_sam3x8e_gcc_rel.a(startup_sam3xa.o)
                0x00080000                exception_table
 *(.text .text.* .gnu.linkonce.t.*)
 .text          0x000800f4       0x54 c:/users/uidv5371/appdata/local/arduino15/packages/arduino/tools/arm-none-eabi-gcc/4.8.3-2014q1/bin/../lib/gcc/arm-none-eabi/4.8.3/armv7-m/crtbegin.o
 .text._sbrk    0x00080148       0x1c C:\Users\uidv5371\AppData\Local\Temp\VMicroBuilds\Sketch3\arduino_due_x/core/syscalls_sam3.c.o
                0x00080148                _sbrk
 .text._Z8sendDatav
                0x00080164       0x88 C:\Users\uidv5371\AppData\Local\Temp\VMicroBuilds\Sketch3\arduino_due_x\Sketch3.cpp.o
                0x00080164                sendData()
 .text.setup    0x000801ec       0xec C:\Users\uidv5371\AppData\Local\Temp\VMicroBuilds\Sketch3\arduino_due_x\Sketch3.cpp.o
                0x000801ec                setup
 .text.loop     0x000802d8       0x28 C:\Users\uidv5371\AppData\Local\Temp\VMicroBuilds\Sketch3\arduino_due_x\Sketch3.cpp.o
                0x000802d8                loop
 .text._ZN6CANRawC2EP3Canm
                0x00080300       0x60 C:\Users\uidv5371\AppData\Local\Temp\VMicroBuilds\Sketch3\arduino_due_x\CAN\due_can.cpp.o
                0x00080300                CANRaw::CANRaw(Can*, unsigned long)
                0x00080300                CANRaw::CANRaw(Can*, unsigned long)
 .text._ZN6CANRaw12set_baudrateEm
                0x00080360       0xcc C:\Users\uidv5371\AppData\Local\Temp\VMicroBuilds\Sketch3\arduino_due_x\CAN\due_can.cpp.o
                0x00080360                CANRaw::set_baudrate(unsigned long)
 .text._ZN6CANRaw11setCallbackEiPFvP9CAN_FRAMEE
                0x0008042c        0xe C:\Users\uidv5371\AppData\Local\Temp\VMicroBuilds\Sketch3\arduino_due_x\CAN\due_can.cpp.o
                0x0008042c                CANRaw::setCallback(int, void (*)(CAN_FRAME*))
 .text._ZN6CANRaw6enableEv
                0x0008043a       0x1a C:\Users\uidv5371\AppData\Local\Temp\VMicroBuilds\Sketch3\arduino_due_x\CAN\due_can.cpp.o
                0x0008043a                CANRaw::enable()
 .text._ZN6CANRaw21enable_overload_frameEv
                0x00080454        0xc C:\Users\uidv5371\AppData\Local\Temp\VMicroBuilds\Sketch3\arduino_due_x\CAN\due_can.cpp.o
                0x00080454                CANRaw::enable_overload_frame()
 .text._ZN6CANRaw16enable_interruptEm
                0x00080460        0x6 C:\Users\uidv5371\AppData\Local\Temp\VMicroBuilds\Sketch3\arduino_due_x\CAN\due_can.cpp.o
                0x00080460                CANRaw::enable_interrupt(unsigned long)
 .text._ZN6CANRaw17disable_interruptEm
                0x00080466        0x6 C:\Users\uidv5371\AppData\Local\Temp\VMicroBuilds\Sketch3\arduino_due_x\CAN\due_can.cpp.o
                0x00080466                CANRaw::disable_interrupt(unsigned long)
 .text._ZN6CANRaw25mailbox_send_transfer_cmdEh
                0x0008046c       0x1a C:\Users\uidv5371\AppData\Local\Temp\VMicroBuilds\Sketch3\arduino_due_x\CAN\due_can.cpp.o
                0x0008046c                CANRaw::mailbox_send_transfer_cmd(unsigned char)
 .text._ZN6CANRaw12mailbox_initEh
                0x00080486       0x28 C:\Users\uidv5371\AppData\Local\Temp\VMicroBuilds\Sketch3\arduino_due_x\CAN\due_can.cpp.o
                0x00080486                CANRaw::mailbox_init(unsigned char)
 .text._ZN6CANRaw17reset_all_mailboxEv
                0x000804ae       0x16 C:\Users\uidv5371\AppData\Local\Temp\VMicroBuilds\Sketch3\arduino_due_x\CAN\due_can.cpp.o
                0x000804ae                CANRaw::reset_all_mailbox()
 .text._ZN6CANRaw12mailbox_readEhPV9CAN_FRAME
                0x000804c4       0x78 C:\Users\uidv5371\AppData\Local\Temp\VMicroBuilds\Sketch3\arduino_due_x\CAN\due_can.cpp.o
                0x000804c4                CANRaw::mailbox_read(unsigned char, CAN_FRAME volatile*)
 .text._ZN6CANRaw14mailbox_set_idEhmb
                0x0008053c       0x2c C:\Users\uidv5371\AppData\Local\Temp\VMicroBuilds\Sketch3\arduino_due_x\CAN\due_can.cpp.o
                0x0008053c                CANRaw::mailbox_set_id(unsigned char, unsigned long, bool)
 .text._ZN6CANRaw20mailbox_set_priorityEhh
                0x00080568       0x1e C:\Users\uidv5371\AppData\Local\Temp\VMicroBuilds\Sketch3\arduino_due_x\CAN\due_can.cpp.o
                0x00080568                CANRaw::mailbox_set_priority(unsigned char, unsigned char)
 *fill*         0x00080586        0x2 
 .text._ZN6CANRaw23mailbox_set_accept_maskEhmb
                0x00080588       0x48 C:\Users\uidv5371\AppData\Local\Temp\VMicroBuilds\Sketch3\arduino_due_x\CAN\due_can.cpp.o
                0x00080588                CANRaw::mailbox_set_accept_mask(unsigned char, unsigned long, bool)
 .text._ZN6CANRaw16mailbox_set_modeEhh
                0x000805d0       0x24 C:\Users\uidv5371\AppData\Local\Temp\VMicroBuilds\Sketch3\arduino_due_x\CAN\due_can.cpp.o
                0x000805d0                CANRaw::mailbox_set_mode(unsigned char, unsigned char)
 .text._ZN6CANRaw13setNumTXBoxesEi
                0x000805f4       0x7c C:\Users\uidv5371\AppData\Local\Temp\VMicroBuilds\Sketch3\arduino_due_x\CAN\due_can.cpp.o
                0x000805f4                CANRaw::setNumTXBoxes(int)
 .text._ZN6CANRaw4initEm
                0x00080670       0xd8 C:\Users\uidv5371\AppData\Local\Temp\VMicroBuilds\Sketch3\arduino_due_x\CAN\due_can.cpp.o
                0x00080670                CANRaw::init(unsigned long)
 .text._ZN6CANRaw5beginEm
                0x00080748        0x4 C:\Users\uidv5371\AppData\Local\Temp\VMicroBuilds\Sketch3\arduino_due_x\CAN\due_can.cpp.o
                0x00080748                CANRaw::begin(unsigned long)
 .text._ZN6CANRaw20mailbox_set_databyteEhhh
                0x0008074c       0x52 C:\Users\uidv5371\AppData\Local\Temp\VMicroBuilds\Sketch3\arduino_due_x\CAN\due_can.cpp.o
                0x0008074c                CANRaw::mailbox_set_databyte(unsigned char, unsigned char, unsigned char)
 .text._ZN6CANRaw17mailbox_set_datalEhm
                0x0008079e       0x12 C:\Users\uidv5371\AppData\Local\Temp\VMicroBuilds\Sketch3\arduino_due_x\CAN\due_can.cpp.o
                0x0008079e                CANRaw::mailbox_set_datal(unsigned char, unsigned long)
 .text._ZN6CANRaw17mailbox_set_datahEhm
                0x000807b0       0x12 C:\Users\uidv5371\AppData\Local\Temp\VMicroBuilds\Sketch3\arduino_due_x\CAN\due_can.cpp.o
                0x000807b0                CANRaw::mailbox_set_datah(unsigned char, unsigned long)
 .text._ZN6CANRaw19mailbox_set_datalenEhh
                0x000807c2       0x28 C:\Users\uidv5371\AppData\Local\Temp\VMicroBuilds\Sketch3\arduino_due_x\CAN\due_can.cpp.o
                0x000807c2                CANRaw::mailbox_set_datalen(unsigned char, unsigned char)
 .text._ZN6CANRaw16mailbox_tx_frameEh
                0x000807ea       0x1c C:\Users\uidv5371\AppData\Local\Temp\VMicroBuilds\Sketch3\arduino_due_x\CAN\due_can.cpp.o
                0x000807ea                CANRaw::mailbox_tx_frame(unsigned char)
 *fill*         0x00080806        0x2 
 .text._ZN6CANRaw11setRXFilterEhmmb
                0x00080808       0x3c C:\Users\uidv5371\AppData\Local\Temp\VMicroBuilds\Sketch3\arduino_due_x\CAN\due_can.cpp.o
                0x00080808                CANRaw::setRXFilter(unsigned char, unsigned long, unsigned long, bool)
 .text._ZN6CANRaw19mailbox_int_handlerEhm
                0x00080844      0x18a C:\Users\uidv5371\AppData\Local\Temp\VMicroBuilds\Sketch3\arduino_due_x\CAN\due_can.cpp.o
                0x00080844                CANRaw::mailbox_int_handler(unsigned char, unsigned long)
 *fill*         0x000809ce        0x2 
 .text._ZN6CANRaw16interruptHandlerEv
                0x000809d0      0x120 C:\Users\uidv5371\AppData\Local\Temp\VMicroBuilds\Sketch3\arduino_due_x\CAN\due_can.cpp.o
                0x000809d0                CANRaw::interruptHandler()
 .text.CAN0_Handler
                0x00080af0        0xc C:\Users\uidv5371\AppData\Local\Temp\VMicroBuilds\Sketch3\arduino_due_x\CAN\due_can.cpp.o
                0x00080af0                CAN0_Handler
 .text.CAN1_Handler
                0x00080afc        0xc C:\Users\uidv5371\AppData\Local\Temp\VMicroBuilds\Sketch3\arduino_due_x\CAN\due_can.cpp.o
                0x00080afc                CAN1_Handler
 .text._Z10printFrameP9CAN_FRAMEii
                0x00080b08       0xb4 C:\Users\uidv5371\AppData\Local\Temp\VMicroBuilds\Sketch3\arduino_due_x\CAN\due_can.cpp.o
                0x00080b08                printFrame(CAN_FRAME*, int, int)
 .text._Z11gotFrameMB0P9CAN_FRAME
                0x00080bbc        0x8 C:\Users\uidv5371\AppData\Local\Temp\VMicroBuilds\Sketch3\arduino_due_x\CAN\due_can.cpp.o
                0x00080bbc                gotFrameMB0(CAN_FRAME*)
 .text._Z11gotFrameMB2P9CAN_FRAME
                0x00080bc4        0x8 C:\Users\uidv5371\AppData\Local\Temp\VMicroBuilds\Sketch3\arduino_due_x\CAN\due_can.cpp.o
                0x00080bc4                gotFrameMB2(CAN_FRAME*)
 .text.startup._GLOBAL__sub_I__ZN6CANRawC2EP3Canm
                0x00080bcc       0x2c C:\Users\uidv5371\AppData\Local\Temp\VMicroBuilds\Sketch3\arduino_due_x\CAN\due_can.cpp.o
 .text._ZN16VisualMicroDebug14outPacketStartEb
                0x00080bf8       0x22 C:\Users\uidv5371\AppData\Local\Temp\VMicroBuilds\Sketch3\arduino_due_x\VM_DBG\VM_DBG.cpp.o
                0x00080bf8                VisualMicroDebug::outPacketStart(bool)
 .text._ZN16VisualMicroDebug14outPacketStartEv
                0x00080c1a        0x6 C:\Users\uidv5371\AppData\Local\Temp\VMicroBuilds\Sketch3\arduino_due_x\VM_DBG\VM_DBG.cpp.o
                0x00080c1a                VisualMicroDebug::outPacketStart()
 .text._ZN16VisualMicroDebug5beginEP7Serial_m
                0x00080c20       0x2c C:\Users\uidv5371\AppData\Local\Temp\VMicroBuilds\Sketch3\arduino_due_x\VM_DBG\VM_DBG.cpp.o
                0x00080c20                VisualMicroDebug::begin(Serial_*, unsigned long)
 .text._ZN16VisualMicroDebug4initEm
                0x00080c4c       0x10 C:\Users\uidv5371\AppData\Local\Temp\VMicroBuilds\Sketch3\arduino_due_x\VM_DBG\VM_DBG.cpp.o
                0x00080c4c                VisualMicroDebug::init(unsigned long)
 .text._ZN16VisualMicroDebug5startEbb
                0x00080c5c        0x2 C:\Users\uidv5371\AppData\Local\Temp\VMicroBuilds\Sketch3\arduino_due_x\VM_DBG\VM_DBG.cpp.o
                0x00080c5c                VisualMicroDebug::start(bool, bool)
 *fill*         0x00080c5e        0x2 
 .text.pmc_enable_upll_clock
                0x00080c60       0x14 C:\Users\uidv5371\AppData\Local\arduino15\packages\arduino\hardware\sam\1.6.6\variants\arduino_due_x/libsam_sam3x8e_gcc_rel.a(pmc.o)
                0x00080c60                pmc_enable_upll_clock
 .text.pmc_enable_periph_clk
                0x00080c74       0x44 C:\Users\uidv5371\AppData\Local\arduino15\packages\arduino\hardware\sam\1.6.6\variants\arduino_due_x/libsam_sam3x8e_gcc_rel.a(pmc.o)
                0x00080c74                pmc_enable_periph_clk
 .text.pmc_disable_periph_clk
                0x00080cb8       0x40 C:\Users\uidv5371\AppData\Local\arduino15\packages\arduino\hardware\sam\1.6.6\variants\arduino_due_x/libsam_sam3x8e_gcc_rel.a(pmc.o)
                0x00080cb8                pmc_disable_periph_clk
 .text.pmc_switch_udpck_to_upllck
                0x00080cf8       0x14 C:\Users\uidv5371\AppData\Local\arduino15\packages\arduino\hardware\sam\1.6.6\variants\arduino_due_x/libsam_sam3x8e_gcc_rel.a(pmc.o)
                0x00080cf8                pmc_switch_udpck_to_upllck
 .text.pmc_enable_udpck
                0x00080d0c        0xc C:\Users\uidv5371\AppData\Local\arduino15\packages\arduino\hardware\sam\1.6.6\variants\arduino_due_x/libsam_sam3x8e_gcc_rel.a(pmc.o)
                0x00080d0c                pmc_enable_udpck
 .text.SystemInit
                0x00080d18       0x88 C:\Users\uidv5371\AppData\Local\arduino15\packages\arduino\hardware\sam\1.6.6\variants\arduino_due_x/libsam_sam3x8e_gcc_rel.a(system_sam3xa.o)
                0x00080d18                SystemInit
 .text.Reset_Handler
                0x00080da0       0x78 C:\Users\uidv5371\AppData\Local\arduino15\packages\arduino\hardware\sam\1.6.6\variants\arduino_due_x/libsam_sam3x8e_gcc_rel.a(startup_sam3xa.o)
                0x00080da0                Reset_Handler
 .text.UOTGHS_Handler
                0x00080e18       0x10 C:\Users\uidv5371\AppData\Local\arduino15\packages\arduino\hardware\sam\1.6.6\variants\arduino_due_x/libsam_sam3x8e_gcc_rel.a(uotghs.o)
                0x00080e18                UOTGHS_Handler
 .text.__halt   0x00080e28        0x2 C:\Users\uidv5371\AppData\Local\Temp\VMicroBuilds\Sketch3\arduino_due_x/core.a(cortex_handlers.c.o)
                0x00080e28                DACC_Handler
                0x00080e28                DebugMon_Handler
                0x00080e28                DMAC_Handler
                0x00080e28                TRNG_Handler
                0x00080e28                HardFault_Handler
                0x00080e28                TC2_Handler
                0x00080e28                TWI1_Handler
                0x00080e28                NMI_Handler
                0x00080e28                TC7_Handler
                0x00080e28                ADC_Handler
                0x00080e28                SMC_Handler
                0x00080e28                RTT_Handler
                0x00080e28                EFC1_Handler
                0x00080e28                PIOB_Handler
                0x00080e28                RTC_Handler
                0x00080e28                UsageFault_Handler
                0x00080e28                TC6_Handler
                0x00080e28                WDT_Handler
                0x00080e28                TC4_Handler
                0x00080e28                TC1_Handler
                0x00080e28                HSMCI_Handler
                0x00080e28                TC3_Handler
                0x00080e28                TWI0_Handler
                0x00080e28                PIOA_Handler
                0x00080e28                SSC_Handler
                0x00080e28                EFC0_Handler
                0x00080e28                PMC_Handler
                0x00080e28                PWM_Handler
                0x00080e28                MemManage_Handler
                0x00080e28                SUPC_Handler
                0x00080e28                TC8_Handler
                0x00080e28                USART2_Handler
                0x00080e28                PIOD_Handler
                0x00080e28                EMAC_Handler
                0x00080e28                PIOC_Handler
                0x00080e28                BusFault_Handler
                0x00080e28                RSTC_Handler
                0x00080e28                TC0_Handler
                0x00080e28                TC5_Handler
                0x00080e28                SPI0_Handler
 .text.SVC_Handler
                0x00080e2a        0x4 C:\Users\uidv5371\AppData\Local\Temp\VMicroBuilds\Sketch3\arduino_due_x/core.a(cortex_handlers.c.o)
                0x00080e2a                SVC_Handler
 .text.PendSV_Handler
                0x00080e2e        0x4 C:\Users\uidv5371\AppData\Local\Temp\VMicroBuilds\Sketch3\arduino_due_x/core.a(cortex_handlers.c.o)
                0x00080e2e                PendSV_Handler
 .text.SysTick_Handler
                0x00080e32       0x16 C:\Users\uidv5371\AppData\Local\Temp\VMicroBuilds\Sketch3\arduino_due_x/core.a(cortex_handlers.c.o)
                0x00080e32                SysTick_Handler
 .text.__empty  0x00080e48        0x2 C:\Users\uidv5371\AppData\Local\Temp\VMicroBuilds\Sketch3\arduino_due_x/core.a(hooks.c.o)
                0x00080e48                yield
 .text.__false  0x00080e4a        0x4 C:\Users\uidv5371\AppData\Local\Temp\VMicroBuilds\Sketch3\arduino_due_x/core.a(hooks.c.o)
                0x00080e4a                sysTickHook
 .text.__halt   0x00080e4e        0x2 C:\Users\uidv5371\AppData\Local\Temp\VMicroBuilds\Sketch3\arduino_due_x/core.a(hooks.c.o)
                0x00080e4e                svcHook
                0x00080e4e                pendSVHook
 .text.millis   0x00080e50        0x4 C:\Users\uidv5371\AppData\Local\Temp\VMicroBuilds\Sketch3\arduino_due_x/core.a(wiring.c.o)
                0x00080e50                millis
 .text.delay    0x00080e54       0x1c C:\Users\uidv5371\AppData\Local\Temp\VMicroBuilds\Sketch3\arduino_due_x/core.a(wiring.c.o)
                0x00080e54                delay
 .text.pinMode  0x00080e70       0x64 C:\Users\uidv5371\AppData\Local\Temp\VMicroBuilds\Sketch3\arduino_due_x/core.a(wiring_digital.c.o)
                0x00080e70                pinMode
 .text.digitalWrite
                0x00080ed4       0x48 C:\Users\uidv5371\AppData\Local\Temp\VMicroBuilds\Sketch3\arduino_due_x/core.a(wiring_digital.c.o)
                0x00080ed4                digitalWrite
 .text.initVariant
                0x00080f1c        0x2 C:\Users\uidv5371\AppData\Local\Temp\VMicroBuilds\Sketch3\arduino_due_x/core.a(main.cpp.o)
                0x00080f1c                initVariant
 *fill*         0x00080f1e        0x2 
 .text.startup.main
                0x00080f20       0x38 C:\Users\uidv5371\AppData\Local\Temp\VMicroBuilds\Sketch3\arduino_due_x/core.a(main.cpp.o)
                0x00080f20                main
 .text._Znaj    0x00080f58        0x4 C:\Users\uidv5371\AppData\Local\Temp\VMicroBuilds\Sketch3\arduino_due_x/core.a(new.cpp.o)
                0x00080f58                operator new[](unsigned int)
 .text._ZN5Print5writeEPKhj
                0x00080f5c       0x22 C:\Users\uidv5371\AppData\Local\Temp\VMicroBuilds\Sketch3\arduino_due_x/core.a(Print.cpp.o)
                0x00080f5c                Print::write(unsigned char const*, unsigned int)
 .text._ZN5Print5writeEPKc
                0x00080f7e       0x1e C:\Users\uidv5371\AppData\Local\Temp\VMicroBuilds\Sketch3\arduino_due_x/core.a(Print.cpp.o)
                0x00080f7e                Print::write(char const*)
 .text._ZN5Print5printEPKc
                0x00080f9c        0x8 C:\Users\uidv5371\AppData\Local\Temp\VMicroBuilds\Sketch3\arduino_due_x/core.a(Print.cpp.o)
                0x00080f9c                Print::print(char const*)
 .text._ZN5Print5printEc
                0x00080fa4        0xa C:\Users\uidv5371\AppData\Local\Temp\VMicroBuilds\Sketch3\arduino_due_x/core.a(Print.cpp.o)
                0x00080fa4                Print::print(char)
 *fill*         0x00080fae        0x2 
 .text._ZN5Print7printlnEv
                0x00080fb0       0x10 C:\Users\uidv5371\AppData\Local\Temp\VMicroBuilds\Sketch3\arduino_due_x/core.a(Print.cpp.o)
                0x00080fb0                Print::println()
 .text._ZN5Print11printNumberEmh
                0x00080fc0       0x3c C:\Users\uidv5371\AppData\Local\Temp\VMicroBuilds\Sketch3\arduino_due_x/core.a(Print.cpp.o)
                0x00080fc0                Print::printNumber(unsigned long, unsigned char)
 .text._ZN5Print5printEli
                0x00080ffc       0x3c C:\Users\uidv5371\AppData\Local\Temp\VMicroBuilds\Sketch3\arduino_due_x/core.a(Print.cpp.o)
                0x00080ffc                Print::print(long, int)
 .text._ZN5Print5printEii
                0x00081038        0x4 C:\Users\uidv5371\AppData\Local\Temp\VMicroBuilds\Sketch3\arduino_due_x/core.a(Print.cpp.o)
                0x00081038                Print::print(int, int)
 .text._ZN5Print5printEmi
                0x0008103c       0x18 C:\Users\uidv5371\AppData\Local\Temp\VMicroBuilds\Sketch3\arduino_due_x/core.a(Print.cpp.o)
                0x0008103c                Print::print(unsigned long, int)
 .text._ZN5Print5printEhi
                0x00081054        0x4 C:\Users\uidv5371\AppData\Local\Temp\VMicroBuilds\Sketch3\arduino_due_x/core.a(Print.cpp.o)
                0x00081054                Print::print(unsigned char, int)
 .text._ZN5Print7printlnEmi
                0x00081058       0x14 C:\Users\uidv5371\AppData\Local\Temp\VMicroBuilds\Sketch3\arduino_due_x/core.a(Print.cpp.o)
                0x00081058                Print::println(unsigned long, int)
 .text.initiateReset
                0x0008106c        0xc C:\Users\uidv5371\AppData\Local\Temp\VMicroBuilds\Sketch3\arduino_due_x/core.a(Reset.cpp.o)
                0x0008106c                initiateReset
 .text.cancelReset
                0x00081078       0x10 C:\Users\uidv5371\AppData\Local\Temp\VMicroBuilds\Sketch3\arduino_due_x/core.a(Reset.cpp.o)
                0x00081078                cancelReset
 .text.tickReset
                0x00081088       0x20 C:\Users\uidv5371\AppData\Local\Temp\VMicroBuilds\Sketch3\arduino_due_x/core.a(Reset.cpp.o)
                0x00081088                tickReset
 .text._watchdogDefaultSetup
                0x000810a8        0xc C:\Users\uidv5371\AppData\Local\Temp\VMicroBuilds\Sketch3\arduino_due_x/core.a(watchdog.cpp.o)
                0x000810a8                _watchdogDefaultSetup
                0x000810a8                watchdogSetup()
 .text._ZN6String10invalidateEv
                0x000810b4       0x16 C:\Users\uidv5371\AppData\Local\Temp\VMicroBuilds\Sketch3\arduino_due_x/core.a(WString.cpp.o)
                0x000810b4                String::invalidate()
 .text._ZN6String12changeBufferEj
                0x000810ca       0x18 C:\Users\uidv5371\AppData\Local\Temp\VMicroBuilds\Sketch3\arduino_due_x/core.a(WString.cpp.o)
                0x000810ca                String::changeBuffer(unsigned int)
 .text._ZN6String7reserveEj
                0x000810e2       0x22 C:\Users\uidv5371\AppData\Local\Temp\VMicroBuilds\Sketch3\arduino_due_x/core.a(WString.cpp.o)
                0x000810e2                String::reserve(unsigned int)
 .text._ZN6String4copyEPKcj
                0x00081104       0x26 C:\Users\uidv5371\AppData\Local\Temp\VMicroBuilds\Sketch3\arduino_due_x/core.a(WString.cpp.o)
                0x00081104                String::copy(char const*, unsigned int)
 .text._ZN6StringC2EPKc
                0x0008112a       0x24 C:\Users\uidv5371\AppData\Local\Temp\VMicroBuilds\Sketch3\arduino_due_x/core.a(WString.cpp.o)
                0x0008112a                String::String(char const*)
                0x0008112a                String::String(char const*)
 .text._ZN6StringaSEPKc
                0x0008114e       0x22 C:\Users\uidv5371\AppData\Local\Temp\VMicroBuilds\Sketch3\arduino_due_x/core.a(WString.cpp.o)
                0x0008114e                String::operator=(char const*)
 .text._ZN7Serial_9availableEv
                0x00081170       0x18 C:\Users\uidv5371\AppData\Local\Temp\VMicroBuilds\Sketch3\arduino_due_x/core.a(CDC.cpp.o)
                0x00081170                Serial_::available()
 .text._ZN7Serial_4peekEv
                0x00081188       0x20 C:\Users\uidv5371\AppData\Local\Temp\VMicroBuilds\Sketch3\arduino_due_x/core.a(CDC.cpp.o)
                0x00081188                Serial_::peek()
 .text._ZN7Serial_5writeEh
                0x000811a8       0x16 C:\Users\uidv5371\AppData\Local\Temp\VMicroBuilds\Sketch3\arduino_due_x/core.a(CDC.cpp.o)
                0x000811a8                Serial_::write(unsigned char)
 *fill*         0x000811be        0x2 
 .text._ZN7Serial_4readEv
                0x000811c0       0x44 C:\Users\uidv5371\AppData\Local\Temp\VMicroBuilds\Sketch3\arduino_due_x/core.a(CDC.cpp.o)
                0x000811c0                Serial_::read()
 .text._ZN7Serial_5flushEv
                0x00081204        0x6 C:\Users\uidv5371\AppData\Local\Temp\VMicroBuilds\Sketch3\arduino_due_x/core.a(CDC.cpp.o)
                0x00081204                Serial_::flush()
 *fill*         0x0008120a        0x2 
 .text._ZN7Serial_6acceptEv
                0x0008120c       0x70 C:\Users\uidv5371\AppData\Local\Temp\VMicroBuilds\Sketch3\arduino_due_x/core.a(CDC.cpp.o)
                0x0008120c                Serial_::accept()
 .text._ZN7Serial_5writeEPKhj
                0x0008127c       0x2c C:\Users\uidv5371\AppData\Local\Temp\VMicroBuilds\Sketch3\arduino_due_x/core.a(CDC.cpp.o)
                0x0008127c                Serial_::write(unsigned char const*, unsigned int)
 .text._Z16CDC_GetInterfacePh
                0x000812a8       0x14 C:\Users\uidv5371\AppData\Local\Temp\VMicroBuilds\Sketch3\arduino_due_x/core.a(CDC.cpp.o)
                0x000812a8                CDC_GetInterface(unsigned char*)
 .text._Z21CDC_GetOtherInterfacePh
                0x000812bc       0x14 C:\Users\uidv5371\AppData\Local\Temp\VMicroBuilds\Sketch3\arduino_due_x/core.a(CDC.cpp.o)
                0x000812bc                CDC_GetOtherInterface(unsigned char*)
 .text._Z9CDC_SetupR8USBSetup
                0x000812d0       0x64 C:\Users\uidv5371\AppData\Local\Temp\VMicroBuilds\Sketch3\arduino_due_x/core.a(CDC.cpp.o)
                0x000812d0                CDC_Setup(USBSetup&)
 .text._ZN7Serial_5beginEm
                0x00081334        0x2 C:\Users\uidv5371\AppData\Local\Temp\VMicroBuilds\Sketch3\arduino_due_x/core.a(CDC.cpp.o)
                0x00081334                Serial_::begin(unsigned long)
 *fill*         0x00081336        0x2 
 .text._ZN7Serial_cvbEv
                0x00081338       0x28 C:\Users\uidv5371\AppData\Local\Temp\VMicroBuilds\Sketch3\arduino_due_x/core.a(CDC.cpp.o)
                0x00081338                Serial_::operator bool()
 .text.startup._GLOBAL__sub_I_cdc_rx_buffer
                0x00081360       0x1c C:\Users\uidv5371\AppData\Local\Temp\VMicroBuilds\Sketch3\arduino_due_x/core.a(CDC.cpp.o)
 .text.unlikely._ZL11USB_SendZlpv
                0x0008137c       0x20 C:\Users\uidv5371\AppData\Local\Temp\VMicroBuilds\Sketch3\arduino_due_x/core.a(USBCore.cpp.o)
 .text._Z14USBD_Availablem
                0x0008139c       0x2c C:\Users\uidv5371\AppData\Local\Temp\VMicroBuilds\Sketch3\arduino_due_x/core.a(USBCore.cpp.o)
                0x0008139c                USBD_Available(unsigned long)
 .text._Z9USBD_RecvmPvm
                0x000813c8       0x7c C:\Users\uidv5371\AppData\Local\Temp\VMicroBuilds\Sketch3\arduino_due_x/core.a(USBCore.cpp.o)
                0x000813c8                USBD_Recv(unsigned long, void*, unsigned long)
 .text._Z9USBD_Recvm
                0x00081444       0x22 C:\Users\uidv5371\AppData\Local\Temp\VMicroBuilds\Sketch3\arduino_due_x/core.a(USBCore.cpp.o)
                0x00081444                USBD_Recv(unsigned long)
 *fill*         0x00081466        0x2 
 .text._Z9USBD_SendmPKvm
                0x00081468       0x4c C:\Users\uidv5371\AppData\Local\Temp\VMicroBuilds\Sketch3\arduino_due_x/core.a(USBCore.cpp.o)
                0x00081468                USBD_Send(unsigned long, void const*, unsigned long)
 .text._Z16USBD_SendControlhPKvm
                0x000814b4       0x40 C:\Users\uidv5371\AppData\Local\Temp\VMicroBuilds\Sketch3\arduino_due_x/core.a(USBCore.cpp.o)
                0x000814b4                USBD_SendControl(unsigned char, void const*, unsigned long)
 .text.unlikely._ZL24USB_SendStringDescriptorPKhi
                0x000814f4       0x38 C:\Users\uidv5371\AppData\Local\Temp\VMicroBuilds\Sketch3\arduino_due_x/core.a(USBCore.cpp.o)
 .text._Z16USBD_RecvControlPvm
                0x0008152c       0x1c C:\Users\uidv5371\AppData\Local\Temp\VMicroBuilds\Sketch3\arduino_due_x/core.a(USBCore.cpp.o)
                0x0008152c                USBD_RecvControl(void*, unsigned long)
 .text._Z26USBD_ClassInterfaceRequestR8USBSetup
                0x00081548       0x1e C:\Users\uidv5371\AppData\Local\Temp\VMicroBuilds\Sketch3\arduino_due_x/core.a(USBCore.cpp.o)
                0x00081548                USBD_ClassInterfaceRequest(USBSetup&)
 .text._Z19USBD_SendInterfacesv
                0x00081566       0x22 C:\Users\uidv5371\AppData\Local\Temp\VMicroBuilds\Sketch3\arduino_due_x/core.a(USBCore.cpp.o)
                0x00081566                USBD_SendInterfaces()
 .text._Z24USBD_SendOtherInterfacesv
                0x00081588       0x22 C:\Users\uidv5371\AppData\Local\Temp\VMicroBuilds\Sketch3\arduino_due_x/core.a(USBCore.cpp.o)
                0x00081588                USBD_SendOtherInterfaces()
 .text._Z10USBD_Flushm
                0x000815aa       0x16 C:\Users\uidv5371\AppData\Local\Temp\VMicroBuilds\Sketch3\arduino_due_x/core.a(USBCore.cpp.o)
                0x000815aa                USBD_Flush(unsigned long)
 .text._ZN10USBDevice_C2Ev
                0x000815c0       0x24 C:\Users\uidv5371\AppData\Local\Temp\VMicroBuilds\Sketch3\arduino_due_x/core.a(USBCore.cpp.o)
                0x000815c0                USBDevice_::USBDevice_()
                0x000815c0                USBDevice_::USBDevice_()
 .text._ZN10USBDevice_6attachEv
                0x000815e4       0x20 C:\Users\uidv5371\AppData\Local\Temp\VMicroBuilds\Sketch3\arduino_due_x/core.a(USBCore.cpp.o)
                0x000815e4                USBDevice_::attach()
 .text.startup._GLOBAL__sub_I_EndPoints
                0x00081604        0xc C:\Users\uidv5371\AppData\Local\Temp\VMicroBuilds\Sketch3\arduino_due_x/core.a(USBCore.cpp.o)
 .text._ZL7USB_ISRv
                0x00081610      0x454 C:\Users\uidv5371\AppData\Local\Temp\VMicroBuilds\Sketch3\arduino_due_x/core.a(USBCore.cpp.o)
 .text._Z11serialEventv
                0x00081a64        0x2 C:\Users\uidv5371\AppData\Local\Temp\VMicroBuilds\Sketch3\arduino_due_x/core.a(variant.cpp.o)
                0x00081a64                serialEvent()
 *fill*         0x00081a66        0x2 
 .text.UART_Handler
                0x00081a68        0xc C:\Users\uidv5371\AppData\Local\Temp\VMicroBuilds\Sketch3\arduino_due_x/core.a(variant.cpp.o)
                0x00081a68                UART_Handler
 .text._Z12serialEvent1v
                0x00081a74        0x2 C:\Users\uidv5371\AppData\Local\Temp\VMicroBuilds\Sketch3\arduino_due_x/core.a(variant.cpp.o)
                0x00081a74                serialEvent1()
 .text._Z12serialEvent2v
                0x00081a76        0x2 C:\Users\uidv5371\AppData\Local\Temp\VMicroBuilds\Sketch3\arduino_due_x/core.a(variant.cpp.o)
                0x00081a76                serialEvent2()
 .text._Z12serialEvent3v
                0x00081a78        0x2 C:\Users\uidv5371\AppData\Local\Temp\VMicroBuilds\Sketch3\arduino_due_x/core.a(variant.cpp.o)
                0x00081a78                serialEvent3()
 *fill*         0x00081a7a        0x2 
 .text.USART0_Handler
                0x00081a7c        0xc C:\Users\uidv5371\AppData\Local\Temp\VMicroBuilds\Sketch3\arduino_due_x/core.a(variant.cpp.o)
                0x00081a7c                USART0_Handler
 .text.USART1_Handler
                0x00081a88        0xc C:\Users\uidv5371\AppData\Local\Temp\VMicroBuilds\Sketch3\arduino_due_x/core.a(variant.cpp.o)
                0x00081a88                USART1_Handler
 .text.USART3_Handler
                0x00081a94        0xc C:\Users\uidv5371\AppData\Local\Temp\VMicroBuilds\Sketch3\arduino_due_x/core.a(variant.cpp.o)
                0x00081a94                USART3_Handler
 .text.init     0x00081aa0      0x128 C:\Users\uidv5371\AppData\Local\Temp\VMicroBuilds\Sketch3\arduino_due_x/core.a(variant.cpp.o)
                0x00081aa0                init
 .text.startup._GLOBAL__sub_I_g_APinDescription
                0x00081bc8       0xd4 C:\Users\uidv5371\AppData\Local\Temp\VMicroBuilds\Sketch3\arduino_due_x/core.a(variant.cpp.o)
 .text._Z14serialEventRunv
                0x00081c9c       0x44 C:\Users\uidv5371\AppData\Local\Temp\VMicroBuilds\Sketch3\arduino_due_x/core.a(variant.cpp.o)
                0x00081c9c                serialEventRun()
 .text.analogOutputInit
                0x00081ce0       0x14 C:\Users\uidv5371\AppData\Local\Temp\VMicroBuilds\Sketch3\arduino_due_x/core.a(wiring_analog.c.o)
                0x00081ce0                analogOutputInit
 .text._ZN10RingBufferC2Ev
                0x00081cf4       0x1a C:\Users\uidv5371\AppData\Local\Temp\VMicroBuilds\Sketch3\arduino_due_x/core.a(RingBuffer.cpp.o)
                0x00081cf4                RingBuffer::RingBuffer()
                0x00081cf4                RingBuffer::RingBuffer()
 .text._ZN10RingBuffer10store_charEh
                0x00081d0e       0x1e C:\Users\uidv5371\AppData\Local\Temp\VMicroBuilds\Sketch3\arduino_due_x/core.a(RingBuffer.cpp.o)
                0x00081d0e                RingBuffer::store_char(unsigned char)
 .text._ZN9UARTClasscvbEv
                0x00081d2c        0x4 C:\Users\uidv5371\AppData\Local\Temp\VMicroBuilds\Sketch3\arduino_due_x/core.a(UARTClass.cpp.o)
                0x00081d2c                UARTClass::operator bool()
 .text._ZN9UARTClass9availableEv
                0x00081d30       0x12 C:\Users\uidv5371\AppData\Local\Temp\VMicroBuilds\Sketch3\arduino_due_x/core.a(UARTClass.cpp.o)
                0x00081d30                UARTClass::available()
 .text._ZN9UARTClass4peekEv
                0x00081d42       0x1c C:\Users\uidv5371\AppData\Local\Temp\VMicroBuilds\Sketch3\arduino_due_x/core.a(UARTClass.cpp.o)
                0x00081d42                UARTClass::peek()
 .text._ZN9UARTClass4readEv
                0x00081d5e       0x2a C:\Users\uidv5371\AppData\Local\Temp\VMicroBuilds\Sketch3\arduino_due_x/core.a(UARTClass.cpp.o)
                0x00081d5e                UARTClass::read()
 .text._ZN9UARTClass5flushEv
                0x00081d88       0x18 C:\Users\uidv5371\AppData\Local\Temp\VMicroBuilds\Sketch3\arduino_due_x/core.a(UARTClass.cpp.o)
                0x00081d88                UARTClass::flush()
 .text._ZN9UARTClass5writeEh
                0x00081da0       0x54 C:\Users\uidv5371\AppData\Local\Temp\VMicroBuilds\Sketch3\arduino_due_x/core.a(UARTClass.cpp.o)
                0x00081da0                UARTClass::write(unsigned char)
 .text._ZN9UARTClass3endEv
                0x00081df4       0x3c C:\Users\uidv5371\AppData\Local\Temp\VMicroBuilds\Sketch3\arduino_due_x/core.a(UARTClass.cpp.o)
                0x00081df4                UARTClass::end()
 .text._ZN9UARTClassC2EP4Uart4IRQnmP10RingBufferS4_
                0x00081e30       0x24 C:\Users\uidv5371\AppData\Local\Temp\VMicroBuilds\Sketch3\arduino_due_x/core.a(UARTClass.cpp.o)
                0x00081e30                UARTClass::UARTClass(Uart*, IRQn, unsigned long, RingBuffer*, RingBuffer*)
                0x00081e30                UARTClass::UARTClass(Uart*, IRQn, unsigned long, RingBuffer*, RingBuffer*)
 .text._ZN9UARTClass4initEmm
                0x00081e54       0x70 C:\Users\uidv5371\AppData\Local\Temp\VMicroBuilds\Sketch3\arduino_due_x/core.a(UARTClass.cpp.o)
                0x00081e54                UARTClass::init(unsigned long, unsigned long)
 .text._ZN9UARTClass5beginEm
                0x00081ec4        0x8 C:\Users\uidv5371\AppData\Local\Temp\VMicroBuilds\Sketch3\arduino_due_x/core.a(UARTClass.cpp.o)
                0x00081ec4                UARTClass::begin(unsigned long)
 .text._ZN9UARTClass10IrqHandlerEv
                0x00081ecc       0x5a C:\Users\uidv5371\AppData\Local\Temp\VMicroBuilds\Sketch3\arduino_due_x/core.a(UARTClass.cpp.o)
                0x00081ecc                UARTClass::IrqHandler()
 .text._ZN10USARTClass5beginEm
                0x00081f26        0x8 C:\Users\uidv5371\AppData\Local\Temp\VMicroBuilds\Sketch3\arduino_due_x/core.a(USARTClass.cpp.o)
                0x00081f26                USARTClass::begin(unsigned long)
 *fill*         0x00081f2e        0x2 
 .text._ZN10USARTClassC2EP5Usart4IRQnmP10RingBufferS4_
                0x00081f30       0x24 C:\Users\uidv5371\AppData\Local\Temp\VMicroBuilds\Sketch3\arduino_due_x/core.a(USARTClass.cpp.o)
                0x00081f30                USARTClass::USARTClass(Usart*, IRQn, unsigned long, RingBuffer*, RingBuffer*)
                0x00081f30                USARTClass::USARTClass(Usart*, IRQn, unsigned long, RingBuffer*, RingBuffer*)
 .text._ZN13PluggableUSB_12getInterfaceEPh
                0x00081f54       0x28 C:\Users\uidv5371\AppData\Local\Temp\VMicroBuilds\Sketch3\arduino_due_x/core.a(PluggableUSB.cpp.o)
                0x00081f54                PluggableUSB_::getInterface(unsigned char*)
 .text._ZN13PluggableUSB_13getDescriptorER8USBSetup
                0x00081f7c       0x1c C:\Users\uidv5371\AppData\Local\Temp\VMicroBuilds\Sketch3\arduino_due_x/core.a(PluggableUSB.cpp.o)
                0x00081f7c                PluggableUSB_::getDescriptor(USBSetup&)
 .text._ZN13PluggableUSB_12getShortNameEPc
                0x00081f98       0x1c C:\Users\uidv5371\AppData\Local\Temp\VMicroBuilds\Sketch3\arduino_due_x/core.a(PluggableUSB.cpp.o)
                0x00081f98                PluggableUSB_::getShortName(char*)
 .text._ZN13PluggableUSB_5setupER8USBSetup
                0x00081fb4       0x20 C:\Users\uidv5371\AppData\Local\Temp\VMicroBuilds\Sketch3\arduino_due_x/core.a(PluggableUSB.cpp.o)
                0x00081fb4                PluggableUSB_::setup(USBSetup&)
 .text._Z12PluggableUSBv
                0x00081fd4       0x28 C:\Users\uidv5371\AppData\Local\Temp\VMicroBuilds\Sketch3\arduino_due_x/core.a(PluggableUSB.cpp.o)
                0x00081fd4                PluggableUSB()
 .text.PIO_PullUp
                0x00081ffc        0xa C:\Users\uidv5371\AppData\Local\arduino15\packages\arduino\hardware\sam\1.6.6\variants\arduino_due_x/libsam_sam3x8e_gcc_rel.a(pio.o)
                0x00081ffc                PIO_PullUp
 .text.PIO_SetPeripheral
                0x00082006       0x26 C:\Users\uidv5371\AppData\Local\arduino15\packages\arduino\hardware\sam\1.6.6\variants\arduino_due_x/libsam_sam3x8e_gcc_rel.a(pio.o)
                0x00082006                PIO_SetPeripheral
 .text.PIO_SetInput
                0x0008202c       0x26 C:\Users\uidv5371\AppData\Local\arduino15\packages\arduino\hardware\sam\1.6.6\variants\arduino_due_x/libsam_sam3x8e_gcc_rel.a(pio.o)
                0x0008202c                PIO_SetInput
 .text.PIO_SetOutput
                0x00082052       0x24 C:\Users\uidv5371\AppData\Local\arduino15\packages\arduino\hardware\sam\1.6.6\variants\arduino_due_x/libsam_sam3x8e_gcc_rel.a(pio.o)
                0x00082052                PIO_SetOutput
 *fill*         0x00082076        0x2 
 .text.PIO_Configure
                0x00082078       0x64 C:\Users\uidv5371\AppData\Local\arduino15\packages\arduino\hardware\sam\1.6.6\variants\arduino_due_x/libsam_sam3x8e_gcc_rel.a(pio.o)
                0x00082078                PIO_Configure
 .text.PIO_GetOutputDataStatus
                0x000820dc       0x14 C:\Users\uidv5371\AppData\Local\arduino15\packages\arduino\hardware\sam\1.6.6\variants\arduino_due_x/libsam_sam3x8e_gcc_rel.a(pio.o)
                0x000820dc                PIO_GetOutputDataStatus
 .text.TimeTick_Increment
                0x000820f0       0x10 C:\Users\uidv5371\AppData\Local\arduino15\packages\arduino\hardware\sam\1.6.6\variants\arduino_due_x/libsam_sam3x8e_gcc_rel.a(timetick.o)
                0x000820f0                TimeTick_Increment
 .text.GetTickCount
                0x00082100        0xc C:\Users\uidv5371\AppData\Local\arduino15\packages\arduino\hardware\sam\1.6.6\variants\arduino_due_x/libsam_sam3x8e_gcc_rel.a(timetick.o)
                0x00082100                GetTickCount
 .text.WDT_Disable
                0x0008210c        0x8 C:\Users\uidv5371\AppData\Local\arduino15\packages\arduino\hardware\sam\1.6.6\variants\arduino_due_x/libsam_sam3x8e_gcc_rel.a(wdt.o)
                0x0008210c                WDT_Disable
 .text.adc_init
                0x00082114       0x98 C:\Users\uidv5371\AppData\Local\arduino15\packages\arduino\hardware\sam\1.6.6\variants\arduino_due_x/libsam_sam3x8e_gcc_rel.a(adc.o)
                0x00082114                adc_init
 .text.adc_configure_trigger
                0x000821ac        0xe C:\Users\uidv5371\AppData\Local\arduino15\packages\arduino\hardware\sam\1.6.6\variants\arduino_due_x/libsam_sam3x8e_gcc_rel.a(adc.o)
                0x000821ac                adc_configure_trigger
 .text.adc_configure_timing
                0x000821ba       0x1a C:\Users\uidv5371\AppData\Local\arduino15\packages\arduino\hardware\sam\1.6.6\variants\arduino_due_x/libsam_sam3x8e_gcc_rel.a(adc.o)
                0x000821ba                adc_configure_timing
 .text.adc_disable_all_channel
                0x000821d4        0x8 C:\Users\uidv5371\AppData\Local\arduino15\packages\arduino\hardware\sam\1.6.6\variants\arduino_due_x/libsam_sam3x8e_gcc_rel.a(adc.o)
                0x000821d4                adc_disable_all_channel
 .text.adc_disable_interrupt
                0x000821dc        0x4 C:\Users\uidv5371\AppData\Local\arduino15\packages\arduino\hardware\sam\1.6.6\variants\arduino_due_x/libsam_sam3x8e_gcc_rel.a(adc.o)
                0x000821dc                adc_disable_interrupt
 .text.UDD_SetStack
                0x000821e0        0xc C:\Users\uidv5371\AppData\Local\arduino15\packages\arduino\hardware\sam\1.6.6\variants\arduino_due_x/libsam_sam3x8e_gcc_rel.a(uotghs_device.o)
                0x000821e0                UDD_SetStack
 .text.UDD_Init
                0x000821ec       0xd0 C:\Users\uidv5371\AppData\Local\arduino15\packages\arduino\hardware\sam\1.6.6\variants\arduino_due_x/libsam_sam3x8e_gcc_rel.a(uotghs_device.o)
                0x000821ec                UDD_Init
 .text.UDD_Attach
                0x000822bc       0x50 C:\Users\uidv5371\AppData\Local\arduino15\packages\arduino\hardware\sam\1.6.6\variants\arduino_due_x/libsam_sam3x8e_gcc_rel.a(uotghs_device.o)
                0x000822bc                UDD_Attach
 .text.UDD_InitEP
                0x0008230c       0x2c C:\Users\uidv5371\AppData\Local\arduino15\packages\arduino\hardware\sam\1.6.6\variants\arduino_due_x/libsam_sam3x8e_gcc_rel.a(uotghs_device.o)
                0x0008230c                UDD_InitEP
 .text.UDD_InitEndpoints
                0x00082338       0x3c C:\Users\uidv5371\AppData\Local\arduino15\packages\arduino\hardware\sam\1.6.6\variants\arduino_due_x/libsam_sam3x8e_gcc_rel.a(uotghs_device.o)
                0x00082338                UDD_InitEndpoints
 .text.UDD_WaitIN
                0x00082374       0x10 C:\Users\uidv5371\AppData\Local\arduino15\packages\arduino\hardware\sam\1.6.6\variants\arduino_due_x/libsam_sam3x8e_gcc_rel.a(uotghs_device.o)
                0x00082374                UDD_WaitIN
 .text.UDD_WaitOUT
                0x00082384       0x10 C:\Users\uidv5371\AppData\Local\arduino15\packages\arduino\hardware\sam\1.6.6\variants\arduino_due_x/libsam_sam3x8e_gcc_rel.a(uotghs_device.o)
                0x00082384                UDD_WaitOUT
 .text.UDD_ClearIN
                0x00082394       0x18 C:\Users\uidv5371\AppData\Local\arduino15\packages\arduino\hardware\sam\1.6.6\variants\arduino_due_x/libsam_sam3x8e_gcc_rel.a(uotghs_device.o)
                0x00082394                UDD_ClearIN
 .text.UDD_ClearOUT
                0x000823ac       0x18 C:\Users\uidv5371\AppData\Local\arduino15\packages\arduino\hardware\sam\1.6.6\variants\arduino_due_x/libsam_sam3x8e_gcc_rel.a(uotghs_device.o)
                0x000823ac                UDD_ClearOUT
 .text.UDD_ReceivedSetupInt
                0x000823c4       0x10 C:\Users\uidv5371\AppData\Local\arduino15\packages\arduino\hardware\sam\1.6.6\variants\arduino_due_x/libsam_sam3x8e_gcc_rel.a(uotghs_device.o)
                0x000823c4                UDD_ReceivedSetupInt
 .text.UDD_ClearSetupInt
                0x000823d4       0x10 C:\Users\uidv5371\AppData\Local\arduino15\packages\arduino\hardware\sam\1.6.6\variants\arduino_due_x/libsam_sam3x8e_gcc_rel.a(uotghs_device.o)
                0x000823d4                UDD_ClearSetupInt
 .text.UDD_Send
                0x000823e4       0x88 C:\Users\uidv5371\AppData\Local\arduino15\packages\arduino\hardware\sam\1.6.6\variants\arduino_due_x/libsam_sam3x8e_gcc_rel.a(uotghs_device.o)
                0x000823e4                UDD_Send
 .text.UDD_Send8
                0x0008246c       0x24 C:\Users\uidv5371\AppData\Local\arduino15\packages\arduino\hardware\sam\1.6.6\variants\arduino_due_x/libsam_sam3x8e_gcc_rel.a(uotghs_device.o)
                0x0008246c                UDD_Send8
 .text.UDD_Recv8
                0x00082490       0x28 C:\Users\uidv5371\AppData\Local\arduino15\packages\arduino\hardware\sam\1.6.6\variants\arduino_due_x/libsam_sam3x8e_gcc_rel.a(uotghs_device.o)
                0x00082490                UDD_Recv8
 .text.UDD_Recv
                0x000824b8       0x34 C:\Users\uidv5371\AppData\Local\arduino15\packages\arduino\hardware\sam\1.6.6\variants\arduino_due_x/libsam_sam3x8e_gcc_rel.a(uotghs_device.o)
                0x000824b8                UDD_Recv
 .text.UDD_Stall
                0x000824ec       0x14 C:\Users\uidv5371\AppData\Local\arduino15\packages\arduino\hardware\sam\1.6.6\variants\arduino_due_x/libsam_sam3x8e_gcc_rel.a(uotghs_device.o)
                0x000824ec                UDD_Stall
 .text.UDD_FifoByteCount
                0x00082500       0x14 C:\Users\uidv5371\AppData\Local\arduino15\packages\arduino\hardware\sam\1.6.6\variants\arduino_due_x/libsam_sam3x8e_gcc_rel.a(uotghs_device.o)
                0x00082500                UDD_FifoByteCount
 .text.UDD_ReleaseRX
                0x00082514       0x28 C:\Users\uidv5371\AppData\Local\arduino15\packages\arduino\hardware\sam\1.6.6\variants\arduino_due_x/libsam_sam3x8e_gcc_rel.a(uotghs_device.o)
                0x00082514                UDD_ReleaseRX
 .text.UDD_ReleaseTX
                0x0008253c       0x28 C:\Users\uidv5371\AppData\Local\arduino15\packages\arduino\hardware\sam\1.6.6\variants\arduino_due_x/libsam_sam3x8e_gcc_rel.a(uotghs_device.o)
                0x0008253c                UDD_ReleaseTX
 .text.UDD_SetAddress
                0x00082564       0x20 C:\Users\uidv5371\AppData\Local\arduino15\packages\arduino\hardware\sam\1.6.6\variants\arduino_due_x/libsam_sam3x8e_gcc_rel.a(uotghs_device.o)
                0x00082564                UDD_SetAddress
 .text.__libc_init_array
                0x00082584       0x50 c:/users/uidv5371/appdata/local/arduino15/packages/arduino/tools/arm-none-eabi-gcc/4.8.3-2014q1/bin/../lib/gcc/arm-none-eabi/4.8.3/../../../../arm-none-eabi/lib/armv7-m\libg.a(lib_a-init.o)
                0x00082584                __libc_init_array
 .text.malloc   0x000825d4       0x10 c:/users/uidv5371/appdata/local/arduino15/packages/arduino/tools/arm-none-eabi-gcc/4.8.3-2014q1/bin/../lib/gcc/arm-none-eabi/4.8.3/../../../../arm-none-eabi/lib/armv7-m\libg.a(lib_a-malloc.o)
                0x000825d4                malloc
 .text.free     0x000825e4       0x10 c:/users/uidv5371/appdata/local/arduino15/packages/arduino/tools/arm-none-eabi-gcc/4.8.3-2014q1/bin/../lib/gcc/arm-none-eabi/4.8.3/../../../../arm-none-eabi/lib/armv7-m\libg.a(lib_a-malloc.o)
                0x000825e4                free
 .text._malloc_r
                0x000825f4      0x538 c:/users/uidv5371/appdata/local/arduino15/packages/arduino/tools/arm-none-eabi-gcc/4.8.3-2014q1/bin/../lib/gcc/arm-none-eabi/4.8.3/../../../../arm-none-eabi/lib/armv7-m\libg.a(lib_a-mallocr.o)
                0x000825f4                _malloc_r
 .text.memmove  0x00082b2c       0xcc c:/users/uidv5371/appdata/local/arduino15/packages/arduino/tools/arm-none-eabi-gcc/4.8.3-2014q1/bin/../lib/gcc/arm-none-eabi/4.8.3/../../../../arm-none-eabi/lib/armv7-m\libg.a(lib_a-memmove.o)
                0x00082b2c                memmove
 .text.memset   0x00082bf8       0x94 c:/users/uidv5371/appdata/local/arduino15/packages/arduino/tools/arm-none-eabi-gcc/4.8.3-2014q1/bin/../lib/gcc/arm-none-eabi/4.8.3/../../../../arm-none-eabi/lib/armv7-m\libg.a(lib_a-memset.o)
                0x00082bf8                memset
 .text.__malloc_lock
                0x00082c8c        0x4 c:/users/uidv5371/appdata/local/arduino15/packages/arduino/tools/arm-none-eabi-gcc/4.8.3-2014q1/bin/../lib/gcc/arm-none-eabi/4.8.3/../../../../arm-none-eabi/lib/armv7-m\libg.a(lib_a-mlock.o)
                0x00082c8c                __malloc_lock
 .text.__malloc_unlock
                0x00082c90        0x4 c:/users/uidv5371/appdata/local/arduino15/packages/arduino/tools/arm-none-eabi-gcc/4.8.3-2014q1/bin/../lib/gcc/arm-none-eabi/4.8.3/../../../../arm-none-eabi/lib/armv7-m\libg.a(lib_a-mlock.o)
                0x00082c90                __malloc_unlock
 .text.realloc  0x00082c94       0x10 c:/users/uidv5371/appdata/local/arduino15/packages/arduino/tools/arm-none-eabi-gcc/4.8.3-2014q1/bin/../lib/gcc/arm-none-eabi/4.8.3/../../../../arm-none-eabi/lib/armv7-m\libg.a(lib_a-realloc.o)
                0x00082c94                realloc
 .text._realloc_r
                0x00082ca4      0x3c0 c:/users/uidv5371/appdata/local/arduino15/packages/arduino/tools/arm-none-eabi-gcc/4.8.3-2014q1/bin/../lib/gcc/arm-none-eabi/4.8.3/../../../../arm-none-eabi/lib/armv7-m\libg.a(lib_a-reallocr.o)
                0x00082ca4                _realloc_r
 .text._sbrk_r  0x00083064       0x24 c:/users/uidv5371/appdata/local/arduino15/packages/arduino/tools/arm-none-eabi-gcc/4.8.3-2014q1/bin/../lib/gcc/arm-none-eabi/4.8.3/../../../../arm-none-eabi/lib/armv7-m\libg.a(lib_a-sbrkr.o)
                0x00083064                _sbrk_r
 .text.strcpy   0x00083088       0xbc c:/users/uidv5371/appdata/local/arduino15/packages/arduino/tools/arm-none-eabi-gcc/4.8.3-2014q1/bin/../lib/gcc/arm-none-eabi/4.8.3/../../../../arm-none-eabi/lib/armv7-m\libg.a(lib_a-strcpy.o)
                0x00083088                strcpy
 .text.strlen   0x00083144       0x60 c:/users/uidv5371/appdata/local/arduino15/packages/arduino/tools/arm-none-eabi-gcc/4.8.3-2014q1/bin/../lib/gcc/arm-none-eabi/4.8.3/../../../../arm-none-eabi/lib/armv7-m\libg.a(lib_a-strlen.o)
                0x00083144                strlen
 .text.startup.register_fini
                0x000831a4       0x14 c:/users/uidv5371/appdata/local/arduino15/packages/arduino/tools/arm-none-eabi-gcc/4.8.3-2014q1/bin/../lib/gcc/arm-none-eabi/4.8.3/../../../../arm-none-eabi/lib/armv7-m\libg.a(lib_a-__call_atexit.o)
 .text.atexit   0x000831b8        0xc c:/users/uidv5371/appdata/local/arduino15/packages/arduino/tools/arm-none-eabi-gcc/4.8.3-2014q1/bin/../lib/gcc/arm-none-eabi/4.8.3/../../../../arm-none-eabi/lib/armv7-m\libg.a(lib_a-atexit.o)
                0x000831b8                atexit
 .text.__libc_fini_array
                0x000831c4       0x30 c:/users/uidv5371/appdata/local/arduino15/packages/arduino/tools/arm-none-eabi-gcc/4.8.3-2014q1/bin/../lib/gcc/arm-none-eabi/4.8.3/../../../../arm-none-eabi/lib/armv7-m\libg.a(lib_a-fini.o)
                0x000831c4                __libc_fini_array
 .text._malloc_trim_r
                0x000831f4       0x9c c:/users/uidv5371/appdata/local/arduino15/packages/arduino/tools/arm-none-eabi-gcc/4.8.3-2014q1/bin/../lib/gcc/arm-none-eabi/4.8.3/../../../../arm-none-eabi/lib/armv7-m\libg.a(lib_a-freer.o)
                0x000831f4                _malloc_trim_r
 .text._free_r  0x00083290      0x198 c:/users/uidv5371/appdata/local/arduino15/packages/arduino/tools/arm-none-eabi-gcc/4.8.3-2014q1/bin/../lib/gcc/arm-none-eabi/4.8.3/../../../../arm-none-eabi/lib/armv7-m\libg.a(lib_a-freer.o)
                0x00083290                _free_r
 .text.__register_exitproc
                0x00083428       0xa8 c:/users/uidv5371/appdata/local/arduino15/packages/arduino/tools/arm-none-eabi-gcc/4.8.3-2014q1/bin/../lib/gcc/arm-none-eabi/4.8.3/../../../../arm-none-eabi/lib/armv7-m\libg.a(lib_a-__atexit.o)
                0x00083428                __register_exitproc
 *(.glue_7t)
 .glue_7t       0x00000000        0x0 linker stubs
 *(.glue_7)
 .glue_7        0x00000000        0x0 linker stubs
 *(.rodata .rodata* .gnu.linkonce.r.*)
 .rodata.str1.1
                0x000834d0       0x19 C:\Users\uidv5371\AppData\Local\Temp\VMicroBuilds\Sketch3\arduino_due_x\Sketch3.cpp.o
                                 0x1a (size before relaxing)
 .rodata._ZL12can_bit_time
                0x000834e9       0x6c C:\Users\uidv5371\AppData\Local\Temp\VMicroBuilds\Sketch3\arduino_due_x\CAN\due_can.cpp.o
 .rodata.CSWTCH.109
                0x00083555        0x8 C:\Users\uidv5371\AppData\Local\Temp\VMicroBuilds\Sketch3\arduino_due_x\CAN\due_can.cpp.o
 .rodata.str1.1
                0x0008355d       0x28 C:\Users\uidv5371\AppData\Local\Temp\VMicroBuilds\Sketch3\arduino_due_x\CAN\due_can.cpp.o
                                 0x30 (size before relaxing)
 .rodata.str1.1
                0x00083585        0xe C:\Users\uidv5371\AppData\Local\Temp\VMicroBuilds\Sketch3\arduino_due_x/core.a(Print.cpp.o)
                                 0x11 (size before relaxing)
 *fill*         0x00083593        0x5 
 .rodata._ZTV7Serial_
                0x00083598       0x28 C:\Users\uidv5371\AppData\Local\Temp\VMicroBuilds\Sketch3\arduino_due_x/core.a(CDC.cpp.o)
                0x00083598                vtable for Serial_
 .rodata._ZL18_cdcOtherInterface
                0x000835c0       0x42 C:\Users\uidv5371\AppData\Local\Temp\VMicroBuilds\Sketch3\arduino_due_x/core.a(CDC.cpp.o)
 .rodata._ZL13_cdcInterface
                0x00083602       0x42 C:\Users\uidv5371\AppData\Local\Temp\VMicroBuilds\Sketch3\arduino_due_x/core.a(CDC.cpp.o)
 .rodata.STRING_PRODUCT
                0x00083644        0xc C:\Users\uidv5371\AppData\Local\Temp\VMicroBuilds\Sketch3\arduino_due_x/core.a(USBCore.cpp.o)
                0x00083644                STRING_PRODUCT
 .rodata.USB_DeviceDescriptor
                0x00083650       0x12 C:\Users\uidv5371\AppData\Local\Temp\VMicroBuilds\Sketch3\arduino_due_x/core.a(USBCore.cpp.o)
                0x00083650                USB_DeviceDescriptor
 .rodata.STRING_LANGUAGE
                0x00083662        0x4 C:\Users\uidv5371\AppData\Local\Temp\VMicroBuilds\Sketch3\arduino_due_x/core.a(USBCore.cpp.o)
                0x00083662                STRING_LANGUAGE
 .rodata._ZL18test_packet_buffer
                0x00083666       0x35 C:\Users\uidv5371\AppData\Local\Temp\VMicroBuilds\Sketch3\arduino_due_x/core.a(USBCore.cpp.o)
 .rodata.STRING_MANUFACTURER
                0x0008369b        0xc C:\Users\uidv5371\AppData\Local\Temp\VMicroBuilds\Sketch3\arduino_due_x/core.a(USBCore.cpp.o)
                0x0008369b                STRING_MANUFACTURER
 .rodata.USB_DeviceDescriptorA
                0x000836a7       0x12 C:\Users\uidv5371\AppData\Local\Temp\VMicroBuilds\Sketch3\arduino_due_x/core.a(USBCore.cpp.o)
                0x000836a7                USB_DeviceDescriptorA
 .rodata._ZL19USB_DeviceQualifier
                0x000836b9        0x9 C:\Users\uidv5371\AppData\Local\Temp\VMicroBuilds\Sketch3\arduino_due_x/core.a(USBCore.cpp.o)
 *fill*         0x000836c2        0x2 
 .rodata.g_APinDescription
                0x000836c4      0xa2c C:\Users\uidv5371\AppData\Local\Temp\VMicroBuilds\Sketch3\arduino_due_x/core.a(variant.cpp.o)
                0x000836c4                g_APinDescription
 .rodata._ZTV9UARTClass
                0x000840f0       0x30 C:\Users\uidv5371\AppData\Local\Temp\VMicroBuilds\Sketch3\arduino_due_x/core.a(UARTClass.cpp.o)
                0x000840f0                vtable for UARTClass
 .rodata._ZTV10USARTClass
                0x00084120       0x30 C:\Users\uidv5371\AppData\Local\Temp\VMicroBuilds\Sketch3\arduino_due_x/core.a(USARTClass.cpp.o)
                0x00084120                vtable for USARTClass
 .rodata        0x00084150       0x40 C:\Users\uidv5371\AppData\Local\arduino15\packages\arduino\hardware\sam\1.6.6\variants\arduino_due_x/libsam_sam3x8e_gcc_rel.a(adc.o)
 .rodata.str1.4
                0x00084190        0x4 c:/users/uidv5371/appdata/local/arduino15/packages/arduino/tools/arm-none-eabi-gcc/4.8.3-2014q1/bin/../lib/gcc/arm-none-eabi/4.8.3/../../../../arm-none-eabi/lib/armv7-m\libg.a(lib_a-impure.o)
 .rodata._global_impure_ptr
                0x00084194        0x4 c:/users/uidv5371/appdata/local/arduino15/packages/arduino/tools/arm-none-eabi-gcc/4.8.3-2014q1/bin/../lib/gcc/arm-none-eabi/4.8.3/../../../../arm-none-eabi/lib/armv7-m\libg.a(lib_a-impure.o)
                0x00084194                _global_impure_ptr
 *(.ARM.extab* .gnu.linkonce.armextab.*)
                0x00084198                . = ALIGN (0x4)
 *(.init)
 .init          0x00084198        0x4 c:/users/uidv5371/appdata/local/arduino15/packages/arduino/tools/arm-none-eabi-gcc/4.8.3-2014q1/bin/../lib/gcc/arm-none-eabi/4.8.3/armv7-m/crti.o
                0x00084198                _init
 .init          0x0008419c        0x8 c:/users/uidv5371/appdata/local/arduino15/packages/arduino/tools/arm-none-eabi-gcc/4.8.3-2014q1/bin/../lib/gcc/arm-none-eabi/4.8.3/armv7-m/crtn.o
                0x000841a4                . = ALIGN (0x4)
                0x000841a4                __preinit_array_start = .
 *(.preinit_array)
                0x000841a4                __preinit_array_end = .
                0x000841a4                . = ALIGN (0x4)
                0x000841a4                __init_array_start = .
 *(SORT(.init_array.*))
 .init_array.00000
                0x000841a4        0x4 c:/users/uidv5371/appdata/local/arduino15/packages/arduino/tools/arm-none-eabi-gcc/4.8.3-2014q1/bin/../lib/gcc/arm-none-eabi/4.8.3/../../../../arm-none-eabi/lib/armv7-m\libg.a(lib_a-__call_atexit.o)
 *(.init_array)
 .init_array    0x000841a8        0x4 c:/users/uidv5371/appdata/local/arduino15/packages/arduino/tools/arm-none-eabi-gcc/4.8.3-2014q1/bin/../lib/gcc/arm-none-eabi/4.8.3/armv7-m/crtbegin.o
 .init_array    0x000841ac        0x4 C:\Users\uidv5371\AppData\Local\Temp\VMicroBuilds\Sketch3\arduino_due_x\CAN\due_can.cpp.o
 .init_array    0x000841b0        0x4 C:\Users\uidv5371\AppData\Local\Temp\VMicroBuilds\Sketch3\arduino_due_x/core.a(CDC.cpp.o)
 .init_array    0x000841b4        0x4 C:\Users\uidv5371\AppData\Local\Temp\VMicroBuilds\Sketch3\arduino_due_x/core.a(USBCore.cpp.o)
 .init_array    0x000841b8        0x4 C:\Users\uidv5371\AppData\Local\Temp\VMicroBuilds\Sketch3\arduino_due_x/core.a(variant.cpp.o)
                0x000841bc                __init_array_end = .
                0x000841bc                . = ALIGN (0x4)
 *crtbegin.o(.ctors)
 *(EXCLUDE_FILE(*crtend.o) .ctors)
 *(SORT(.ctors.*))
 *crtend.o(.ctors)
                0x000841bc                . = ALIGN (0x4)
 *(.fini)
 .fini          0x000841bc        0x4 c:/users/uidv5371/appdata/local/arduino15/packages/arduino/tools/arm-none-eabi-gcc/4.8.3-2014q1/bin/../lib/gcc/arm-none-eabi/4.8.3/armv7-m/crti.o
                0x000841bc                _fini
 .fini          0x000841c0        0x8 c:/users/uidv5371/appdata/local/arduino15/packages/arduino/tools/arm-none-eabi-gcc/4.8.3-2014q1/bin/../lib/gcc/arm-none-eabi/4.8.3/armv7-m/crtn.o
                0x000841c8                . = ALIGN (0x4)
                0x000841c8                __fini_array_start = .
 *(.fini_array)
 .fini_array    0x000841c8        0x4 c:/users/uidv5371/appdata/local/arduino15/packages/arduino/tools/arm-none-eabi-gcc/4.8.3-2014q1/bin/../lib/gcc/arm-none-eabi/4.8.3/armv7-m/crtbegin.o
 *(SORT(.fini_array.*))
                0x000841cc                __fini_array_end = .
 *crtbegin.o(.dtors)
 *(EXCLUDE_FILE(*crtend.o) .dtors)
 *(SORT(.dtors.*))
 *crtend.o(.dtors)
                0x000841cc                . = ALIGN (0x4)
                0x000841cc                _efixed = .
                0x000841cc                PROVIDE (__exidx_start, .)

.vfp11_veneer   0x000841cc        0x0
 .vfp11_veneer  0x00000000        0x0 linker stubs

.v4_bx          0x000841cc        0x0
 .v4_bx         0x00000000        0x0 linker stubs

.iplt           0x000841cc        0x0
 .iplt          0x00000000        0x0 c:/users/uidv5371/appdata/local/arduino15/packages/arduino/tools/arm-none-eabi-gcc/4.8.3-2014q1/bin/../lib/gcc/arm-none-eabi/4.8.3/armv7-m/crtbegin.o

.eh_frame       0x000841cc        0x0
 .eh_frame      0x000841cc        0x0 c:/users/uidv5371/appdata/local/arduino15/packages/arduino/tools/arm-none-eabi-gcc/4.8.3-2014q1/bin/../lib/gcc/arm-none-eabi/4.8.3/armv7-m/crtbegin.o

.rel.dyn        0x000841cc        0x0
 .rel.iplt      0x00000000        0x0 c:/users/uidv5371/appdata/local/arduino15/packages/arduino/tools/arm-none-eabi-gcc/4.8.3-2014q1/bin/../lib/gcc/arm-none-eabi/4.8.3/armv7-m/crtbegin.o

.jcr            0x000841cc        0x0
 .jcr           0x000841cc        0x0 c:/users/uidv5371/appdata/local/arduino15/packages/arduino/tools/arm-none-eabi-gcc/4.8.3-2014q1/bin/../lib/gcc/arm-none-eabi/4.8.3/armv7-m/crtbegin.o

.igot.plt       0x000841cc        0x0
 .igot.plt      0x00000000        0x0 c:/users/uidv5371/appdata/local/arduino15/packages/arduino/tools/arm-none-eabi-gcc/4.8.3-2014q1/bin/../lib/gcc/arm-none-eabi/4.8.3/armv7-m/crtbegin.o

.ARM.exidx
 *(.ARM.exidx* .gnu.linkonce.armexidx.*)
                0x000841cc                PROVIDE (__exidx_end, .)
                0x000841cc                . = ALIGN (0x4)
                0x000841cc                _etext = .

.relocate       0x20070000      0x8ac load address 0x000841cc
                0x20070000                . = ALIGN (0x4)
                0x20070000                _srelocate = .
 *(.ramfunc .ramfunc.*)
 .ramfunc       0x20070000       0x2c C:\Users\uidv5371\AppData\Local\Temp\VMicroBuilds\Sketch3\arduino_due_x/core.a(Reset.cpp.o)
                0x20070000                banzai
 *(.data .data.*)
 .data.interval
                0x2007002c        0x4 C:\Users\uidv5371\AppData\Local\Temp\VMicroBuilds\Sketch3\arduino_due_x\Sketch3.cpp.o
                0x2007002c                interval
 .data.SystemCoreClock
                0x20070030        0x4 C:\Users\uidv5371\AppData\Local\arduino15\packages\arduino\hardware\sam\1.6.6\variants\arduino_due_x/libsam_sam3x8e_gcc_rel.a(system_sam3xa.o)
                0x20070030                SystemCoreClock
 .data._ZL5ticks
                0x20070034        0x4 C:\Users\uidv5371\AppData\Local\Temp\VMicroBuilds\Sketch3\arduino_due_x/core.a(Reset.cpp.o)
 .data._ZL12_usbLineInfo
                0x20070038        0x8 C:\Users\uidv5371\AppData\Local\Temp\VMicroBuilds\Sketch3\arduino_due_x/core.a(CDC.cpp.o)
 .data.EndPoints
                0x20070040       0x28 C:\Users\uidv5371\AppData\Local\Temp\VMicroBuilds\Sketch3\arduino_due_x/core.a(USBCore.cpp.o)
                0x20070040                EndPoints
 .data.g_interrupt_enabled
                0x20070068        0x4 C:\Users\uidv5371\AppData\Local\arduino15\packages\arduino\hardware\sam\1.6.6\variants\arduino_due_x/libsam_sam3x8e_gcc_rel.a(interrupt_sam_nvic.o)
                0x20070068                g_interrupt_enabled
 *fill*         0x2007006c        0x4 
 .data.impure_data
                0x20070070      0x428 c:/users/uidv5371/appdata/local/arduino15/packages/arduino/tools/arm-none-eabi-gcc/4.8.3-2014q1/bin/../lib/gcc/arm-none-eabi/4.8.3/../../../../arm-none-eabi/lib/armv7-m\libg.a(lib_a-impure.o)
 .data._impure_ptr
                0x20070498        0x4 c:/users/uidv5371/appdata/local/arduino15/packages/arduino/tools/arm-none-eabi-gcc/4.8.3-2014q1/bin/../lib/gcc/arm-none-eabi/4.8.3/../../../../arm-none-eabi/lib/armv7-m\libg.a(lib_a-impure.o)
                0x20070498                _impure_ptr
 .data.__malloc_av_
                0x2007049c      0x408 c:/users/uidv5371/appdata/local/arduino15/packages/arduino/tools/arm-none-eabi-gcc/4.8.3-2014q1/bin/../lib/gcc/arm-none-eabi/4.8.3/../../../../arm-none-eabi/lib/armv7-m\libg.a(lib_a-mallocr.o)
                0x2007049c                __malloc_av_
 .data.__malloc_trim_threshold
                0x200708a4        0x4 c:/users/uidv5371/appdata/local/arduino15/packages/arduino/tools/arm-none-eabi-gcc/4.8.3-2014q1/bin/../lib/gcc/arm-none-eabi/4.8.3/../../../../arm-none-eabi/lib/armv7-m\libg.a(lib_a-mallocr.o)
                0x200708a4                __malloc_trim_threshold
 .data.__malloc_sbrk_base
                0x200708a8        0x4 c:/users/uidv5371/appdata/local/arduino15/packages/arduino/tools/arm-none-eabi-gcc/4.8.3-2014q1/bin/../lib/gcc/arm-none-eabi/4.8.3/../../../../arm-none-eabi/lib/armv7-m\libg.a(lib_a-mallocr.o)
                0x200708a8                __malloc_sbrk_base
                0x200708ac                . = ALIGN (0x4)
                0x200708ac                _erelocate = .

.bss            0x200708ac     0x1224 load address 0x00084a78
                0x200708ac                . = ALIGN (0x4)
                0x200708ac                _sbss = .
                0x200708ac                _szero = .
 *(.bss .bss.*)
 .bss           0x200708ac       0x1c c:/users/uidv5371/appdata/local/arduino15/packages/arduino/tools/arm-none-eabi-gcc/4.8.3-2014q1/bin/../lib/gcc/arm-none-eabi/4.8.3/armv7-m/crtbegin.o
 .bss.heap.6420
                0x200708c8        0x4 C:\Users\uidv5371\AppData\Local\Temp\VMicroBuilds\Sketch3\arduino_due_x/core/syscalls_sam3.c.o
 .bss.previousMillis
                0x200708cc        0x4 C:\Users\uidv5371\AppData\Local\Temp\VMicroBuilds\Sketch3\arduino_due_x\Sketch3.cpp.o
                0x200708cc                previousMillis
 .bss.Can0      0x200708d0      0x4d8 C:\Users\uidv5371\AppData\Local\Temp\VMicroBuilds\Sketch3\arduino_due_x\CAN\due_can.cpp.o
                0x200708d0                Can0
 .bss._ZGVZN6CANRaw12set_baudrateEmE6ul_mck
                0x20070da8        0x4 C:\Users\uidv5371\AppData\Local\Temp\VMicroBuilds\Sketch3\arduino_due_x\CAN\due_can.cpp.o
 .bss._ZZN6CANRaw12set_baudrateEmE6ul_mck
                0x20070dac        0x4 C:\Users\uidv5371\AppData\Local\Temp\VMicroBuilds\Sketch3\arduino_due_x\CAN\due_can.cpp.o
 .bss.Can1      0x20070db0      0x4d8 C:\Users\uidv5371\AppData\Local\Temp\VMicroBuilds\Sketch3\arduino_due_x\CAN\due_can.cpp.o
                0x20070db0                Can1
 .bss.StRegister
                0x20071288        0x4 C:\Users\uidv5371\AppData\Local\Temp\VMicroBuilds\Sketch3\arduino_due_x\CAN\due_can.cpp.o
                0x20071288                StRegister
 .bss.MicroDebug
                0x2007128c       0x3c C:\Users\uidv5371\AppData\Local\Temp\VMicroBuilds\Sketch3\arduino_due_x\VM_DBG\VM_DBG.cpp.o
                0x2007128c                MicroDebug
 .bss.gpf_isr   0x200712c8        0x4 C:\Users\uidv5371\AppData\Local\arduino15\packages\arduino\hardware\sam\1.6.6\variants\arduino_due_x/libsam_sam3x8e_gcc_rel.a(uotghs.o)
                0x200712c8                gpf_isr
 .bss.cdc_rx_buffer
                0x200712cc      0x208 C:\Users\uidv5371\AppData\Local\Temp\VMicroBuilds\Sketch3\arduino_due_x/core.a(CDC.cpp.o)
                0x200712cc                cdc_rx_buffer
 .bss._ZZN7Serial_6acceptEvE5guard
                0x200714d4        0x4 C:\Users\uidv5371\AppData\Local\Temp\VMicroBuilds\Sketch3\arduino_due_x/core.a(CDC.cpp.o)
 .bss.SerialUSB
                0x200714d8       0x14 C:\Users\uidv5371\AppData\Local\Temp\VMicroBuilds\Sketch3\arduino_due_x/core.a(CDC.cpp.o)
                0x200714d8                SerialUSB
 .bss._cmark    0x200714ec        0x2 C:\Users\uidv5371\AppData\Local\Temp\VMicroBuilds\Sketch3\arduino_due_x/core.a(USBCore.cpp.o)
                0x200714ec                _cmark
 .bss._ZL14isEndpointHalt
                0x200714ee        0x1 C:\Users\uidv5371\AppData\Local\Temp\VMicroBuilds\Sketch3\arduino_due_x/core.a(USBCore.cpp.o)
 *fill*         0x200714ef        0x1 
 .bss._cdcComposite
                0x200714f0        0x4 C:\Users\uidv5371\AppData\Local\Temp\VMicroBuilds\Sketch3\arduino_due_x/core.a(USBCore.cpp.o)
                0x200714f0                _cdcComposite
 .bss._ZL21isRemoteWakeUpEnabled
                0x200714f4        0x1 C:\Users\uidv5371\AppData\Local\Temp\VMicroBuilds\Sketch3\arduino_due_x/core.a(USBCore.cpp.o)
 *fill*         0x200714f5        0x3 
 .bss._usbInitialized
                0x200714f8        0x4 C:\Users\uidv5371\AppData\Local\Temp\VMicroBuilds\Sketch3\arduino_due_x/core.a(USBCore.cpp.o)
                0x200714f8                _usbInitialized
 .bss.USBDevice
                0x200714fc        0x1 C:\Users\uidv5371\AppData\Local\Temp\VMicroBuilds\Sketch3\arduino_due_x/core.a(USBCore.cpp.o)
                0x200714fc                USBDevice
 *fill*         0x200714fd        0x3 
 .bss._usbSetInterface
                0x20071500        0x4 C:\Users\uidv5371\AppData\Local\Temp\VMicroBuilds\Sketch3\arduino_due_x/core.a(USBCore.cpp.o)
                0x20071500                _usbSetInterface
 .bss._cend     0x20071504        0x2 C:\Users\uidv5371\AppData\Local\Temp\VMicroBuilds\Sketch3\arduino_due_x/core.a(USBCore.cpp.o)
                0x20071504                _cend
 *fill*         0x20071506        0x2 
 .bss._usbConfiguration
                0x20071508        0x4 C:\Users\uidv5371\AppData\Local\Temp\VMicroBuilds\Sketch3\arduino_due_x/core.a(USBCore.cpp.o)
                0x20071508                _usbConfiguration
 .bss.tx_buffer2
                0x2007150c       0x88 C:\Users\uidv5371\AppData\Local\Temp\VMicroBuilds\Sketch3\arduino_due_x/core.a(variant.cpp.o)
                0x2007150c                tx_buffer2
 .bss.tx_buffer1
                0x20071594       0x88 C:\Users\uidv5371\AppData\Local\Temp\VMicroBuilds\Sketch3\arduino_due_x/core.a(variant.cpp.o)
                0x20071594                tx_buffer1
 .bss.Serial    0x2007161c       0x24 C:\Users\uidv5371\AppData\Local\Temp\VMicroBuilds\Sketch3\arduino_due_x/core.a(variant.cpp.o)
                0x2007161c                Serial
 .bss.rx_buffer1
                0x20071640       0x88 C:\Users\uidv5371\AppData\Local\Temp\VMicroBuilds\Sketch3\arduino_due_x/core.a(variant.cpp.o)
                0x20071640                rx_buffer1
 .bss.Serial1   0x200716c8       0x28 C:\Users\uidv5371\AppData\Local\Temp\VMicroBuilds\Sketch3\arduino_due_x/core.a(variant.cpp.o)
                0x200716c8                Serial1
 .bss.Serial2   0x200716f0       0x28 C:\Users\uidv5371\AppData\Local\Temp\VMicroBuilds\Sketch3\arduino_due_x/core.a(variant.cpp.o)
                0x200716f0                Serial2
 .bss.Serial3   0x20071718       0x28 C:\Users\uidv5371\AppData\Local\Temp\VMicroBuilds\Sketch3\arduino_due_x/core.a(variant.cpp.o)
                0x20071718                Serial3
 .bss.tx_buffer3
                0x20071740       0x88 C:\Users\uidv5371\AppData\Local\Temp\VMicroBuilds\Sketch3\arduino_due_x/core.a(variant.cpp.o)
                0x20071740                tx_buffer3
 .bss.tx_buffer4
                0x200717c8       0x88 C:\Users\uidv5371\AppData\Local\Temp\VMicroBuilds\Sketch3\arduino_due_x/core.a(variant.cpp.o)
                0x200717c8                tx_buffer4
 .bss.rx_buffer2
                0x20071850       0x88 C:\Users\uidv5371\AppData\Local\Temp\VMicroBuilds\Sketch3\arduino_due_x/core.a(variant.cpp.o)
                0x20071850                rx_buffer2
 .bss.rx_buffer3
                0x200718d8       0x88 C:\Users\uidv5371\AppData\Local\Temp\VMicroBuilds\Sketch3\arduino_due_x/core.a(variant.cpp.o)
                0x200718d8                rx_buffer3
 .bss.rx_buffer4
                0x20071960       0x88 C:\Users\uidv5371\AppData\Local\Temp\VMicroBuilds\Sketch3\arduino_due_x/core.a(variant.cpp.o)
                0x20071960                rx_buffer4
 .bss.pinEnabled
                0x200719e8       0x4f C:\Users\uidv5371\AppData\Local\Temp\VMicroBuilds\Sketch3\arduino_due_x/core.a(wiring_analog.c.o)
 *fill*         0x20071a37        0x1 
 .bss._ZZ12PluggableUSBvE3obj
                0x20071a38        0x8 C:\Users\uidv5371\AppData\Local\Temp\VMicroBuilds\Sketch3\arduino_due_x/core.a(PluggableUSB.cpp.o)
 .bss._ZGVZ12PluggableUSBvE3obj
                0x20071a40        0x4 C:\Users\uidv5371\AppData\Local\Temp\VMicroBuilds\Sketch3\arduino_due_x/core.a(PluggableUSB.cpp.o)
 .bss._dwTickCount
                0x20071a44        0x4 C:\Users\uidv5371\AppData\Local\arduino15\packages\arduino\hardware\sam\1.6.6\variants\arduino_due_x/libsam_sam3x8e_gcc_rel.a(timetick.o)
 .bss.ul_recv_fifo_ptr
                0x20071a48       0x28 C:\Users\uidv5371\AppData\Local\arduino15\packages\arduino\hardware\sam\1.6.6\variants\arduino_due_x/libsam_sam3x8e_gcc_rel.a(uotghs_device.o)
 .bss.ul_send_fifo_ptr
                0x20071a70       0x28 C:\Users\uidv5371\AppData\Local\arduino15\packages\arduino\hardware\sam\1.6.6\variants\arduino_due_x/libsam_sam3x8e_gcc_rel.a(uotghs_device.o)
 .bss.__malloc_max_total_mem
                0x20071a98        0x4 c:/users/uidv5371/appdata/local/arduino15/packages/arduino/tools/arm-none-eabi-gcc/4.8.3-2014q1/bin/../lib/gcc/arm-none-eabi/4.8.3/../../../../arm-none-eabi/lib/armv7-m\libg.a(lib_a-mallocr.o)
                0x20071a98                __malloc_max_total_mem
 .bss.__malloc_max_sbrked_mem
                0x20071a9c        0x4 c:/users/uidv5371/appdata/local/arduino15/packages/arduino/tools/arm-none-eabi-gcc/4.8.3-2014q1/bin/../lib/gcc/arm-none-eabi/4.8.3/../../../../arm-none-eabi/lib/armv7-m\libg.a(lib_a-mallocr.o)
                0x20071a9c                __malloc_max_sbrked_mem
 .bss.__malloc_top_pad
                0x20071aa0        0x4 c:/users/uidv5371/appdata/local/arduino15/packages/arduino/tools/arm-none-eabi-gcc/4.8.3-2014q1/bin/../lib/gcc/arm-none-eabi/4.8.3/../../../../arm-none-eabi/lib/armv7-m\libg.a(lib_a-mallocr.o)
                0x20071aa0                __malloc_top_pad
 .bss.__malloc_current_mallinfo
                0x20071aa4       0x28 c:/users/uidv5371/appdata/local/arduino15/packages/arduino/tools/arm-none-eabi-gcc/4.8.3-2014q1/bin/../lib/gcc/arm-none-eabi/4.8.3/../../../../arm-none-eabi/lib/armv7-m\libg.a(lib_a-mallocr.o)
                0x20071aa4                __malloc_current_mallinfo
 *(COMMON)
 COMMON         0x20071acc        0x4 c:/users/uidv5371/appdata/local/arduino15/packages/arduino/tools/arm-none-eabi-gcc/4.8.3-2014q1/bin/../lib/gcc/arm-none-eabi/4.8.3/../../../../arm-none-eabi/lib/armv7-m\libg.a(lib_a-reent.o)
                0x20071acc                errno
                0x20071ad0                . = ALIGN (0x4)
                0x20071ad0                _ebss = .
                0x20071ad0                _ezero = .
                0x20071ad0                . = ALIGN (0x4)
                0x20071ad0                _end = .

.stack_dummy    0x20071ad0        0x0
 *(.stack*)
                0x20088000                __StackTop = (ORIGIN (ram) + 0x18000)
                0x20088000                __StackLimit = (__StackTop - SIZEOF (.stack_dummy))
                0x20088000                PROVIDE (_sstack, __StackLimit)
                0x20088000                PROVIDE (_estack, __StackTop)
OUTPUT(C:\Users\uidv5371\AppData\Local\Temp\VMicroBuilds\Sketch3\arduino_due_x/Sketch3.ino.elf elf32-littlearm)

.ARM.attributes
                0x00000000       0x29
 .ARM.attributes
                0x00000000       0x1d c:/users/uidv5371/appdata/local/arduino15/packages/arduino/tools/arm-none-eabi-gcc/4.8.3-2014q1/bin/../lib/gcc/arm-none-eabi/4.8.3/armv7-m/crti.o
 .ARM.attributes
                0x0000001d       0x2d c:/users/uidv5371/appdata/local/arduino15/packages/arduino/tools/arm-none-eabi-gcc/4.8.3-2014q1/bin/../lib/gcc/arm-none-eabi/4.8.3/armv7-m/crtbegin.o
 .ARM.attributes
                0x0000004a       0x33 C:\Users\uidv5371\AppData\Local\Temp\VMicroBuilds\Sketch3\arduino_due_x/core/syscalls_sam3.c.o
 .ARM.attributes
                0x0000007d       0x33 C:\Users\uidv5371\AppData\Local\Temp\VMicroBuilds\Sketch3\arduino_due_x\Sketch3.cpp.o
 .ARM.attributes
                0x000000b0       0x33 C:\Users\uidv5371\AppData\Local\Temp\VMicroBuilds\Sketch3\arduino_due_x\CAN\due_can.cpp.o
 .ARM.attributes
                0x000000e3       0x33 C:\Users\uidv5371\AppData\Local\Temp\VMicroBuilds\Sketch3\arduino_due_x\VM_DBG\VM_DBG.cpp.o
 .ARM.attributes
                0x00000116       0x33 C:\Users\uidv5371\AppData\Local\arduino15\packages\arduino\hardware\sam\1.6.6\variants\arduino_due_x/libsam_sam3x8e_gcc_rel.a(pmc.o)
 .ARM.attributes
                0x00000149       0x33 C:\Users\uidv5371\AppData\Local\arduino15\packages\arduino\hardware\sam\1.6.6\variants\arduino_due_x/libsam_sam3x8e_gcc_rel.a(system_sam3xa.o)
 .ARM.attributes
                0x0000017c       0x33 C:\Users\uidv5371\AppData\Local\arduino15\packages\arduino\hardware\sam\1.6.6\variants\arduino_due_x/libsam_sam3x8e_gcc_rel.a(startup_sam3xa.o)
 .ARM.attributes
                0x000001af       0x33 C:\Users\uidv5371\AppData\Local\arduino15\packages\arduino\hardware\sam\1.6.6\variants\arduino_due_x/libsam_sam3x8e_gcc_rel.a(uotghs.o)
 .ARM.attributes
                0x000001e2       0x33 C:\Users\uidv5371\AppData\Local\Temp\VMicroBuilds\Sketch3\arduino_due_x/core.a(cortex_handlers.c.o)
 .ARM.attributes
                0x00000215       0x33 C:\Users\uidv5371\AppData\Local\Temp\VMicroBuilds\Sketch3\arduino_due_x/core.a(hooks.c.o)
 .ARM.attributes
                0x00000248       0x33 C:\Users\uidv5371\AppData\Local\Temp\VMicroBuilds\Sketch3\arduino_due_x/core.a(wiring.c.o)
 .ARM.attributes
                0x0000027b       0x33 C:\Users\uidv5371\AppData\Local\Temp\VMicroBuilds\Sketch3\arduino_due_x/core.a(wiring_digital.c.o)
 .ARM.attributes
                0x000002ae       0x33 C:\Users\uidv5371\AppData\Local\Temp\VMicroBuilds\Sketch3\arduino_due_x/core.a(main.cpp.o)
 .ARM.attributes
                0x000002e1       0x33 C:\Users\uidv5371\AppData\Local\Temp\VMicroBuilds\Sketch3\arduino_due_x/core.a(new.cpp.o)
 .ARM.attributes
                0x00000314       0x33 C:\Users\uidv5371\AppData\Local\Temp\VMicroBuilds\Sketch3\arduino_due_x/core.a(Print.cpp.o)
 .ARM.attributes
                0x00000347       0x33 C:\Users\uidv5371\AppData\Local\Temp\VMicroBuilds\Sketch3\arduino_due_x/core.a(Reset.cpp.o)
 .ARM.attributes
                0x0000037a       0x33 C:\Users\uidv5371\AppData\Local\Temp\VMicroBuilds\Sketch3\arduino_due_x/core.a(watchdog.cpp.o)
 .ARM.attributes
                0x000003ad       0x33 C:\Users\uidv5371\AppData\Local\Temp\VMicroBuilds\Sketch3\arduino_due_x/core.a(WString.cpp.o)
 .ARM.attributes
                0x000003e0       0x33 C:\Users\uidv5371\AppData\Local\Temp\VMicroBuilds\Sketch3\arduino_due_x/core.a(CDC.cpp.o)
 .ARM.attributes
                0x00000413       0x33 C:\Users\uidv5371\AppData\Local\Temp\VMicroBuilds\Sketch3\arduino_due_x/core.a(USBCore.cpp.o)
 .ARM.attributes
                0x00000446       0x33 C:\Users\uidv5371\AppData\Local\Temp\VMicroBuilds\Sketch3\arduino_due_x/core.a(variant.cpp.o)
 .ARM.attributes
                0x00000479       0x33 C:\Users\uidv5371\AppData\Local\Temp\VMicroBuilds\Sketch3\arduino_due_x/core.a(wiring_analog.c.o)
 .ARM.attributes
                0x000004ac       0x33 C:\Users\uidv5371\AppData\Local\Temp\VMicroBuilds\Sketch3\arduino_due_x/core.a(RingBuffer.cpp.o)
 .ARM.attributes
                0x000004df       0x33 C:\Users\uidv5371\AppData\Local\Temp\VMicroBuilds\Sketch3\arduino_due_x/core.a(UARTClass.cpp.o)
 .ARM.attributes
                0x00000512       0x33 C:\Users\uidv5371\AppData\Local\Temp\VMicroBuilds\Sketch3\arduino_due_x/core.a(USARTClass.cpp.o)
 .ARM.attributes
                0x00000545       0x33 C:\Users\uidv5371\AppData\Local\Temp\VMicroBuilds\Sketch3\arduino_due_x/core.a(PluggableUSB.cpp.o)
 .ARM.attributes
                0x00000578       0x33 C:\Users\uidv5371\AppData\Local\arduino15\packages\arduino\hardware\sam\1.6.6\variants\arduino_due_x/libsam_sam3x8e_gcc_rel.a(pio.o)
 .ARM.attributes
                0x000005ab       0x33 C:\Users\uidv5371\AppData\Local\arduino15\packages\arduino\hardware\sam\1.6.6\variants\arduino_due_x/libsam_sam3x8e_gcc_rel.a(timetick.o)
 .ARM.attributes
                0x000005de       0x33 C:\Users\uidv5371\AppData\Local\arduino15\packages\arduino\hardware\sam\1.6.6\variants\arduino_due_x/libsam_sam3x8e_gcc_rel.a(wdt.o)
 .ARM.attributes
                0x00000611       0x33 C:\Users\uidv5371\AppData\Local\arduino15\packages\arduino\hardware\sam\1.6.6\variants\arduino_due_x/libsam_sam3x8e_gcc_rel.a(adc.o)
 .ARM.attributes
                0x00000644       0x33 C:\Users\uidv5371\AppData\Local\arduino15\packages\arduino\hardware\sam\1.6.6\variants\arduino_due_x/libsam_sam3x8e_gcc_rel.a(interrupt_sam_nvic.o)
 .ARM.attributes
                0x00000677       0x33 C:\Users\uidv5371\AppData\Local\arduino15\packages\arduino\hardware\sam\1.6.6\variants\arduino_due_x/libsam_sam3x8e_gcc_rel.a(uotghs_device.o)
 .ARM.attributes
                0x000006aa       0x2d c:/users/uidv5371/appdata/local/arduino15/packages/arduino/tools/arm-none-eabi-gcc/4.8.3-2014q1/bin/../lib/gcc/arm-none-eabi/4.8.3/../../../../arm-none-eabi/lib/armv7-m\libg.a(lib_a-impure.o)
 .ARM.attributes
                0x000006d7       0x2d c:/users/uidv5371/appdata/local/arduino15/packages/arduino/tools/arm-none-eabi-gcc/4.8.3-2014q1/bin/../lib/gcc/arm-none-eabi/4.8.3/../../../../arm-none-eabi/lib/armv7-m\libg.a(lib_a-init.o)
 .ARM.attributes
                0x00000704       0x2d c:/users/uidv5371/appdata/local/arduino15/packages/arduino/tools/arm-none-eabi-gcc/4.8.3-2014q1/bin/../lib/gcc/arm-none-eabi/4.8.3/../../../../arm-none-eabi/lib/armv7-m\libg.a(lib_a-malloc.o)
 .ARM.attributes
                0x00000731       0x2d c:/users/uidv5371/appdata/local/arduino15/packages/arduino/tools/arm-none-eabi-gcc/4.8.3-2014q1/bin/../lib/gcc/arm-none-eabi/4.8.3/../../../../arm-none-eabi/lib/armv7-m\libg.a(lib_a-mallocr.o)
 .ARM.attributes
                0x0000075e       0x2d c:/users/uidv5371/appdata/local/arduino15/packages/arduino/tools/arm-none-eabi-gcc/4.8.3-2014q1/bin/../lib/gcc/arm-none-eabi/4.8.3/../../../../arm-none-eabi/lib/armv7-m\libg.a(lib_a-memmove.o)
 .ARM.attributes
                0x0000078b       0x2d c:/users/uidv5371/appdata/local/arduino15/packages/arduino/tools/arm-none-eabi-gcc/4.8.3-2014q1/bin/../lib/gcc/arm-none-eabi/4.8.3/../../../../arm-none-eabi/lib/armv7-m\libg.a(lib_a-memset.o)
 .ARM.attributes
                0x000007b8       0x2d c:/users/uidv5371/appdata/local/arduino15/packages/arduino/tools/arm-none-eabi-gcc/4.8.3-2014q1/bin/../lib/gcc/arm-none-eabi/4.8.3/../../../../arm-none-eabi/lib/armv7-m\libg.a(lib_a-mlock.o)
 .ARM.attributes
                0x000007e5       0x2d c:/users/uidv5371/appdata/local/arduino15/packages/arduino/tools/arm-none-eabi-gcc/4.8.3-2014q1/bin/../lib/gcc/arm-none-eabi/4.8.3/../../../../arm-none-eabi/lib/armv7-m\libg.a(lib_a-realloc.o)
 .ARM.attributes
                0x00000812       0x2d c:/users/uidv5371/appdata/local/arduino15/packages/arduino/tools/arm-none-eabi-gcc/4.8.3-2014q1/bin/../lib/gcc/arm-none-eabi/4.8.3/../../../../arm-none-eabi/lib/armv7-m\libg.a(lib_a-reallocr.o)
 .ARM.attributes
                0x0000083f       0x2d c:/users/uidv5371/appdata/local/arduino15/packages/arduino/tools/arm-none-eabi-gcc/4.8.3-2014q1/bin/../lib/gcc/arm-none-eabi/4.8.3/../../../../arm-none-eabi/lib/armv7-m\libg.a(lib_a-sbrkr.o)
 .ARM.attributes
                0x0000086c       0x2d c:/users/uidv5371/appdata/local/arduino15/packages/arduino/tools/arm-none-eabi-gcc/4.8.3-2014q1/bin/../lib/gcc/arm-none-eabi/4.8.3/../../../../arm-none-eabi/lib/armv7-m\libg.a(lib_a-strcpy.o)
 .ARM.attributes
                0x00000899       0x2d c:/users/uidv5371/appdata/local/arduino15/packages/arduino/tools/arm-none-eabi-gcc/4.8.3-2014q1/bin/../lib/gcc/arm-none-eabi/4.8.3/../../../../arm-none-eabi/lib/armv7-m\libg.a(lib_a-strlen.o)
 .ARM.attributes
                0x000008c6       0x2d c:/users/uidv5371/appdata/local/arduino15/packages/arduino/tools/arm-none-eabi-gcc/4.8.3-2014q1/bin/../lib/gcc/arm-none-eabi/4.8.3/../../../../arm-none-eabi/lib/armv7-m\libg.a(lib_a-__call_atexit.o)
 .ARM.attributes
                0x000008f3       0x2d c:/users/uidv5371/appdata/local/arduino15/packages/arduino/tools/arm-none-eabi-gcc/4.8.3-2014q1/bin/../lib/gcc/arm-none-eabi/4.8.3/../../../../arm-none-eabi/lib/armv7-m\libg.a(lib_a-atexit.o)
 .ARM.attributes
                0x00000920       0x2d c:/users/uidv5371/appdata/local/arduino15/packages/arduino/tools/arm-none-eabi-gcc/4.8.3-2014q1/bin/../lib/gcc/arm-none-eabi/4.8.3/../../../../arm-none-eabi/lib/armv7-m\libg.a(lib_a-fini.o)
 .ARM.attributes
                0x0000094d       0x2d c:/users/uidv5371/appdata/local/arduino15/packages/arduino/tools/arm-none-eabi-gcc/4.8.3-2014q1/bin/../lib/gcc/arm-none-eabi/4.8.3/../../../../arm-none-eabi/lib/armv7-m\libg.a(lib_a-freer.o)
 .ARM.attributes
                0x0000097a       0x2d c:/users/uidv5371/appdata/local/arduino15/packages/arduino/tools/arm-none-eabi-gcc/4.8.3-2014q1/bin/../lib/gcc/arm-none-eabi/4.8.3/../../../../arm-none-eabi/lib/armv7-m\libg.a(lib_a-reent.o)
 .ARM.attributes
                0x000009a7       0x2d c:/users/uidv5371/appdata/local/arduino15/packages/arduino/tools/arm-none-eabi-gcc/4.8.3-2014q1/bin/../lib/gcc/arm-none-eabi/4.8.3/../../../../arm-none-eabi/lib/armv7-m\libg.a(lib_a-__atexit.o)
 .ARM.attributes
                0x000009d4       0x1d c:/users/uidv5371/appdata/local/arduino15/packages/arduino/tools/arm-none-eabi-gcc/4.8.3-2014q1/bin/../lib/gcc/arm-none-eabi/4.8.3/armv7-m/crtn.o

.comment        0x00000000       0x70
 .comment       0x00000000       0x70 C:\Users\uidv5371\AppData\Local\Temp\VMicroBuilds\Sketch3\arduino_due_x/core/syscalls_sam3.c.o
                                 0x71 (size before relaxing)
 .comment       0x00000000       0x71 C:\Users\uidv5371\AppData\Local\Temp\VMicroBuilds\Sketch3\arduino_due_x\Sketch3.cpp.o
 .comment       0x00000000       0x71 C:\Users\uidv5371\AppData\Local\Temp\VMicroBuilds\Sketch3\arduino_due_x\CAN\due_can.cpp.o
 .comment       0x00000000       0x71 C:\Users\uidv5371\AppData\Local\Temp\VMicroBuilds\Sketch3\arduino_due_x\VM_DBG\VM_DBG.cpp.o
 .comment       0x00000000       0x71 C:\Users\uidv5371\AppData\Local\arduino15\packages\arduino\hardware\sam\1.6.6\variants\arduino_due_x/libsam_sam3x8e_gcc_rel.a(pmc.o)
 .comment       0x00000000       0x71 C:\Users\uidv5371\AppData\Local\arduino15\packages\arduino\hardware\sam\1.6.6\variants\arduino_due_x/libsam_sam3x8e_gcc_rel.a(system_sam3xa.o)
 .comment       0x00000000       0x71 C:\Users\uidv5371\AppData\Local\arduino15\packages\arduino\hardware\sam\1.6.6\variants\arduino_due_x/libsam_sam3x8e_gcc_rel.a(startup_sam3xa.o)
 .comment       0x00000000       0x71 C:\Users\uidv5371\AppData\Local\arduino15\packages\arduino\hardware\sam\1.6.6\variants\arduino_due_x/libsam_sam3x8e_gcc_rel.a(uotghs.o)
 .comment       0x00000000       0x71 C:\Users\uidv5371\AppData\Local\Temp\VMicroBuilds\Sketch3\arduino_due_x/core.a(cortex_handlers.c.o)
 .comment       0x00000000       0x71 C:\Users\uidv5371\AppData\Local\Temp\VMicroBuilds\Sketch3\arduino_due_x/core.a(hooks.c.o)
 .comment       0x00000000       0x71 C:\Users\uidv5371\AppData\Local\Temp\VMicroBuilds\Sketch3\arduino_due_x/core.a(wiring.c.o)
 .comment       0x00000000       0x71 C:\Users\uidv5371\AppData\Local\Temp\VMicroBuilds\Sketch3\arduino_due_x/core.a(wiring_digital.c.o)
 .comment       0x00000000       0x71 C:\Users\uidv5371\AppData\Local\Temp\VMicroBuilds\Sketch3\arduino_due_x/core.a(main.cpp.o)
 .comment       0x00000000       0x71 C:\Users\uidv5371\AppData\Local\Temp\VMicroBuilds\Sketch3\arduino_due_x/core.a(new.cpp.o)
 .comment       0x00000000       0x71 C:\Users\uidv5371\AppData\Local\Temp\VMicroBuilds\Sketch3\arduino_due_x/core.a(Print.cpp.o)
 .comment       0x00000000       0x71 C:\Users\uidv5371\AppData\Local\Temp\VMicroBuilds\Sketch3\arduino_due_x/core.a(Reset.cpp.o)
 .comment       0x00000000       0x71 C:\Users\uidv5371\AppData\Local\Temp\VMicroBuilds\Sketch3\arduino_due_x/core.a(watchdog.cpp.o)
 .comment       0x00000000       0x71 C:\Users\uidv5371\AppData\Local\Temp\VMicroBuilds\Sketch3\arduino_due_x/core.a(WString.cpp.o)
 .comment       0x00000000       0x71 C:\Users\uidv5371\AppData\Local\Temp\VMicroBuilds\Sketch3\arduino_due_x/core.a(CDC.cpp.o)
 .comment       0x00000000       0x71 C:\Users\uidv5371\AppData\Local\Temp\VMicroBuilds\Sketch3\arduino_due_x/core.a(USBCore.cpp.o)
 .comment       0x00000000       0x71 C:\Users\uidv5371\AppData\Local\Temp\VMicroBuilds\Sketch3\arduino_due_x/core.a(variant.cpp.o)
 .comment       0x00000000       0x71 C:\Users\uidv5371\AppData\Local\Temp\VMicroBuilds\Sketch3\arduino_due_x/core.a(wiring_analog.c.o)
 .comment       0x00000000       0x71 C:\Users\uidv5371\AppData\Local\Temp\VMicroBuilds\Sketch3\arduino_due_x/core.a(RingBuffer.cpp.o)
 .comment       0x00000000       0x71 C:\Users\uidv5371\AppData\Local\Temp\VMicroBuilds\Sketch3\arduino_due_x/core.a(UARTClass.cpp.o)
 .comment       0x00000000       0x71 C:\Users\uidv5371\AppData\Local\Temp\VMicroBuilds\Sketch3\arduino_due_x/core.a(USARTClass.cpp.o)
 .comment       0x00000000       0x71 C:\Users\uidv5371\AppData\Local\Temp\VMicroBuilds\Sketch3\arduino_due_x/core.a(PluggableUSB.cpp.o)
 .comment       0x00000000       0x71 C:\Users\uidv5371\AppData\Local\arduino15\packages\arduino\hardware\sam\1.6.6\variants\arduino_due_x/libsam_sam3x8e_gcc_rel.a(pio.o)
 .comment       0x00000000       0x71 C:\Users\uidv5371\AppData\Local\arduino15\packages\arduino\hardware\sam\1.6.6\variants\arduino_due_x/libsam_sam3x8e_gcc_rel.a(timetick.o)
 .comment       0x00000000       0x71 C:\Users\uidv5371\AppData\Local\arduino15\packages\arduino\hardware\sam\1.6.6\variants\arduino_due_x/libsam_sam3x8e_gcc_rel.a(wdt.o)
 .comment       0x00000000       0x71 C:\Users\uidv5371\AppData\Local\arduino15\packages\arduino\hardware\sam\1.6.6\variants\arduino_due_x/libsam_sam3x8e_gcc_rel.a(adc.o)
 .comment       0x00000000       0x71 C:\Users\uidv5371\AppData\Local\arduino15\packages\arduino\hardware\sam\1.6.6\variants\arduino_due_x/libsam_sam3x8e_gcc_rel.a(interrupt_sam_nvic.o)
 .comment       0x00000000       0x71 C:\Users\uidv5371\AppData\Local\arduino15\packages\arduino\hardware\sam\1.6.6\variants\arduino_due_x/libsam_sam3x8e_gcc_rel.a(uotghs_device.o)

.debug_info     0x00000000    0x1cac1
 .debug_info    0x00000000      0x62b C:\Users\uidv5371\AppData\Local\Temp\VMicroBuilds\Sketch3\arduino_due_x/core/syscalls_sam3.c.o
 .debug_info    0x0000062b     0x2ad5 C:\Users\uidv5371\AppData\Local\Temp\VMicroBuilds\Sketch3\arduino_due_x\Sketch3.cpp.o
 .debug_info    0x00003100     0x4b4d C:\Users\uidv5371\AppData\Local\Temp\VMicroBuilds\Sketch3\arduino_due_x\CAN\due_can.cpp.o
 .debug_info    0x00007c4d     0x1536 C:\Users\uidv5371\AppData\Local\Temp\VMicroBuilds\Sketch3\arduino_due_x\VM_DBG\VM_DBG.cpp.o
 .debug_info    0x00009183      0x2aa C:\Users\uidv5371\AppData\Local\Temp\VMicroBuilds\Sketch3\arduino_due_x/core.a(cortex_handlers.c.o)
 .debug_info    0x0000942d       0x60 C:\Users\uidv5371\AppData\Local\Temp\VMicroBuilds\Sketch3\arduino_due_x/core.a(hooks.c.o)
 .debug_info    0x0000948d      0x4ff C:\Users\uidv5371\AppData\Local\Temp\VMicroBuilds\Sketch3\arduino_due_x/core.a(wiring.c.o)
 .debug_info    0x0000998c      0xa30 C:\Users\uidv5371\AppData\Local\Temp\VMicroBuilds\Sketch3\arduino_due_x/core.a(wiring_digital.c.o)
 .debug_info    0x0000a3bc      0x380 C:\Users\uidv5371\AppData\Local\Temp\VMicroBuilds\Sketch3\arduino_due_x/core.a(main.cpp.o)
 .debug_info    0x0000a73c      0x1a1 C:\Users\uidv5371\AppData\Local\Temp\VMicroBuilds\Sketch3\arduino_due_x/core.a(new.cpp.o)
 .debug_info    0x0000a8dd     0x26b0 C:\Users\uidv5371\AppData\Local\Temp\VMicroBuilds\Sketch3\arduino_due_x/core.a(Print.cpp.o)
 .debug_info    0x0000cf8d      0x390 C:\Users\uidv5371\AppData\Local\Temp\VMicroBuilds\Sketch3\arduino_due_x/core.a(Reset.cpp.o)
 .debug_info    0x0000d31d      0x220 C:\Users\uidv5371\AppData\Local\Temp\VMicroBuilds\Sketch3\arduino_due_x/core.a(watchdog.cpp.o)