Archive member included because of file (symbol)

C:\Users\uidv5371\AppData\Local\arduino15\packages\arduino\hardware\sam\1.6.8\variants\arduino_due_x/libsam_sam3x8e_gcc_rel.a(pio.o)
                              C:\Users\uidv5371\AppData\Local\Temp\VMicroBuilds\Sketch3\arduino_due_x\variant\variant.cpp.o (PIO_Configure)
C:\Users\uidv5371\AppData\Local\arduino15\packages\arduino\hardware\sam\1.6.8\variants\arduino_due_x/libsam_sam3x8e_gcc_rel.a(pmc.o)
                              C:\Users\uidv5371\AppData\Local\Temp\VMicroBuilds\Sketch3\arduino_due_x\CAN\due_can.cpp.o (pmc_enable_periph_clk)
C:\Users\uidv5371\AppData\Local\arduino15\packages\arduino\hardware\sam\1.6.8\variants\arduino_due_x/libsam_sam3x8e_gcc_rel.a(system_sam3xa.o)
                              C:\Users\uidv5371\AppData\Local\Temp\VMicroBuilds\Sketch3\arduino_due_x\variant\variant.cpp.o (SystemInit)
C:\Users\uidv5371\AppData\Local\arduino15\packages\arduino\hardware\sam\1.6.8\variants\arduino_due_x/libsam_sam3x8e_gcc_rel.a(startup_sam3xa.o)
                              (Reset_Handler)
C:\Users\uidv5371\AppData\Local\arduino15\packages\arduino\hardware\sam\1.6.8\variants\arduino_due_x/libsam_sam3x8e_gcc_rel.a(adc.o)
                              C:\Users\uidv5371\AppData\Local\Temp\VMicroBuilds\Sketch3\arduino_due_x\variant\variant.cpp.o (adc_init)
C:\Users\uidv5371\AppData\Local\arduino15\packages\arduino\hardware\sam\1.6.8\variants\arduino_due_x/libsam_sam3x8e_gcc_rel.a(uotghs.o)
                              C:\Users\uidv5371\AppData\Local\arduino15\packages\arduino\hardware\sam\1.6.8\variants\arduino_due_x/libsam_sam3x8e_gcc_rel.a(startup_sam3xa.o) (UOTGHS_Handler)
C:\Users\uidv5371\AppData\Local\Temp\VMicroBuilds\Sketch3\arduino_due_x/core.a(cortex_handlers.c.o)
                              C:\Users\uidv5371\AppData\Local\arduino15\packages\arduino\hardware\sam\1.6.8\variants\arduino_due_x/libsam_sam3x8e_gcc_rel.a(startup_sam3xa.o) (NMI_Handler)
C:\Users\uidv5371\AppData\Local\Temp\VMicroBuilds\Sketch3\arduino_due_x/core.a(hooks.c.o)
                              C:\Users\uidv5371\AppData\Local\Temp\VMicroBuilds\Sketch3\arduino_due_x/core.a(cortex_handlers.c.o) (sysTickHook)
C:\Users\uidv5371\AppData\Local\Temp\VMicroBuilds\Sketch3\arduino_due_x/core.a(syscalls_sam3.c.o)
                              (_sbrk)
C:\Users\uidv5371\AppData\Local\Temp\VMicroBuilds\Sketch3\arduino_due_x/core.a(wiring.c.o)
                              C:\Users\uidv5371\AppData\Local\Temp\VMicroBuilds\Sketch3\arduino_due_x\CAN\due_can.cpp.o (millis)
C:\Users\uidv5371\AppData\Local\Temp\VMicroBuilds\Sketch3\arduino_due_x/core.a(wiring_analog.c.o)
                              C:\Users\uidv5371\AppData\Local\Temp\VMicroBuilds\Sketch3\arduino_due_x\variant\variant.cpp.o (analogOutputInit)
C:\Users\uidv5371\AppData\Local\Temp\VMicroBuilds\Sketch3\arduino_due_x/core.a(wiring_digital.c.o)
                              C:\Users\uidv5371\AppData\Local\Temp\VMicroBuilds\Sketch3\arduino_due_x\CAN\due_can.cpp.o (pinMode)
C:\Users\uidv5371\AppData\Local\Temp\VMicroBuilds\Sketch3\arduino_due_x/core.a(main.cpp.o)
                              c:/users/uidv5371/appdata/local/arduino15/packages/arduino/tools/arm-none-eabi-gcc/4.8.3-2014q1/bin/../lib/gcc/arm-none-eabi/4.8.3/../../../../arm-none-eabi/lib/armv7-m/crt0.o (main)
C:\Users\uidv5371\AppData\Local\Temp\VMicroBuilds\Sketch3\arduino_due_x/core.a(Print.cpp.o)
                              C:\Users\uidv5371\AppData\Local\Temp\VMicroBuilds\Sketch3\arduino_due_x\CAN\due_can.cpp.o (Print::print(char const*))
C:\Users\uidv5371\AppData\Local\Temp\VMicroBuilds\Sketch3\arduino_due_x/core.a(Reset.cpp.o)
                              C:\Users\uidv5371\AppData\Local\Temp\VMicroBuilds\Sketch3\arduino_due_x/core.a(cortex_handlers.c.o) (tickReset)
C:\Users\uidv5371\AppData\Local\Temp\VMicroBuilds\Sketch3\arduino_due_x/core.a(RingBuffer.cpp.o)
                              C:\Users\uidv5371\AppData\Local\Temp\VMicroBuilds\Sketch3\arduino_due_x\variant\variant.cpp.o (RingBuffer::RingBuffer())
C:\Users\uidv5371\AppData\Local\Temp\VMicroBuilds\Sketch3\arduino_due_x/core.a(UARTClass.cpp.o)
                              C:\Users\uidv5371\AppData\Local\Temp\VMicroBuilds\Sketch3\arduino_due_x\variant\variant.cpp.o (UARTClass::available())
C:\Users\uidv5371\AppData\Local\Temp\VMicroBuilds\Sketch3\arduino_due_x/core.a(USARTClass.cpp.o)
                              C:\Users\uidv5371\AppData\Local\Temp\VMicroBuilds\Sketch3\arduino_due_x\variant\variant.cpp.o (USARTClass::USARTClass(Usart*, IRQn, unsigned long, RingBuffer*, RingBuffer*))
C:\Users\uidv5371\AppData\Local\Temp\VMicroBuilds\Sketch3\arduino_due_x/core.a(watchdog.cpp.o)
                              C:\Users\uidv5371\AppData\Local\Temp\VMicroBuilds\Sketch3\arduino_due_x/core.a(main.cpp.o) (watchdogSetup())
C:\Users\uidv5371\AppData\Local\Temp\VMicroBuilds\Sketch3\arduino_due_x/core.a(CDC.cpp.o)
[...]
Memory Configuration

Name             Origin             Length             Attributes
rom              0x00080000         0x00080000         xr
sram0            0x20000000         0x00010000         xrw
sram1            0x20080000         0x00008000         xrw
ram              0x20070000         0x00018000         xrw
*default*        0x00000000         0xffffffff

Linker script and memory map

LOAD c:/users/uidv5371/appdata/local/arduino15/packages/arduino/tools/arm-none-eabi-gcc/4.8.3-2014q1/bin/../lib/gcc/arm-none-eabi/4.8.3/armv7-m/crti.o
LOAD c:/users/uidv5371/appdata/local/arduino15/packages/arduino/tools/arm-none-eabi-gcc/4.8.3-2014q1/bin/../lib/gcc/arm-none-eabi/4.8.3/armv7-m/crtbegin.o
LOAD c:/users/uidv5371/appdata/local/arduino15/packages/arduino/tools/arm-none-eabi-gcc/4.8.3-2014q1/bin/../lib/gcc/arm-none-eabi/4.8.3/../../../../arm-none-eabi/lib/armv7-m/crt0.o
START GROUP
LOAD C:\Users\uidv5371\AppData\Local\Temp\VMicroBuilds\Sketch3\arduino_due_x\Sketch3.cpp.o
LOAD C:\Users\uidv5371\AppData\Local\Temp\VMicroBuilds\Sketch3\arduino_due_x\CAN\due_can.cpp.o
LOAD C:\Users\uidv5371\AppData\Local\Temp\VMicroBuilds\Sketch3\arduino_due_x\variant\variant.cpp.o
LOAD C:\Users\uidv5371\AppData\Local\arduino15\packages\arduino\hardware\sam\1.6.8\variants\arduino_due_x/libsam_sam3x8e_gcc_rel.a
LOAD C:\Users\uidv5371\AppData\Local\Temp\VMicroBuilds\Sketch3\arduino_due_x/core.a
END GROUP
LOAD c:/users/uidv5371/appdata/local/arduino15/packages/arduino/tools/arm-none-eabi-gcc/4.8.3-2014q1/bin/../lib/gcc/arm-none-eabi/4.8.3/../../../../arm-none-eabi/lib/armv7-m\libm.a
START GROUP
LOAD c:/users/uidv5371/appdata/local/arduino15/packages/arduino/tools/arm-none-eabi-gcc/4.8.3-2014q1/bin/../lib/gcc/arm-none-eabi/4.8.3/armv7-m\libgcc.a
LOAD c:/users/uidv5371/appdata/local/arduino15/packages/arduino/tools/arm-none-eabi-gcc/4.8.3-2014q1/bin/../lib/gcc/arm-none-eabi/4.8.3/../../../../arm-none-eabi/lib/armv7-m\libg.a
LOAD c:/users/uidv5371/appdata/local/arduino15/packages/arduino/tools/arm-none-eabi-gcc/4.8.3-2014q1/bin/../lib/gcc/arm-none-eabi/4.8.3/../../../../arm-none-eabi/lib/armv7-m\libc.a
END GROUP
LOAD c:/users/uidv5371/appdata/local/arduino15/packages/arduino/tools/arm-none-eabi-gcc/4.8.3-2014q1/bin/../lib/gcc/arm-none-eabi/4.8.3/armv7-m/crtend.o
LOAD c:/users/uidv5371/appdata/local/arduino15/packages/arduino/tools/arm-none-eabi-gcc/4.8.3-2014q1/bin/../lib/gcc/arm-none-eabi/4.8.3/armv7-m/crtn.o

.text           0x00080000     0x6140
                0x00080000                . = ALIGN (0x4)
                0x00080000                _sfixed = .
 *(.vectors .vectors.*)
 .vectors       0x00080000       0xf4 C:\Users\uidv5371\AppData\Local\arduino15\packages\arduino\hardware\sam\1.6.8\variants\arduino_due_x/libsam_sam3x8e_gcc_rel.a(startup_sam3xa.o)
                0x00080000                exception_table
 *(.text .text.* .gnu.linkonce.t.*)
 .text          0x000800f4       0x54 c:/users/uidv5371/appdata/local/arduino15/packages/arduino/tools/arm-none-eabi-gcc/4.8.3-2014q1/bin/../lib/gcc/arm-none-eabi/4.8.3/armv7-m/crtbegin.o
 .text._Z12CAN_RepeaterP9CAN_FRAME
                0x00080148       0x64 C:\Users\uidv5371\AppData\Local\Temp\VMicroBuilds\Sketch3\arduino_due_x\Sketch3.cpp.o
                0x00080148                CAN_Repeater(CAN_FRAME*)
 .text.setup    0x000801ac      0x150 C:\Users\uidv5371\AppData\Local\Temp\VMicroBuilds\Sketch3\arduino_due_x\Sketch3.cpp.o
                0x000801ac                setup
 .text.loop     0x000802fc        0x2 C:\Users\uidv5371\AppData\Local\Temp\VMicroBuilds\Sketch3\arduino_due_x\Sketch3.cpp.o
                0x000802fc                loop
 .text._ZN6CANRawC2EP3Canm
                0x000802fe       0x22 C:\Users\uidv5371\AppData\Local\Temp\VMicroBuilds\Sketch3\arduino_due_x\CAN\due_can.cpp.o
                0x000802fe                CANRaw::CANRaw(Can*, unsigned long)
                0x000802fe                CANRaw::CANRaw(Can*, unsigned long)
 .text._ZN6CANRaw12set_baudrateEm
                0x00080320       0xcc C:\Users\uidv5371\AppData\Local\Temp\VMicroBuilds\Sketch3\arduino_due_x\CAN\due_can.cpp.o
                0x00080320                CANRaw::set_baudrate(unsigned long)
 .text._ZN6CANRaw11setCallbackEiPFvP9CAN_FRAMEE
                0x000803ec        0xe C:\Users\uidv5371\AppData\Local\Temp\VMicroBuilds\Sketch3\arduino_due_x\CAN\due_can.cpp.o
                0x000803ec                CANRaw::setCallback(int, void (*)(CAN_FRAME*))
 .text._ZN6CANRaw6enableEv
                0x000803fa       0x1a C:\Users\uidv5371\AppData\Local\Temp\VMicroBuilds\Sketch3\arduino_due_x\CAN\due_can.cpp.o
                0x000803fa                CANRaw::enable()
 .text._ZN6CANRaw21enable_overload_frameEv
                0x00080414        0xc C:\Users\uidv5371\AppData\Local\Temp\VMicroBuilds\Sketch3\arduino_due_x\CAN\due_can.cpp.o
                0x00080414                CANRaw::enable_overload_frame()
 .text._ZN6CANRaw27set_timestamp_capture_pointEm
                0x00080420       0x14 C:\Users\uidv5371\AppData\Local\Temp\VMicroBuilds\Sketch3\arduino_due_x\CAN\due_can.cpp.o
                0x00080420                CANRaw::set_timestamp_capture_point(unsigned long)
 .text._ZN6CANRaw27disable_time_triggered_modeEv
                0x00080434        0xc C:\Users\uidv5371\AppData\Local\Temp\VMicroBuilds\Sketch3\arduino_due_x\CAN\due_can.cpp.o
                0x00080434                CANRaw::disable_time_triggered_mode()
 .text._ZN6CANRaw16enable_interruptEm
                0x00080440        0x6 C:\Users\uidv5371\AppData\Local\Temp\VMicroBuilds\Sketch3\arduino_due_x\CAN\due_can.cpp.o
                0x00080440                CANRaw::enable_interrupt(unsigned long)
 .text._ZN6CANRaw17disable_interruptEm
                0x00080446        0x6 C:\Users\uidv5371\AppData\Local\Temp\VMicroBuilds\Sketch3\arduino_due_x\CAN\due_can.cpp.o
                0x00080446                CANRaw::disable_interrupt(unsigned long)
 .text._ZN6CANRaw25mailbox_send_transfer_cmdEh
                0x0008044c       0x1a C:\Users\uidv5371\AppData\Local\Temp\VMicroBuilds\Sketch3\arduino_due_x\CAN\due_can.cpp.o
                0x0008044c                CANRaw::mailbox_send_transfer_cmd(unsigned char)
 .text._ZN6CANRaw12mailbox_initEh
                0x00080466       0x28 C:\Users\uidv5371\AppData\Local\Temp\VMicroBuilds\Sketch3\arduino_due_x\CAN\due_can.cpp.o
                0x00080466                CANRaw::mailbox_init(unsigned char)
 .text._ZN6CANRaw17reset_all_mailboxEv
                0x0008048e       0x16 C:\Users\uidv5371\AppData\Local\Temp\VMicroBuilds\Sketch3\arduino_due_x\CAN\due_can.cpp.o
                0x0008048e                CANRaw::reset_all_mailbox()
 .text._ZN6CANRaw12mailbox_readEhPV9CAN_FRAME
                0x000804a4       0x78 C:\Users\uidv5371\AppData\Local\Temp\VMicroBuilds\Sketch3\arduino_due_x\CAN\due_can.cpp.o
                0x000804a4                CANRaw::mailbox_read(unsigned char, CAN_FRAME volatile*)
 .text._ZN6CANRaw14mailbox_set_idEhmb
                0x0008051c       0x2c C:\Users\uidv5371\AppData\Local\Temp\VMicroBuilds\Sketch3\arduino_due_x\CAN\due_can.cpp.o
                0x0008051c                CANRaw::mailbox_set_id(unsigned char, unsigned long, bool)
 .text._ZN6CANRaw20mailbox_set_priorityEhh
                0x00080548       0x1e C:\Users\uidv5371\AppData\Local\Temp\VMicroBuilds\Sketch3\arduino_due_x\CAN\due_can.cpp.o
                0x00080548                CANRaw::mailbox_set_priority(unsigned char, unsigned char)
 *fill*         0x00080566        0x2 
 .text._ZN6CANRaw23mailbox_set_accept_maskEhmb
                0x00080568       0x48 C:\Users\uidv5371\AppData\Local\Temp\VMicroBuilds\Sketch3\arduino_due_x\CAN\due_can.cpp.o
                0x00080568                CANRaw::mailbox_set_accept_mask(unsigned char, unsigned long, bool)
 .text._ZN6CANRaw16mailbox_set_modeEhh
                0x000805b0       0x24 C:\Users\uidv5371\AppData\Local\Temp\VMicroBuilds\Sketch3\arduino_due_x\CAN\due_can.cpp.o
                0x000805b0                CANRaw::mailbox_set_mode(unsigned char, unsigned char)
 .text._ZN6CANRaw13setNumTXBoxesEi
                0x000805d4       0x7a C:\Users\uidv5371\AppData\Local\Temp\VMicroBuilds\Sketch3\arduino_due_x\CAN\due_can.cpp.o
                0x000805d4                CANRaw::setNumTXBoxes(int)
 *fill*         0x0008064e        0x2 
 .text._ZN6CANRaw4initEm
                0x00080650       0xd8 C:\Users\uidv5371\AppData\Local\Temp\VMicroBuilds\Sketch3\arduino_due_x\CAN\due_can.cpp.o
                0x00080650                CANRaw::init(unsigned long)
 .text._ZN6CANRaw5beginEm
                0x00080728        0x4 C:\Users\uidv5371\AppData\Local\Temp\VMicroBuilds\Sketch3\arduino_due_x\CAN\due_can.cpp.o
                0x00080728                CANRaw::begin(unsigned long)
 .text._ZN6CANRaw20mailbox_set_databyteEhhh
                0x0008072c       0x52 C:\Users\uidv5371\AppData\Local\Temp\VMicroBuilds\Sketch3\arduino_due_x\CAN\due_can.cpp.o
                0x0008072c                CANRaw::mailbox_set_databyte(unsigned char, unsigned char, unsigned char)
 .text._ZN6CANRaw17mailbox_set_datalEhm
                0x0008077e       0x12 C:\Users\uidv5371\AppData\Local\Temp\VMicroBuilds\Sketch3\arduino_due_x\CAN\due_can.cpp.o
                0x0008077e                CANRaw::mailbox_set_datal(unsigned char, unsigned long)
 .text._ZN6CANRaw17mailbox_set_datahEhm
                0x00080790       0x12 C:\Users\uidv5371\AppData\Local\Temp\VMicroBuilds\Sketch3\arduino_due_x\CAN\due_can.cpp.o
                0x00080790                CANRaw::mailbox_set_datah(unsigned char, unsigned long)
 .text._ZN6CANRaw19mailbox_set_datalenEhh
                0x000807a2       0x28 C:\Users\uidv5371\AppData\Local\Temp\VMicroBuilds\Sketch3\arduino_due_x\CAN\due_can.cpp.o
                0x000807a2                CANRaw::mailbox_set_datalen(unsigned char, unsigned char)
 .text._ZN6CANRaw16mailbox_tx_frameEh
                0x000807ca       0x1c C:\Users\uidv5371\AppData\Local\Temp\VMicroBuilds\Sketch3\arduino_due_x\CAN\due_can.cpp.o
                0x000807ca                CANRaw::mailbox_tx_frame(unsigned char)
 *fill*         0x000807e6        0x2 
 .text._ZN6CANRaw11setRXFilterEhmmb
                0x000807e8       0x3c C:\Users\uidv5371\AppData\Local\Temp\VMicroBuilds\Sketch3\arduino_due_x\CAN\due_can.cpp.o
                0x000807e8                CANRaw::setRXFilter(unsigned char, unsigned long, unsigned long, bool)
 .text._ZN6CANRaw19mailbox_int_handlerEhm
                0x00080824      0x18a C:\Users\uidv5371\AppData\Local\Temp\VMicroBuilds\Sketch3\arduino_due_x\CAN\due_can.cpp.o
                0x00080824                CANRaw::mailbox_int_handler(unsigned char, unsigned long)
 *fill*         0x000809ae        0x2 
 .text._ZN6CANRaw16interruptHandlerEv
                0x000809b0       0xa0 C:\Users\uidv5371\AppData\Local\Temp\VMicroBuilds\Sketch3\arduino_due_x\CAN\due_can.cpp.o
                0x000809b0                CANRaw::interruptHandler()
 .text._Z11serialFrameP9CAN_FRAMEii
                0x00080a50       0xd8 C:\Users\uidv5371\AppData\Local\Temp\VMicroBuilds\Sketch3\arduino_due_x\CAN\due_can.cpp.o
                0x00080a50                serialFrame(CAN_FRAME*, int, int)
 .text._Z11gotFrameMB2P9CAN_FRAME
                0x00080b28        0x8 C:\Users\uidv5371\AppData\Local\Temp\VMicroBuilds\Sketch3\arduino_due_x\CAN\due_can.cpp.o
                0x00080b28                gotFrameMB2(CAN_FRAME*)
 .text._Z11gotFrameMB3P9CAN_FRAME
                0x00080b30        0x8 C:\Users\uidv5371\AppData\Local\Temp\VMicroBuilds\Sketch3\arduino_due_x\CAN\due_can.cpp.o
                0x00080b30                gotFrameMB3(CAN_FRAME*)
 .text._Z11gotFrameMB4P9CAN_FRAME
                0x00080b38        0x8 C:\Users\uidv5371\AppData\Local\Temp\VMicroBuilds\Sketch3\arduino_due_x\CAN\due_can.cpp.o
                0x00080b38                gotFrameMB4(CAN_FRAME*)
 .text._Z11gotFrameMB5P9CAN_FRAME
                0x00080b40        0x8 C:\Users\uidv5371\AppData\Local\Temp\VMicroBuilds\Sketch3\arduino_due_x\CAN\due_can.cpp.o
                0x00080b40                gotFrameMB5(CAN_FRAME*)
 .text._Z11gotFrameMB6P9CAN_FRAME
                0x00080b48        0x8 C:\Users\uidv5371\AppData\Local\Temp\VMicroBuilds\Sketch3\arduino_due_x\CAN\due_can.cpp.o
                0x00080b48                gotFrameMB6(CAN_FRAME*)
 .text._Z11gotFrameMB7P9CAN_FRAME
                0x00080b50        0x8 C:\Users\uidv5371\AppData\Local\Temp\VMicroBuilds\Sketch3\arduino_due_x\CAN\due_can.cpp.o
                0x00080b50                gotFrameMB7(CAN_FRAME*)
 .text.CAN0_Handler
                0x00080b58        0xc C:\Users\uidv5371\AppData\Local\Temp\VMicroBuilds\Sketch3\arduino_due_x\CAN\due_can.cpp.o
                0x00080b58                CAN0_Handler
 .text.CAN1_Handler
                0x00080b64        0xc C:\Users\uidv5371\AppData\Local\Temp\VMicroBuilds\Sketch3\arduino_due_x\CAN\due_can.cpp.o
                0x00080b64                CAN1_Handler
 .text.startup._GLOBAL__sub_I__ZN6CANRawC2EP3Canm
                0x00080b70       0x2c C:\Users\uidv5371\AppData\Local\Temp\VMicroBuilds\Sketch3\arduino_due_x\CAN\due_can.cpp.o
 .text._Z11serialEventv
                0x00080b9c        0x2 C:\Users\uidv5371\AppData\Local\Temp\VMicroBuilds\Sketch3\arduino_due_x\variant\variant.cpp.o
                0x00080b9c                serialEvent()
 *fill*         0x00080b9e        0x2 
 .text.UART_Handler
                0x00080ba0        0xc C:\Users\uidv5371\AppData\Local\Temp\VMicroBuilds\Sketch3\arduino_due_x\variant\variant.cpp.o
                0x00080ba0                UART_Handler
 .text._Z12serialEvent1v
                0x00080bac        0x2 C:\Users\uidv5371\AppData\Local\Temp\VMicroBuilds\Sketch3\arduino_due_x\variant\variant.cpp.o
                0x00080bac                serialEvent1()
 .text._Z12serialEvent2v
                0x00080bae        0x2 C:\Users\uidv5371\AppData\Local\Temp\VMicroBuilds\Sketch3\arduino_due_x\variant\variant.cpp.o
                0x00080bae                serialEvent2()
 .text._Z12serialEvent3v
                0x00080bb0        0x2 C:\Users\uidv5371\AppData\Local\Temp\VMicroBuilds\Sketch3\arduino_due_x\variant\variant.cpp.o
                0x00080bb0                serialEvent3()
 *fill*         0x00080bb2        0x2 
 .text.USART0_Handler
                0x00080bb4        0xc C:\Users\uidv5371\AppData\Local\Temp\VMicroBuilds\Sketch3\arduino_due_x\variant\variant.cpp.o
                0x00080bb4                USART0_Handler
 .text.USART1_Handler
                0x00080bc0        0xc C:\Users\uidv5371\AppData\Local\Temp\VMicroBuilds\Sketch3\arduino_due_x\variant\variant.cpp.o
                0x00080bc0                USART1_Handler
 .text.USART3_Handler
                0x00080bcc        0xc C:\Users\uidv5371\AppData\Local\Temp\VMicroBuilds\Sketch3\arduino_due_x\variant\variant.cpp.o
                0x00080bcc                USART3_Handler
 .text.init     0x00080bd8      0x128 C:\Users\uidv5371\AppData\Local\Temp\VMicroBuilds\Sketch3\arduino_due_x\variant\variant.cpp.o
                0x00080bd8                init
 .text.startup._GLOBAL__sub_I_g_APinDescription
                0x00080d00       0xd4 C:\Users\uidv5371\AppData\Local\Temp\VMicroBuilds\Sketch3\arduino_due_x\variant\variant.cpp.o
 .text._Z14serialEventRunv
                0x00080dd4       0x44 C:\Users\uidv5371\AppData\Local\Temp\VMicroBuilds\Sketch3\arduino_due_x\variant\variant.cpp.o
                0x00080dd4                serialEventRun()
 .text.PIO_PullUp
                0x00080e18        0xa C:\Users\uidv5371\AppData\Local\arduino15\packages\arduino\hardware\sam\1.6.8\variants\arduino_due_x/libsam_sam3x8e_gcc_rel.a(pio.o)
                0x00080e18                PIO_PullUp
 .text.PIO_SetPeripheral
                0x00080e22       0x26 C:\Users\uidv5371\AppData\Local\arduino15\packages\arduino\hardware\sam\1.6.8\variants\arduino_due_x/libsam_sam3x8e_gcc_rel.a(pio.o)
                0x00080e22                PIO_SetPeripheral
 .text.PIO_SetInput
                0x00080e48       0x26 C:\Users\uidv5371\AppData\Local\arduino15\packages\arduino\hardware\sam\1.6.8\variants\arduino_due_x/libsam_sam3x8e_gcc_rel.a(pio.o)
                0x00080e48                PIO_SetInput
 .text.PIO_SetOutput
                0x00080e6e       0x24 C:\Users\uidv5371\AppData\Local\arduino15\packages\arduino\hardware\sam\1.6.8\variants\arduino_due_x/libsam_sam3x8e_gcc_rel.a(pio.o)
                0x00080e6e                PIO_SetOutput
 *fill*         0x00080e92        0x2 
 .text.PIO_Configure
                0x00080e94       0x64 C:\Users\uidv5371\AppData\Local\arduino15\packages\arduino\hardware\sam\1.6.8\variants\arduino_due_x/libsam_sam3x8e_gcc_rel.a(pio.o)
                0x00080e94                PIO_Configure
 .text.PIO_GetOutputDataStatus
                0x00080ef8       0x14 C:\Users\uidv5371\AppData\Local\arduino15\packages\arduino\hardware\sam\1.6.8\variants\arduino_due_x/libsam_sam3x8e_gcc_rel.a(pio.o)
                0x00080ef8                PIO_GetOutputDataStatus
 .text.pmc_enable_upll_clock
                0x00080f0c       0x14 C:\Users\uidv5371\AppData\Local\arduino15\packages\arduino\hardware\sam\1.6.8\variants\arduino_due_x/libsam_sam3x8e_gcc_rel.a(pmc.o)
                0x00080f0c                pmc_enable_upll_clock
 .text.pmc_enable_periph_clk
                0x00080f20       0x44 C:\Users\uidv5371\AppData\Local\arduino15\packages\arduino\hardware\sam\1.6.8\variants\arduino_due_x/libsam_sam3x8e_gcc_rel.a(pmc.o)
                0x00080f20                pmc_enable_periph_clk
 .text.pmc_disable_periph_clk
                0x00080f64       0x40 C:\Users\uidv5371\AppData\Local\arduino15\packages\arduino\hardware\sam\1.6.8\variants\arduino_due_x/libsam_sam3x8e_gcc_rel.a(pmc.o)
                0x00080f64                pmc_disable_periph_clk
 .text.pmc_switch_udpck_to_upllck
                0x00080fa4       0x14 C:\Users\uidv5371\AppData\Local\arduino15\packages\arduino\hardware\sam\1.6.8\variants\arduino_due_x/libsam_sam3x8e_gcc_rel.a(pmc.o)
                0x00080fa4                pmc_switch_udpck_to_upllck
 .text.pmc_enable_udpck
                0x00080fb8        0xc C:\Users\uidv5371\AppData\Local\arduino15\packages\arduino\hardware\sam\1.6.8\variants\arduino_due_x/libsam_sam3x8e_gcc_rel.a(pmc.o)
                0x00080fb8                pmc_enable_udpck
 .text.SystemInit
                0x00080fc4       0x88 C:\Users\uidv5371\AppData\Local\arduino15\packages\arduino\hardware\sam\1.6.8\variants\arduino_due_x/libsam_sam3x8e_gcc_rel.a(system_sam3xa.o)
                0x00080fc4                SystemInit
 .text.Reset_Handler
                0x0008104c       0x78 C:\Users\uidv5371\AppData\Local\arduino15\packages\arduino\hardware\sam\1.6.8\variants\arduino_due_x/libsam_sam3x8e_gcc_rel.a(startup_sam3xa.o)
                0x0008104c                Reset_Handler
 .text.adc_init
                0x000810c4       0x98 C:\Users\uidv5371\AppData\Local\arduino15\packages\arduino\hardware\sam\1.6.8\variants\arduino_due_x/libsam_sam3x8e_gcc_rel.a(adc.o)
                0x000810c4                adc_init
 .text.adc_configure_trigger
                0x0008115c        0xe C:\Users\uidv5371\AppData\Local\arduino15\packages\arduino\hardware\sam\1.6.8\variants\arduino_due_x/libsam_sam3x8e_gcc_rel.a(adc.o)
                0x0008115c                adc_configure_trigger
 .text.adc_configure_timing
                0x0008116a       0x1a C:\Users\uidv5371\AppData\Local\arduino15\packages\arduino\hardware\sam\1.6.8\variants\arduino_due_x/libsam_sam3x8e_gcc_rel.a(adc.o)
                0x0008116a                adc_configure_timing
 .text.adc_disable_channel
                0x00081184        0xa C:\Users\uidv5371\AppData\Local\arduino15\packages\arduino\hardware\sam\1.6.8\variants\arduino_due_x/libsam_sam3x8e_gcc_rel.a(adc.o)
                0x00081184                adc_disable_channel
 .text.adc_disable_all_channel
                0x0008118e        0x8 C:\Users\uidv5371\AppData\Local\arduino15\packages\arduino\hardware\sam\1.6.8\variants\arduino_due_x/libsam_sam3x8e_gcc_rel.a(adc.o)
                0x0008118e                adc_disable_all_channel
 .text.adc_disable_interrupt
                0x00081196        0x4 C:\Users\uidv5371\AppData\Local\arduino15\packages\arduino\hardware\sam\1.6.8\variants\arduino_due_x/libsam_sam3x8e_gcc_rel.a(adc.o)
                0x00081196                adc_disable_interrupt
 *fill*         0x0008119a        0x2 
 .text.UOTGHS_Handler
                0x0008119c       0x10 C:\Users\uidv5371\AppData\Local\arduino15\packages\arduino\hardware\sam\1.6.8\variants\arduino_due_x/libsam_sam3x8e_gcc_rel.a(uotghs.o)
                0x0008119c                UOTGHS_Handler
 .text.__halt   0x000811ac        0x2 C:\Users\uidv5371\AppData\Local\Temp\VMicroBuilds\Sketch3\arduino_due_x/core.a(cortex_handlers.c.o)
                0x000811ac                DACC_Handler
                0x000811ac                DebugMon_Handler
                0x000811ac                DMAC_Handler
                0x000811ac                TRNG_Handler
                0x000811ac                HardFault_Handler
                0x000811ac                TC2_Handler
                0x000811ac                TWI1_Handler
                0x000811ac                NMI_Handler
                0x000811ac                TC7_Handler
                0x000811ac                ADC_Handler
                0x000811ac                SMC_Handler
                0x000811ac                RTT_Handler
                0x000811ac                EFC1_Handler
                0x000811ac                PIOB_Handler
                0x000811ac                RTC_Handler
                0x000811ac                UsageFault_Handler
                0x000811ac                TC6_Handler
                0x000811ac                WDT_Handler
                0x000811ac                TC4_Handler
                0x000811ac                TC1_Handler
                0x000811ac                HSMCI_Handler
                0x000811ac                TC3_Handler
                0x000811ac                TWI0_Handler
                0x000811ac                PIOA_Handler
                0x000811ac                SSC_Handler
                0x000811ac                EFC0_Handler
                0x000811ac                PMC_Handler
                0x000811ac                PWM_Handler
                0x000811ac                MemManage_Handler
                0x000811ac                SUPC_Handler
                0x000811ac                TC8_Handler
                0x000811ac                USART2_Handler
                0x000811ac                PIOD_Handler
                0x000811ac                EMAC_Handler
                0x000811ac                PIOC_Handler
                0x000811ac                BusFault_Handler
                0x000811ac                RSTC_Handler
                0x000811ac                TC0_Handler
                0x000811ac                TC5_Handler
                0x000811ac                SPI0_Handler
 .text.SVC_Handler
                0x000811ae        0x4 C:\Users\uidv5371\AppData\Local\Temp\VMicroBuilds\Sketch3\arduino_due_x/core.a(cortex_handlers.c.o)
                0x000811ae                SVC_Handler
 .text.PendSV_Handler
                0x000811b2        0x4 C:\Users\uidv5371\AppData\Local\Temp\VMicroBuilds\Sketch3\arduino_due_x/core.a(cortex_handlers.c.o)
                0x000811b2                PendSV_Handler
 .text.SysTick_Handler
                0x000811b6       0x16 C:\Users\uidv5371\AppData\Local\Temp\VMicroBuilds\Sketch3\arduino_due_x/core.a(cortex_handlers.c.o)
                0x000811b6                SysTick_Handler
 .text.__empty  0x000811cc        0x2 C:\Users\uidv5371\AppData\Local\Temp\VMicroBuilds\Sketch3\arduino_due_x/core.a(hooks.c.o)
                0x000811cc                yield
 .text.__false  0x000811ce        0x4 C:\Users\uidv5371\AppData\Local\Temp\VMicroBuilds\Sketch3\arduino_due_x/core.a(hooks.c.o)
                0x000811ce                sysTickHook
 .text.__halt   0x000811d2        0x2 C:\Users\uidv5371\AppData\Local\Temp\VMicroBuilds\Sketch3\arduino_due_x/core.a(hooks.c.o)
                0x000811d2                svcHook
                0x000811d2                pendSVHook
 .text._sbrk    0x000811d4       0x1c C:\Users\uidv5371\AppData\Local\Temp\VMicroBuilds\Sketch3\arduino_due_x/core.a(syscalls_sam3.c.o)
                0x000811d4                _sbrk
 .text.link     0x000811f0        0x6 C:\Users\uidv5371\AppData\Local\Temp\VMicroBuilds\Sketch3\arduino_due_x/core.a(syscalls_sam3.c.o)
                0x000811f0                link
 .text._close   0x000811f6        0x6 C:\Users\uidv5371\AppData\Local\Temp\VMicroBuilds\Sketch3\arduino_due_x/core.a(syscalls_sam3.c.o)
                0x000811f6                _close
 .text._fstat   0x000811fc        0xa C:\Users\uidv5371\AppData\Local\Temp\VMicroBuilds\Sketch3\arduino_due_x/core.a(syscalls_sam3.c.o)
                0x000811fc                _fstat
 .text._isatty  0x00081206        0x4 C:\Users\uidv5371\AppData\Local\Temp\VMicroBuilds\Sketch3\arduino_due_x/core.a(syscalls_sam3.c.o)
                0x00081206                _isatty
 .text._lseek   0x0008120a        0x4 C:\Users\uidv5371\AppData\Local\Temp\VMicroBuilds\Sketch3\arduino_due_x/core.a(syscalls_sam3.c.o)
                0x0008120a                _lseek
 .text._read    0x0008120e        0x4 C:\Users\uidv5371\AppData\Local\Temp\VMicroBuilds\Sketch3\arduino_due_x/core.a(syscalls_sam3.c.o)
                0x0008120e                _read
 *fill*         0x00081212        0x2 
 .text._write   0x00081214       0x24 C:\Users\uidv5371\AppData\Local\Temp\VMicroBuilds\Sketch3\arduino_due_x/core.a(syscalls_sam3.c.o)
                0x00081214                _write
 .text._exit    0x00081238       0x10 C:\Users\uidv5371\AppData\Local\Temp\VMicroBuilds\Sketch3\arduino_due_x/core.a(syscalls_sam3.c.o)
                0x00081238                _exit
 .text._kill    0x00081248        0x2 C:\Users\uidv5371\AppData\Local\Temp\VMicroBuilds\Sketch3\arduino_due_x/core.a(syscalls_sam3.c.o)
                0x00081248                _kill
 .text._getpid  0x0008124a        0x6 C:\Users\uidv5371\AppData\Local\Temp\VMicroBuilds\Sketch3\arduino_due_x/core.a(syscalls_sam3.c.o)
                0x0008124a                _getpid
 .text.millis   0x00081250        0x4 C:\Users\uidv5371\AppData\Local\Temp\VMicroBuilds\Sketch3\arduino_due_x/core.a(wiring.c.o)
                0x00081250                millis
 .text.delay    0x00081254       0x1c C:\Users\uidv5371\AppData\Local\Temp\VMicroBuilds\Sketch3\arduino_due_x/core.a(wiring.c.o)
                0x00081254                delay
 .text.analogOutputInit
                0x00081270        0x2 C:\Users\uidv5371\AppData\Local\Temp\VMicroBuilds\Sketch3\arduino_due_x/core.a(wiring_analog.c.o)
                0x00081270                analogOutputInit
 *fill*         0x00081272        0x2 
 .text.pinMode  0x00081274      0x108 C:\Users\uidv5371\AppData\Local\Temp\VMicroBuilds\Sketch3\arduino_due_x/core.a(wiring_digital.c.o)
                0x00081274                pinMode
 .text.digitalWrite
                0x0008137c       0x70 C:\Users\uidv5371\AppData\Local\Temp\VMicroBuilds\Sketch3\arduino_due_x/core.a(wiring_digital.c.o)
                0x0008137c                digitalWrite
 .text.initVariant
                0x000813ec        0x2 C:\Users\uidv5371\AppData\Local\Temp\VMicroBuilds\Sketch3\arduino_due_x/core.a(main.cpp.o)
                0x000813ec                initVariant
 *fill*         0x000813ee        0x2 
 .text.startup.main
                0x000813f0       0x38 C:\Users\uidv5371\AppData\Local\Temp\VMicroBuilds\Sketch3\arduino_due_x/core.a(main.cpp.o)
                0x000813f0                main
 .text._ZN5Print5writeEPKhj
                0x00081428       0x22 C:\Users\uidv5371\AppData\Local\Temp\VMicroBuilds\Sketch3\arduino_due_x/core.a(Print.cpp.o)
                0x00081428                Print::write(unsigned char const*, unsigned int)
 .text._ZN5Print5writeEPKc
                0x0008144a       0x1e C:\Users\uidv5371\AppData\Local\Temp\VMicroBuilds\Sketch3\arduino_due_x/core.a(Print.cpp.o)
                0x0008144a                Print::write(char const*)
 .text._ZN5Print5printEPKc
                0x00081468        0x8 C:\Users\uidv5371\AppData\Local\Temp\VMicroBuilds\Sketch3\arduino_due_x/core.a(Print.cpp.o)
                0x00081468                Print::print(char const*)
 .text._ZN5Print5printEc
                0x00081470        0xa C:\Users\uidv5371\AppData\Local\Temp\VMicroBuilds\Sketch3\arduino_due_x/core.a(Print.cpp.o)
                0x00081470                Print::print(char)
 *fill*         0x0008147a        0x2 
 .text._ZN5Print7printlnEv
                0x0008147c       0x10 C:\Users\uidv5371\AppData\Local\Temp\VMicroBuilds\Sketch3\arduino_due_x/core.a(Print.cpp.o)
                0x0008147c                Print::println()
 .text._ZN5Print11printNumberEmh
                0x0008148c       0x3e C:\Users\uidv5371\AppData\Local\Temp\VMicroBuilds\Sketch3\arduino_due_x/core.a(Print.cpp.o)
                0x0008148c                Print::printNumber(unsigned long, unsigned char)
 .text._ZN5Print5printEli
                0x000814ca       0x3c C:\Users\uidv5371\AppData\Local\Temp\VMicroBuilds\Sketch3\arduino_due_x/core.a(Print.cpp.o)
                0x000814ca                Print::print(long, int)
 .text._ZN5Print5printEii
                0x00081506        0x4 C:\Users\uidv5371\AppData\Local\Temp\VMicroBuilds\Sketch3\arduino_due_x/core.a(Print.cpp.o)
                0x00081506                Print::print(int, int)
 .text._ZN5Print5printEmi
                0x0008150a       0x18 C:\Users\uidv5371\AppData\Local\Temp\VMicroBuilds\Sketch3\arduino_due_x/core.a(Print.cpp.o)
                0x0008150a                Print::print(unsigned long, int)
 .text._ZN5Print5printEhi
                0x00081522        0x4 C:\Users\uidv5371\AppData\Local\Temp\VMicroBuilds\Sketch3\arduino_due_x/core.a(Print.cpp.o)
                0x00081522                Print::print(unsigned char, int)
 .text._ZN5Print7printlnEmi
                0x00081526       0x14 C:\Users\uidv5371\AppData\Local\Temp\VMicroBuilds\Sketch3\arduino_due_x/core.a(Print.cpp.o)
                0x00081526                Print::println(unsigned long, int)
 *fill*         0x0008153a        0x2 
 .text.initiateReset
                0x0008153c        0xc C:\Users\uidv5371\AppData\Local\Temp\VMicroBuilds\Sketch3\arduino_due_x/core.a(Reset.cpp.o)
                0x0008153c                initiateReset
 .text.cancelReset
                0x00081548       0x10 C:\Users\uidv5371\AppData\Local\Temp\VMicroBuilds\Sketch3\arduino_due_x/core.a(Reset.cpp.o)
                0x00081548                cancelReset
 .text.tickReset
                0x00081558       0x20 C:\Users\uidv5371\AppData\Local\Temp\VMicroBuilds\Sketch3\arduino_due_x/core.a(Reset.cpp.o)
                0x00081558                tickReset
 .text._ZN10RingBufferC2Ev
                0x00081578       0x1a C:\Users\uidv5371\AppData\Local\Temp\VMicroBuilds\Sketch3\arduino_due_x/core.a(RingBuffer.cpp.o)
                0x00081578                RingBuffer::RingBuffer()
                0x00081578                RingBuffer::RingBuffer()
 .text._ZN10RingBuffer10store_charEh
                0x00081592       0x1e C:\Users\uidv5371\AppData\Local\Temp\VMicroBuilds\Sketch3\arduino_due_x/core.a(RingBuffer.cpp.o)
                0x00081592                RingBuffer::store_char(unsigned char)
 .text._ZN9UARTClasscvbEv
                0x000815b0        0x4 C:\Users\uidv5371\AppData\Local\Temp\VMicroBuilds\Sketch3\arduino_due_x/core.a(UARTClass.cpp.o)
                0x000815b0                UARTClass::operator bool()
 .text._ZN9UARTClass9availableEv
                0x000815b4       0x12 C:\Users\uidv5371\AppData\Local\Temp\VMicroBuilds\Sketch3\arduino_due_x/core.a(UARTClass.cpp.o)
                0x000815b4                UARTClass::available()
 .text._ZN9UARTClass4peekEv
                0x000815c6       0x1c C:\Users\uidv5371\AppData\Local\Temp\VMicroBuilds\Sketch3\arduino_due_x/core.a(UARTClass.cpp.o)
                0x000815c6                UARTClass::peek()
 .text._ZN9UARTClass4readEv
                0x000815e2       0x2a C:\Users\uidv5371\AppData\Local\Temp\VMicroBuilds\Sketch3\arduino_due_x/core.a(UARTClass.cpp.o)
                0x000815e2                UARTClass::read()
 .text._ZN9UARTClass5flushEv
                0x0008160c       0x18 C:\Users\uidv5371\AppData\Local\Temp\VMicroBuilds\Sketch3\arduino_due_x/core.a(UARTClass.cpp.o)
                0x0008160c                UARTClass::flush()
 .text._ZN9UARTClass5writeEh
                0x00081624       0x54 C:\Users\uidv5371\AppData\Local\Temp\VMicroBuilds\Sketch3\arduino_due_x/core.a(UARTClass.cpp.o)
                0x00081624                UARTClass::write(unsigned char)
 .text._ZN9UARTClass3endEv
                0x00081678       0x3c C:\Users\uidv5371\AppData\Local\Temp\VMicroBuilds\Sketch3\arduino_due_x/core.a(UARTClass.cpp.o)
                0x00081678                UARTClass::end()
 .text._ZN9UARTClassC2EP4Uart4IRQnmP10RingBufferS4_
                0x000816b4       0x24 C:\Users\uidv5371\AppData\Local\Temp\VMicroBuilds\Sketch3\arduino_due_x/core.a(UARTClass.cpp.o)
                0x000816b4                UARTClass::UARTClass(Uart*, IRQn, unsigned long, RingBuffer*, RingBuffer*)
                0x000816b4                UARTClass::UARTClass(Uart*, IRQn, unsigned long, RingBuffer*, RingBuffer*)
 .text._ZN9UARTClass4initEmm
                0x000816d8       0x70 C:\Users\uidv5371\AppData\Local\Temp\VMicroBuilds\Sketch3\arduino_due_x/core.a(UARTClass.cpp.o)
                0x000816d8                UARTClass::init(unsigned long, unsigned long)
 .text._ZN9UARTClass5beginEm
                0x00081748        0x8 C:\Users\uidv5371\AppData\Local\Temp\VMicroBuilds\Sketch3\arduino_due_x/core.a(UARTClass.cpp.o)
                0x00081748                UARTClass::begin(unsigned long)
 .text._ZN9UARTClass10IrqHandlerEv
                0x00081750       0x5a C:\Users\uidv5371\AppData\Local\Temp\VMicroBuilds\Sketch3\arduino_due_x/core.a(UARTClass.cpp.o)
                0x00081750                UARTClass::IrqHandler()
 .text._ZN10USARTClass5beginEm
                0x000817aa        0x8 C:\Users\uidv5371\AppData\Local\Temp\VMicroBuilds\Sketch3\arduino_due_x/core.a(USARTClass.cpp.o)
                0x000817aa                USARTClass::begin(unsigned long)
 *fill*         0x000817b2        0x2 
 .text._ZN10USARTClassC2EP5Usart4IRQnmP10RingBufferS4_
                0x000817b4       0x24 C:\Users\uidv5371\AppData\Local\Temp\VMicroBuilds\Sketch3\arduino_due_x/core.a(USARTClass.cpp.o)
                0x000817b4                USARTClass::USARTClass(Usart*, IRQn, unsigned long, RingBuffer*, RingBuffer*)
                0x000817b4                USARTClass::USARTClass(Usart*, IRQn, unsigned long, RingBuffer*, RingBuffer*)
 .text._watchdogDefaultSetup
                0x000817d8        0xc C:\Users\uidv5371\AppData\Local\Temp\VMicroBuilds\Sketch3\arduino_due_x/core.a(watchdog.cpp.o)
                0x000817d8                _watchdogDefaultSetup
                0x000817d8                watchdogSetup()
 .text._ZN7Serial_9availableEv
                0x000817e4       0x18 C:\Users\uidv5371\AppData\Local\Temp\VMicroBuilds\Sketch3\arduino_due_x/core.a(CDC.cpp.o)
                0x000817e4                Serial_::available()
 .text._ZN7Serial_4peekEv
                0x000817fc       0x20 C:\Users\uidv5371\AppData\Local\Temp\VMicroBuilds\Sketch3\arduino_due_x/core.a(CDC.cpp.o)
                0x000817fc                Serial_::peek()
 .text._ZN7Serial_5writeEh
                0x0008181c       0x16 C:\Users\uidv5371\AppData\Local\Temp\VMicroBuilds\Sketch3\arduino_due_x/core.a(CDC.cpp.o)
                0x0008181c                Serial_::write(unsigned char)
 *fill*         0x00081832        0x2 
 .text._ZN7Serial_4readEv
                0x00081834       0x44 C:\Users\uidv5371\AppData\Local\Temp\VMicroBuilds\Sketch3\arduino_due_x/core.a(CDC.cpp.o)
                0x00081834                Serial_::read()
 .text._ZN7Serial_5flushEv
                0x00081878        0x6 C:\Users\uidv5371\AppData\Local\Temp\VMicroBuilds\Sketch3\arduino_due_x/core.a(CDC.cpp.o)
                0x00081878                Serial_::flush()
 *fill*         0x0008187e        0x2 
 .text._ZN7Serial_6acceptEv
                0x00081880       0x70 C:\Users\uidv5371\AppData\Local\Temp\VMicroBuilds\Sketch3\arduino_due_x/core.a(CDC.cpp.o)
                0x00081880                Serial_::accept()
 .text._ZN7Serial_5writeEPKhj
                0x000818f0       0x2c C:\Users\uidv5371\AppData\Local\Temp\VMicroBuilds\Sketch3\arduino_due_x/core.a(CDC.cpp.o)
                0x000818f0                Serial_::write(unsigned char const*, unsigned int)
 .text._Z16CDC_GetInterfacePh
                0x0008191c       0x14 C:\Users\uidv5371\AppData\Local\Temp\VMicroBuilds\Sketch3\arduino_due_x/core.a(CDC.cpp.o)
                0x0008191c                CDC_GetInterface(unsigned char*)
 .text._Z21CDC_GetOtherInterfacePh
                0x00081930       0x14 C:\Users\uidv5371\AppData\Local\Temp\VMicroBuilds\Sketch3\arduino_due_x/core.a(CDC.cpp.o)
                0x00081930                CDC_GetOtherInterface(unsigned char*)
 .text._Z9CDC_SetupR8USBSetup
                0x00081944       0x78 C:\Users\uidv5371\AppData\Local\Temp\VMicroBuilds\Sketch3\arduino_due_x/core.a(CDC.cpp.o)
                0x00081944                CDC_Setup(USBSetup&)
 .text._ZN7Serial_5beginEm
                0x000819bc        0x2 C:\Users\uidv5371\AppData\Local\Temp\VMicroBuilds\Sketch3\arduino_due_x/core.a(CDC.cpp.o)
                0x000819bc                Serial_::begin(unsigned long)
 *fill*         0x000819be        0x2 
 .text.startup._GLOBAL__sub_I_cdc_rx_buffer
                0x000819c0       0x1c C:\Users\uidv5371\AppData\Local\Temp\VMicroBuilds\Sketch3\arduino_due_x/core.a(CDC.cpp.o)
 .text.unlikely._ZL11USB_SendZlpv
                0x000819dc       0x20 C:\Users\uidv5371\AppData\Local\Temp\VMicroBuilds\Sketch3\arduino_due_x/core.a(USBCore.cpp.o)
 .text._Z14USBD_Availablem
                0x000819fc       0x2c C:\Users\uidv5371\AppData\Local\Temp\VMicroBuilds\Sketch3\arduino_due_x/core.a(USBCore.cpp.o)
                0x000819fc                USBD_Available(unsigned long)
 .text._Z9USBD_RecvmPvm
                0x00081a28       0x7c C:\Users\uidv5371\AppData\Local\Temp\VMicroBuilds\Sketch3\arduino_due_x/core.a(USBCore.cpp.o)
                0x00081a28                USBD_Recv(unsigned long, void*, unsigned long)
 .text._Z9USBD_Recvm
                0x00081aa4       0x22 C:\Users\uidv5371\AppData\Local\Temp\VMicroBuilds\Sketch3\arduino_due_x/core.a(USBCore.cpp.o)
                0x00081aa4                USBD_Recv(unsigned long)
 *fill*         0x00081ac6        0x2 
 .text._Z9USBD_SendmPKvm
                0x00081ac8       0x4c C:\Users\uidv5371\AppData\Local\Temp\VMicroBuilds\Sketch3\arduino_due_x/core.a(USBCore.cpp.o)
                0x00081ac8                USBD_Send(unsigned long, void const*, unsigned long)
 .text._Z16USBD_SendControlhPKvm
                0x00081b14       0x40 C:\Users\uidv5371\AppData\Local\Temp\VMicroBuilds\Sketch3\arduino_due_x/core.a(USBCore.cpp.o)
                0x00081b14                USBD_SendControl(unsigned char, void const*, unsigned long)
 .text.unlikely._ZL24USB_SendStringDescriptorPKhi
                0x00081b54       0x64 C:\Users\uidv5371\AppData\Local\Temp\VMicroBuilds\Sketch3\arduino_due_x/core.a(USBCore.cpp.o)
 .text._Z16USBD_RecvControlPvm
                0x00081bb8       0x1c C:\Users\uidv5371\AppData\Local\Temp\VMicroBuilds\Sketch3\arduino_due_x/core.a(USBCore.cpp.o)
                0x00081bb8                USBD_RecvControl(void*, unsigned long)
 .text._Z26USBD_ClassInterfaceRequestR8USBSetup
                0x00081bd4       0x1e C:\Users\uidv5371\AppData\Local\Temp\VMicroBuilds\Sketch3\arduino_due_x/core.a(USBCore.cpp.o)
                0x00081bd4                USBD_ClassInterfaceRequest(USBSetup&)
 .text._Z19USBD_SendInterfacesv
                0x00081bf2       0x22 C:\Users\uidv5371\AppData\Local\Temp\VMicroBuilds\Sketch3\arduino_due_x/core.a(USBCore.cpp.o)
                0x00081bf2                USBD_SendInterfaces()
 .text._Z24USBD_SendOtherInterfacesv
                0x00081c14       0x22 C:\Users\uidv5371\AppData\Local\Temp\VMicroBuilds\Sketch3\arduino_due_x/core.a(USBCore.cpp.o)
                0x00081c14                USBD_SendOtherInterfaces()
 .text._Z10USBD_Flushm
                0x00081c36       0x16 C:\Users\uidv5371\AppData\Local\Temp\VMicroBuilds\Sketch3\arduino_due_x/core.a(USBCore.cpp.o)
                0x00081c36                USBD_Flush(unsigned long)
 .text._ZN10USBDevice_C2Ev
                0x00081c4c       0x24 C:\Users\uidv5371\AppData\Local\Temp\VMicroBuilds\Sketch3\arduino_due_x/core.a(USBCore.cpp.o)
                0x00081c4c                USBDevice_::USBDevice_()
                0x00081c4c                USBDevice_::USBDevice_()
 .text._ZN10USBDevice_6attachEv
                0x00081c70       0x20 C:\Users\uidv5371\AppData\Local\Temp\VMicroBuilds\Sketch3\arduino_due_x/core.a(USBCore.cpp.o)
                0x00081c70                USBDevice_::attach()
 .text.startup._GLOBAL__sub_I_EndPoints
                0x00081c90        0xc C:\Users\uidv5371\AppData\Local\Temp\VMicroBuilds\Sketch3\arduino_due_x/core.a(USBCore.cpp.o)
 .text._ZL7USB_ISRv
                0x00081c9c      0x454 C:\Users\uidv5371\AppData\Local\Temp\VMicroBuilds\Sketch3\arduino_due_x/core.a(USBCore.cpp.o)
 .text._ZN13PluggableUSB_12getInterfaceEPh
                0x000820f0       0x28 C:\Users\uidv5371\AppData\Local\Temp\VMicroBuilds\Sketch3\arduino_due_x/core.a(PluggableUSB.cpp.o)
                0x000820f0                PluggableUSB_::getInterface(unsigned char*)
 .text._ZN13PluggableUSB_13getDescriptorER8USBSetup
                0x00082118       0x1c C:\Users\uidv5371\AppData\Local\Temp\VMicroBuilds\Sketch3\arduino_due_x/core.a(PluggableUSB.cpp.o)
                0x00082118                PluggableUSB_::getDescriptor(USBSetup&)
 .text._ZN13PluggableUSB_12getShortNameEPc
                0x00082134       0x1c C:\Users\uidv5371\AppData\Local\Temp\VMicroBuilds\Sketch3\arduino_due_x/core.a(PluggableUSB.cpp.o)
                0x00082134                PluggableUSB_::getShortName(char*)
 .text._ZN13PluggableUSB_5setupER8USBSetup
                0x00082150       0x20 C:\Users\uidv5371\AppData\Local\Temp\VMicroBuilds\Sketch3\arduino_due_x/core.a(PluggableUSB.cpp.o)
                0x00082150                PluggableUSB_::setup(USBSetup&)
 .text._Z12PluggableUSBv
                0x00082170       0x28 C:\Users\uidv5371\AppData\Local\Temp\VMicroBuilds\Sketch3\arduino_due_x/core.a(PluggableUSB.cpp.o)
                0x00082170                PluggableUSB()
 .text.TimeTick_Increment
                0x00082198       0x10 C:\Users\uidv5371\AppData\Local\arduino15\packages\arduino\hardware\sam\1.6.8\variants\arduino_due_x/libsam_sam3x8e_gcc_rel.a(timetick.o)
                0x00082198                TimeTick_Increment
 .text.GetTickCount
                0x000821a8        0xc C:\Users\uidv5371\AppData\Local\arduino15\packages\arduino\hardware\sam\1.6.8\variants\arduino_due_x/libsam_sam3x8e_gcc_rel.a(timetick.o)
                0x000821a8                GetTickCount
 .text.WDT_Disable
                0x000821b4        0x8 C:\Users\uidv5371\AppData\Local\arduino15\packages\arduino\hardware\sam\1.6.8\variants\arduino_due_x/libsam_sam3x8e_gcc_rel.a(wdt.o)
                0x000821b4                WDT_Disable
 .text.UDD_SetStack
                0x000821bc        0xc C:\Users\uidv5371\AppData\Local\arduino15\packages\arduino\hardware\sam\1.6.8\variants\arduino_due_x/libsam_sam3x8e_gcc_rel.a(uotghs_device.o)
                0x000821bc                UDD_SetStack
 .text.UDD_Init
                0x000821c8       0xd0 C:\Users\uidv5371\AppData\Local\arduino15\packages\arduino\hardware\sam\1.6.8\variants\arduino_due_x/libsam_sam3x8e_gcc_rel.a(uotghs_device.o)
                0x000821c8                UDD_Init
 .text.UDD_Attach
                0x00082298       0x50 C:\Users\uidv5371\AppData\Local\arduino15\packages\arduino\hardware\sam\1.6.8\variants\arduino_due_x/libsam_sam3x8e_gcc_rel.a(uotghs_device.o)
                0x00082298                UDD_Attach
 .text.UDD_InitEP
                0x000822e8       0x2c C:\Users\uidv5371\AppData\Local\arduino15\packages\arduino\hardware\sam\1.6.8\variants\arduino_due_x/libsam_sam3x8e_gcc_rel.a(uotghs_device.o)
                0x000822e8                UDD_InitEP
 .text.UDD_InitEndpoints
                0x00082314       0x3c C:\Users\uidv5371\AppData\Local\arduino15\packages\arduino\hardware\sam\1.6.8\variants\arduino_due_x/libsam_sam3x8e_gcc_rel.a(uotghs_device.o)
                0x00082314                UDD_InitEndpoints
 .text.UDD_WaitIN
                0x00082350       0x10 C:\Users\uidv5371\AppData\Local\arduino15\packages\arduino\hardware\sam\1.6.8\variants\arduino_due_x/libsam_sam3x8e_gcc_rel.a(uotghs_device.o)
                0x00082350                UDD_WaitIN
 .text.UDD_WaitOUT
                0x00082360       0x10 C:\Users\uidv5371\AppData\Local\arduino15\packages\arduino\hardware\sam\1.6.8\variants\arduino_due_x/libsam_sam3x8e_gcc_rel.a(uotghs_device.o)
                0x00082360                UDD_WaitOUT
 .text.UDD_ClearIN
                0x00082370       0x18 C:\Users\uidv5371\AppData\Local\arduino15\packages\arduino\hardware\sam\1.6.8\variants\arduino_due_x/libsam_sam3x8e_gcc_rel.a(uotghs_device.o)
                0x00082370                UDD_ClearIN
 .text.UDD_ClearOUT
                0x00082388       0x18 C:\Users\uidv5371\AppData\Local\arduino15\packages\arduino\hardware\sam\1.6.8\variants\arduino_due_x/libsam_sam3x8e_gcc_rel.a(uotghs_device.o)
                0x00082388                UDD_ClearOUT
 .text.UDD_ReceivedSetupInt
                0x000823a0       0x10 C:\Users\uidv5371\AppData\Local\arduino15\packages\arduino\hardware\sam\1.6.8\variants\arduino_due_x/libsam_sam3x8e_gcc_rel.a(uotghs_device.o)
                0x000823a0                UDD_ReceivedSetupInt
 .text.UDD_ClearSetupInt
                0x000823b0       0x10 C:\Users\uidv5371\AppData\Local\arduino15\packages\arduino\hardware\sam\1.6.8\variants\arduino_due_x/libsam_sam3x8e_gcc_rel.a(uotghs_device.o)
                0x000823b0                UDD_ClearSetupInt
 .text.UDD_Send
                0x000823c0       0x88 C:\Users\uidv5371\AppData\Local\arduino15\packages\arduino\hardware\sam\1.6.8\variants\arduino_due_x/libsam_sam3x8e_gcc_rel.a(uotghs_device.o)
                0x000823c0                UDD_Send
 .text.UDD_Send8
                0x00082448       0x24 C:\Users\uidv5371\AppData\Local\arduino15\packages\arduino\hardware\sam\1.6.8\variants\arduino_due_x/libsam_sam3x8e_gcc_rel.a(uotghs_device.o)
                0x00082448                UDD_Send8
 .text.UDD_Recv8
                0x0008246c       0x28 C:\Users\uidv5371\AppData\Local\arduino15\packages\arduino\hardware\sam\1.6.8\variants\arduino_due_x/libsam_sam3x8e_gcc_rel.a(uotghs_device.o)
                0x0008246c                UDD_Recv8
 .text.UDD_Recv
                0x00082494       0x34 C:\Users\uidv5371\AppData\Local\arduino15\packages\arduino\hardware\sam\1.6.8\variants\arduino_due_x/libsam_sam3x8e_gcc_rel.a(uotghs_device.o)
                0x00082494                UDD_Recv
 .text.UDD_Stall
                0x000824c8       0x14 C:\Users\uidv5371\AppData\Local\arduino15\packages\arduino\hardware\sam\1.6.8\variants\arduino_due_x/libsam_sam3x8e_gcc_rel.a(uotghs_device.o)
                0x000824c8                UDD_Stall
 .text.UDD_FifoByteCount
                0x000824dc       0x14 C:\Users\uidv5371\AppData\Local\arduino15\packages\arduino\hardware\sam\1.6.8\variants\arduino_due_x/libsam_sam3x8e_gcc_rel.a(uotghs_device.o)
                0x000824dc                UDD_FifoByteCount
 .text.UDD_ReleaseRX
                0x000824f0       0x28 C:\Users\uidv5371\AppData\Local\arduino15\packages\arduino\hardware\sam\1.6.8\variants\arduino_due_x/libsam_sam3x8e_gcc_rel.a(uotghs_device.o)
                0x000824f0                UDD_ReleaseRX
 .text.UDD_ReleaseTX
                0x00082518       0x28 C:\Users\uidv5371\AppData\Local\arduino15\packages\arduino\hardware\sam\1.6.8\variants\arduino_due_x/libsam_sam3x8e_gcc_rel.a(uotghs_device.o)
                0x00082518                UDD_ReleaseTX
 .text.UDD_SetAddress
                0x00082540       0x20 C:\Users\uidv5371\AppData\Local\arduino15\packages\arduino\hardware\sam\1.6.8\variants\arduino_due_x/libsam_sam3x8e_gcc_rel.a(uotghs_device.o)
                0x00082540                UDD_SetAddress
 .text.__libc_init_array
                0x00082560       0x50 c:/users/uidv5371/appdata/local/arduino15/packages/arduino/tools/arm-none-eabi-gcc/4.8.3-2014q1/bin/../lib/gcc/arm-none-eabi/4.8.3/../../../../arm-none-eabi/lib/armv7-m\libg.a(lib_a-init.o)
                0x00082560                __libc_init_array
 .text.iprintf  0x000825b0       0x28 c:/users/uidv5371/appdata/local/arduino15/packages/arduino/tools/arm-none-eabi-gcc/4.8.3-2014q1/bin/../lib/gcc/arm-none-eabi/4.8.3/../../../../arm-none-eabi/lib/armv7-m\libg.a(lib_a-iprintf.o)
                0x000825b0                iprintf
 .text.memset   0x000825d8       0x94 c:/users/uidv5371/appdata/local/arduino15/packages/arduino/tools/arm-none-eabi-gcc/4.8.3-2014q1/bin/../lib/gcc/arm-none-eabi/4.8.3/../../../../arm-none-eabi/lib/armv7-m\libg.a(lib_a-memset.o)
                0x000825d8                memset
 .text.strlen   0x0008266c       0x60 c:/users/uidv5371/appdata/local/arduino15/packages/arduino/tools/arm-none-eabi-gcc/4.8.3-2014q1/bin/../lib/gcc/arm-none-eabi/4.8.3/../../../../arm-none-eabi/lib/armv7-m\libg.a(lib_a-strlen.o)
                0x0008266c                strlen
 .text.kill     0x000826cc       0x10 c:/users/uidv5371/appdata/local/arduino15/packages/arduino/tools/arm-none-eabi-gcc/4.8.3-2014q1/bin/../lib/gcc/arm-none-eabi/4.8.3/../../../../arm-none-eabi/lib/armv7-m\libg.a(lib_a-syskill.o)
                0x000826cc                kill
 .text.__sprint_r.part.0
                0x000826dc       0x78 c:/users/uidv5371/appdata/local/arduino15/packages/arduino/tools/arm-none-eabi-gcc/4.8.3-2014q1/bin/../lib/gcc/arm-none-eabi/4.8.3/../../../../arm-none-eabi/lib/armv7-m\libg.a(lib_a-vfiprintf.o)
 .text._vfiprintf_r
                0x00082754      0xc54 c:/users/uidv5371/appdata/local/arduino15/packages/arduino/tools/arm-none-eabi-gcc/4.8.3-2014q1/bin/../lib/gcc/arm-none-eabi/4.8.3/../../../../arm-none-eabi/lib/armv7-m\libg.a(lib_a-vfiprintf.o)
                0x00082754                _vfiprintf_r
 .text.__sbprintf
                0x000833a8       0x7c c:/users/uidv5371/appdata/local/arduino15/packages/arduino/tools/arm-none-eabi-gcc/4.8.3-2014q1/bin/../lib/gcc/arm-none-eabi/4.8.3/../../../../arm-none-eabi/lib/armv7-m\libg.a(lib_a-vfiprintf.o)
 .text.__swsetup_r
                0x00083424       0xc4 c:/users/uidv5371/appdata/local/arduino15/packages/arduino/tools/arm-none-eabi-gcc/4.8.3-2014q1/bin/../lib/gcc/arm-none-eabi/4.8.3/../../../../arm-none-eabi/lib/armv7-m\libg.a(lib_a-wsetup.o)
                0x00083424                __swsetup_r
 .text.startup.register_fini
                0x000834e8       0x14 c:/users/uidv5371/appdata/local/arduino15/packages/arduino/tools/arm-none-eabi-gcc/4.8.3-2014q1/bin/../lib/gcc/arm-none-eabi/4.8.3/../../../../arm-none-eabi/lib/armv7-m\libg.a(lib_a-__call_atexit.o)
 .text.atexit   0x000834fc        0xc c:/users/uidv5371/appdata/local/arduino15/packages/arduino/tools/arm-none-eabi-gcc/4.8.3-2014q1/bin/../lib/gcc/arm-none-eabi/4.8.3/../../../../arm-none-eabi/lib/armv7-m\libg.a(lib_a-atexit.o)
                0x000834fc                atexit
 .text.__sflush_r
                0x00083508      0x148 c:/users/uidv5371/appdata/local/arduino15/packages/arduino/tools/arm-none-eabi-gcc/4.8.3-2014q1/bin/../lib/gcc/arm-none-eabi/4.8.3/../../../../arm-none-eabi/lib/armv7-m\libg.a(lib_a-fflush.o)
                0x00083508                __sflush_r
 .text._fflush_r
                0x00083650       0x2c c:/users/uidv5371/appdata/local/arduino15/packages/arduino/tools/arm-none-eabi-gcc/4.8.3-2014q1/bin/../lib/gcc/arm-none-eabi/4.8.3/../../../../arm-none-eabi/lib/armv7-m\libg.a(lib_a-fflush.o)
                0x00083650                _fflush_r
 .text._cleanup_r
                0x0008367c        0xc c:/users/uidv5371/appdata/local/arduino15/packages/arduino/tools/arm-none-eabi-gcc/4.8.3-2014q1/bin/../lib/gcc/arm-none-eabi/4.8.3/../../../../arm-none-eabi/lib/armv7-m\libg.a(lib_a-findfp.o)
                0x0008367c                _cleanup_r
 .text.__sinit  0x00083688       0xf4 c:/users/uidv5371/appdata/local/arduino15/packages/arduino/tools/arm-none-eabi-gcc/4.8.3-2014q1/bin/../lib/gcc/arm-none-eabi/4.8.3/../../../../arm-none-eabi/lib/armv7-m\libg.a(lib_a-findfp.o)
                0x00083688                __sinit
 .text.__sfp_lock_acquire
                0x0008377c        0x4 c:/users/uidv5371/appdata/local/arduino15/packages/arduino/tools/arm-none-eabi-gcc/4.8.3-2014q1/bin/../lib/gcc/arm-none-eabi/4.8.3/../../../../arm-none-eabi/lib/armv7-m\libg.a(lib_a-findfp.o)
                0x0008377c                __sfp_lock_acquire
 .text.__sfp_lock_release
                0x00083780        0x4 c:/users/uidv5371/appdata/local/arduino15/packages/arduino/tools/arm-none-eabi-gcc/4.8.3-2014q1/bin/../lib/gcc/arm-none-eabi/4.8.3/../../../../arm-none-eabi/lib/armv7-m\libg.a(lib_a-findfp.o)
                0x00083780                __sfp_lock_release
 .text.__libc_fini_array
                0x00083784       0x30 c:/users/uidv5371/appdata/local/arduino15/packages/arduino/tools/arm-none-eabi-gcc/4.8.3-2014q1/bin/../lib/gcc/arm-none-eabi/4.8.3/../../../../arm-none-eabi/lib/armv7-m\libg.a(lib_a-fini.o)
                0x00083784                __libc_fini_array
 .text._fputwc_r
                0x000837b4       0xc0 c:/users/uidv5371/appdata/local/arduino15/packages/arduino/tools/arm-none-eabi-gcc/4.8.3-2014q1/bin/../lib/gcc/arm-none-eabi/4.8.3/../../../../arm-none-eabi/lib/armv7-m\libg.a(lib_a-fputwc.o)
                0x000837b4                _fputwc_r
 .text._malloc_trim_r
                0x00083874       0x9c c:/users/uidv5371/appdata/local/arduino15/packages/arduino/tools/arm-none-eabi-gcc/4.8.3-2014q1/bin/../lib/gcc/arm-none-eabi/4.8.3/../../../../arm-none-eabi/lib/armv7-m\libg.a(lib_a-freer.o)
                0x00083874                _malloc_trim_r
 .text._free_r  0x00083910      0x198 c:/users/uidv5371/appdata/local/arduino15/packages/arduino/tools/arm-none-eabi-gcc/4.8.3-2014q1/bin/../lib/gcc/arm-none-eabi/4.8.3/../../../../arm-none-eabi/lib/armv7-m\libg.a(lib_a-freer.o)
                0x00083910                _free_r
 .text.__sfvwrite_r
                0x00083aa8      0x314 c:/users/uidv5371/appdata/local/arduino15/packages/arduino/tools/arm-none-eabi-gcc/4.8.3-2014q1/bin/../lib/gcc/arm-none-eabi/4.8.3/../../../../arm-none-eabi/lib/armv7-m\libg.a(lib_a-fvwrite.o)
                0x00083aa8                __sfvwrite_r
 .text._fwalk   0x00083dbc       0x48 c:/users/uidv5371/appdata/local/arduino15/packages/arduino/tools/arm-none-eabi-gcc/4.8.3-2014q1/bin/../lib/gcc/arm-none-eabi/4.8.3/../../../../arm-none-eabi/lib/armv7-m\libg.a(lib_a-fwalk.o)
                0x00083dbc                _fwalk
 .text.__locale_charset
                0x00083e04        0x8 c:/users/uidv5371/appdata/local/arduino15/packages/arduino/tools/arm-none-eabi-gcc/4.8.3-2014q1/bin/../lib/gcc/arm-none-eabi/4.8.3/../../../../arm-none-eabi/lib/armv7-m\libg.a(lib_a-locale.o)
                0x00083e04                __locale_charset
 .text.__locale_mb_cur_max
                0x00083e0c        0xc c:/users/uidv5371/appdata/local/arduino15/packages/arduino/tools/arm-none-eabi-gcc/4.8.3-2014q1/bin/../lib/gcc/arm-none-eabi/4.8.3/../../../../arm-none-eabi/lib/armv7-m\libg.a(lib_a-locale.o)
                0x00083e0c                __locale_mb_cur_max
 .text.__smakebuf_r
                0x00083e18       0xe0 c:/users/uidv5371/appdata/local/arduino15/packages/arduino/tools/arm-none-eabi-gcc/4.8.3-2014q1/bin/../lib/gcc/arm-none-eabi/4.8.3/../../../../arm-none-eabi/lib/armv7-m\libg.a(lib_a-makebuf.o)
                0x00083e18                __smakebuf_r
 .text._malloc_r
                0x00083ef8      0x538 c:/users/uidv5371/appdata/local/arduino15/packages/arduino/tools/arm-none-eabi-gcc/4.8.3-2014q1/bin/../lib/gcc/arm-none-eabi/4.8.3/../../../../arm-none-eabi/lib/armv7-m\libg.a(lib_a-mallocr.o)
                0x00083ef8                _malloc_r
 .text.memchr   0x00084430       0x94 c:/users/uidv5371/appdata/local/arduino15/packages/arduino/tools/arm-none-eabi-gcc/4.8.3-2014q1/bin/../lib/gcc/arm-none-eabi/4.8.3/../../../../arm-none-eabi/lib/armv7-m\libg.a(lib_a-memchr-stub.o)
                0x00084430                memchr
 .text          0x000844c4       0xec c:/users/uidv5371/appdata/local/arduino15/packages/arduino/tools/arm-none-eabi-gcc/4.8.3-2014q1/bin/../lib/gcc/arm-none-eabi/4.8.3/../../../../arm-none-eabi/lib/armv7-m\libg.a(lib_a-memcpy.o)
                0x000844c4                memcpy
 .text.memmove  0x000845b0       0xcc c:/users/uidv5371/appdata/local/arduino15/packages/arduino/tools/arm-none-eabi-gcc/4.8.3-2014q1/bin/../lib/gcc/arm-none-eabi/4.8.3/../../../../arm-none-eabi/lib/armv7-m\libg.a(lib_a-memmove.o)
                0x000845b0                memmove
 .text.__malloc_lock
                0x0008467c        0x4 c:/users/uidv5371/appdata/local/arduino15/packages/arduino/tools/arm-none-eabi-gcc/4.8.3-2014q1/bin/../lib/gcc/arm-none-eabi/4.8.3/../../../../arm-none-eabi/lib/armv7-m\libg.a(lib_a-mlock.o)
                0x0008467c                __malloc_lock
 .text.__malloc_unlock
                0x00084680        0x4 c:/users/uidv5371/appdata/local/arduino15/packages/arduino/tools/arm-none-eabi-gcc/4.8.3-2014q1/bin/../lib/gcc/arm-none-eabi/4.8.3/../../../../arm-none-eabi/lib/armv7-m\libg.a(lib_a-mlock.o)
                0x00084680                __malloc_unlock
 .text._realloc_r
                0x00084684      0x3c0 c:/users/uidv5371/appdata/local/arduino15/packages/arduino/tools/arm-none-eabi-gcc/4.8.3-2014q1/bin/../lib/gcc/arm-none-eabi/4.8.3/../../../../arm-none-eabi/lib/armv7-m\libg.a(lib_a-reallocr.o)
                0x00084684                _realloc_r
 .text._sbrk_r  0x00084a44       0x24 c:/users/uidv5371/appdata/local/arduino15/packages/arduino/tools/arm-none-eabi-gcc/4.8.3-2014q1/bin/../lib/gcc/arm-none-eabi/4.8.3/../../../../arm-none-eabi/lib/armv7-m\libg.a(lib_a-sbrkr.o)
                0x00084a44                _sbrk_r
 .text._kill_r  0x00084a68       0x28 c:/users/uidv5371/appdata/local/arduino15/packages/arduino/tools/arm-none-eabi-gcc/4.8.3-2014q1/bin/../lib/gcc/arm-none-eabi/4.8.3/../../../../arm-none-eabi/lib/armv7-m\libg.a(lib_a-signalr.o)
                0x00084a68                _kill_r
 .text.__sread  0x00084a90       0x24 c:/users/uidv5371/appdata/local/arduino15/packages/arduino/tools/arm-none-eabi-gcc/4.8.3-2014q1/bin/../lib/gcc/arm-none-eabi/4.8.3/../../../../arm-none-eabi/lib/armv7-m\libg.a(lib_a-stdio.o)
                0x00084a90                __sread
 .text.__swrite
                0x00084ab4       0x38 c:/users/uidv5371/appdata/local/arduino15/packages/arduino/tools/arm-none-eabi-gcc/4.8.3-2014q1/bin/../lib/gcc/arm-none-eabi/4.8.3/../../../../arm-none-eabi/lib/armv7-m\libg.a(lib_a-stdio.o)
                0x00084ab4                __swrite
 .text.__sseek  0x00084aec       0x20 c:/users/uidv5371/appdata/local/arduino15/packages/arduino/tools/arm-none-eabi-gcc/4.8.3-2014q1/bin/../lib/gcc/arm-none-eabi/4.8.3/../../../../arm-none-eabi/lib/armv7-m\libg.a(lib_a-stdio.o)
                0x00084aec                __sseek
 .text.__sclose
                0x00084b0c        0x8 c:/users/uidv5371/appdata/local/arduino15/packages/arduino/tools/arm-none-eabi-gcc/4.8.3-2014q1/bin/../lib/gcc/arm-none-eabi/4.8.3/../../../../arm-none-eabi/lib/armv7-m\libg.a(lib_a-stdio.o)
                0x00084b0c                __sclose
 .text.__swbuf_r
                0x00084b14       0xa8 c:/users/uidv5371/appdata/local/arduino15/packages/arduino/tools/arm-none-eabi-gcc/4.8.3-2014q1/bin/../lib/gcc/arm-none-eabi/4.8.3/../../../../arm-none-eabi/lib/armv7-m\libg.a(lib_a-wbuf.o)
                0x00084b14                __swbuf_r
 .text._wcrtomb_r
                0x00084bbc       0x50 c:/users/uidv5371/appdata/local/arduino15/packages/arduino/tools/arm-none-eabi-gcc/4.8.3-2014q1/bin/../lib/gcc/arm-none-eabi/4.8.3/../../../../arm-none-eabi/lib/armv7-m\libg.a(lib_a-wcrtomb.o)
                0x00084bbc                _wcrtomb_r
 .text.__ascii_wctomb
                0x00084c0c       0x1c c:/users/uidv5371/appdata/local/arduino15/packages/arduino/tools/arm-none-eabi-gcc/4.8.3-2014q1/bin/../lib/gcc/arm-none-eabi/4.8.3/../../../../arm-none-eabi/lib/armv7-m\libg.a(lib_a-wctomb_r.o)
                0x00084c0c                __ascii_wctomb
 .text._write_r
                0x00084c28       0x28 c:/users/uidv5371/appdata/local/arduino15/packages/arduino/tools/arm-none-eabi-gcc/4.8.3-2014q1/bin/../lib/gcc/arm-none-eabi/4.8.3/../../../../arm-none-eabi/lib/armv7-m\libg.a(lib_a-writer.o)
                0x00084c28                _write_r
 .text.__register_exitproc
                0x00084c50       0xa8 c:/users/uidv5371/appdata/local/arduino15/packages/arduino/tools/arm-none-eabi-gcc/4.8.3-2014q1/bin/../lib/gcc/arm-none-eabi/4.8.3/../../../../arm-none-eabi/lib/armv7-m\libg.a(lib_a-__atexit.o)
                0x00084c50                __register_exitproc
 .text._close_r
                0x00084cf8       0x24 c:/users/uidv5371/appdata/local/arduino15/packages/arduino/tools/arm-none-eabi-gcc/4.8.3-2014q1/bin/../lib/gcc/arm-none-eabi/4.8.3/../../../../arm-none-eabi/lib/armv7-m\libg.a(lib_a-closer.o)
                0x00084cf8                _close_r
 .text._fclose_r
                0x00084d1c       0x80 c:/users/uidv5371/appdata/local/arduino15/packages/arduino/tools/arm-none-eabi-gcc/4.8.3-2014q1/bin/../lib/gcc/arm-none-eabi/4.8.3/../../../../arm-none-eabi/lib/armv7-m\libg.a(lib_a-fclose.o)
                0x00084d1c                _fclose_r
 .text.fclose   0x00084d9c       0x10 c:/users/uidv5371/appdata/local/arduino15/packages/arduino/tools/arm-none-eabi-gcc/4.8.3-2014q1/bin/../lib/gcc/arm-none-eabi/4.8.3/../../../../arm-none-eabi/lib/armv7-m\libg.a(lib_a-fclose.o)
                0x00084d9c                fclose
 .text._fstat_r
                0x00084dac       0x28 c:/users/uidv5371/appdata/local/arduino15/packages/arduino/tools/arm-none-eabi-gcc/4.8.3-2014q1/bin/../lib/gcc/arm-none-eabi/4.8.3/../../../../arm-none-eabi/lib/armv7-m\libg.a(lib_a-fstatr.o)
                0x00084dac                _fstat_r
 .text._isatty_r
                0x00084dd4       0x24 c:/users/uidv5371/appdata/local/arduino15/packages/arduino/tools/arm-none-eabi-gcc/4.8.3-2014q1/bin/../lib/gcc/arm-none-eabi/4.8.3/../../../../arm-none-eabi/lib/armv7-m\libg.a(lib_a-isattyr.o)
                0x00084dd4                _isatty_r
 .text._lseek_r
                0x00084df8       0x28 c:/users/uidv5371/appdata/local/arduino15/packages/arduino/tools/arm-none-eabi-gcc/4.8.3-2014q1/bin/../lib/gcc/arm-none-eabi/4.8.3/../../../../arm-none-eabi/lib/armv7-m\libg.a(lib_a-lseekr.o)
                0x00084df8                _lseek_r
 .text._read_r  0x00084e20       0x28 c:/users/uidv5371/appdata/local/arduino15/packages/arduino/tools/arm-none-eabi-gcc/4.8.3-2014q1/bin/../lib/gcc/arm-none-eabi/4.8.3/../../../../arm-none-eabi/lib/armv7-m\libg.a(lib_a-readr.o)
                0x00084e20                _read_r
 .text          0x00084e48       0x2c c:/users/uidv5371/appdata/local/arduino15/packages/arduino/tools/arm-none-eabi-gcc/4.8.3-2014q1/bin/../lib/gcc/arm-none-eabi/4.8.3/armv7-m\libgcc.a(_aeabi_uldivmod.o)
                0x00084e48                __aeabi_uldivmod
 .text          0x00084e74       0x60 c:/users/uidv5371/appdata/local/arduino15/packages/arduino/tools/arm-none-eabi-gcc/4.8.3-2014q1/bin/../lib/gcc/arm-none-eabi/4.8.3/armv7-m\libgcc.a(bpabi.o)
                0x00084e74                __gnu_ldivmod_helper
                0x00084ea4                __gnu_uldivmod_helper
 .text          0x00084ed4        0x4 c:/users/uidv5371/appdata/local/arduino15/packages/arduino/tools/arm-none-eabi-gcc/4.8.3-2014q1/bin/../lib/gcc/arm-none-eabi/4.8.3/armv7-m\libgcc.a(_dvmd_tls.o)
                0x00084ed4                __aeabi_idiv0
                0x00084ed4                __aeabi_ldiv0
 .text          0x00084ed8      0x2a0 c:/users/uidv5371/appdata/local/arduino15/packages/arduino/tools/arm-none-eabi-gcc/4.8.3-2014q1/bin/../lib/gcc/arm-none-eabi/4.8.3/armv7-m\libgcc.a(_divdi3.o)
                0x00084ed8                __divdi3
 .text          0x00085178      0x290 c:/users/uidv5371/appdata/local/arduino15/packages/arduino/tools/arm-none-eabi-gcc/4.8.3-2014q1/bin/../lib/gcc/arm-none-eabi/4.8.3/armv7-m\libgcc.a(_udivdi3.o)
                0x00085178                __udivdi3
 *(.glue_7t)
 .glue_7t       0x00000000        0x0 linker stubs
 *(.glue_7)
 .glue_7        0x00000000        0x0 linker stubs
 *(.rodata .rodata* .gnu.linkonce.r.*)
 .rodata._ZL12can_bit_time
                0x00085408       0x6c C:\Users\uidv5371\AppData\Local\Temp\VMicroBuilds\Sketch3\arduino_due_x\CAN\due_can.cpp.o
 .rodata.CSWTCH.102
                0x00085474        0x8 C:\Users\uidv5371\AppData\Local\Temp\VMicroBuilds\Sketch3\arduino_due_x\CAN\due_can.cpp.o
 .rodata.str1.1
                0x0008547c       0x11 C:\Users\uidv5371\AppData\Local\Temp\VMicroBuilds\Sketch3\arduino_due_x\CAN\due_can.cpp.o
 *fill*         0x0008548d        0x3 
 .rodata.g_APinDescription
                0x00085490      0xa2c C:\Users\uidv5371\AppData\Local\Temp\VMicroBuilds\Sketch3\arduino_due_x\variant\variant.cpp.o
                0x00085490                g_APinDescription
 .rodata        0x00085ebc       0x40 C:\Users\uidv5371\AppData\Local\arduino15\packages\arduino\hardware\sam\1.6.8\variants\arduino_due_x/libsam_sam3x8e_gcc_rel.a(adc.o)
 .rodata.str1.1
                0x00085efc       0x19 C:\Users\uidv5371\AppData\Local\Temp\VMicroBuilds\Sketch3\arduino_due_x/core.a(syscalls_sam3.c.o)
 .rodata.str1.1
                0x00085f15        0xe C:\Users\uidv5371\AppData\Local\Temp\VMicroBuilds\Sketch3\arduino_due_x/core.a(Print.cpp.o)
                                 0x11 (size before relaxing)
 *fill*         0x00085f23        0x5 
 .rodata._ZTV9UARTClass
                0x00085f28       0x30 C:\Users\uidv5371\AppData\Local\Temp\VMicroBuilds\Sketch3\arduino_due_x/core.a(UARTClass.cpp.o)
                0x00085f28                vtable for UARTClass
 .rodata._ZTV10USARTClass
                0x00085f58       0x30 C:\Users\uidv5371\AppData\Local\Temp\VMicroBuilds\Sketch3\arduino_due_x/core.a(USARTClass.cpp.o)
                0x00085f58                vtable for USARTClass
 .rodata._ZTV7Serial_
                0x00085f88       0x28 C:\Users\uidv5371\AppData\Local\Temp\VMicroBuilds\Sketch3\arduino_due_x/core.a(CDC.cpp.o)
                0x00085f88                vtable for Serial_
 .rodata._ZL18_cdcOtherInterface
                0x00085fb0       0x42 C:\Users\uidv5371\AppData\Local\Temp\VMicroBuilds\Sketch3\arduino_due_x/core.a(CDC.cpp.o)
 .rodata._ZL13_cdcInterface
                0x00085ff2       0x42 C:\Users\uidv5371\AppData\Local\Temp\VMicroBuilds\Sketch3\arduino_due_x/core.a(CDC.cpp.o)
 .rodata.STRING_PRODUCT
                0x00086034        0xc C:\Users\uidv5371\AppData\Local\Temp\VMicroBuilds\Sketch3\arduino_due_x/core.a(USBCore.cpp.o)
                0x00086034                STRING_PRODUCT
 .rodata.USB_DeviceDescriptor
                0x00086040       0x12 C:\Users\uidv5371\AppData\Local\Temp\VMicroBuilds\Sketch3\arduino_due_x/core.a(USBCore.cpp.o)
                0x00086040                USB_DeviceDescriptor
 .rodata.STRING_LANGUAGE
                0x00086052        0x4 C:\Users\uidv5371\AppData\Local\Temp\VMicroBuilds\Sketch3\arduino_due_x/core.a(USBCore.cpp.o)
                0x00086052                STRING_LANGUAGE
 .rodata._ZL18test_packet_buffer
                0x00086056       0x35 C:\Users\uidv5371\AppData\Local\Temp\VMicroBuilds\Sketch3\arduino_due_x/core.a(USBCore.cpp.o)
 .rodata.STRING_MANUFACTURER
                0x0008608b        0xc C:\Users\uidv5371\AppData\Local\Temp\VMicroBuilds\Sketch3\arduino_due_x/core.a(USBCore.cpp.o)
                0x0008608b                STRING_MANUFACTURER
 .rodata.USB_DeviceDescriptorA
                0x00086097       0x12 C:\Users\uidv5371\AppData\Local\Temp\VMicroBuilds\Sketch3\arduino_due_x/core.a(USBCore.cpp.o)
                0x00086097                USB_DeviceDescriptorA
 .rodata._ZL19USB_DeviceQualifier
                0x000860a9        0x9 C:\Users\uidv5371\AppData\Local\Temp\VMicroBuilds\Sketch3\arduino_due_x/core.a(USBCore.cpp.o)
 *fill*         0x000860b2        0x2 
 .rodata.str1.4
                0x000860b4        0x2 c:/users/uidv5371/appdata/local/arduino15/packages/arduino/tools/arm-none-eabi-gcc/4.8.3-2014q1/bin/../lib/gcc/arm-none-eabi/4.8.3/../../../../arm-none-eabi/lib/armv7-m\libg.a(lib_a-impure.o)
                                  0x4 (size before relaxing)
 *fill*         0x000860b6        0x2 
 .rodata._global_impure_ptr
                0x000860b8        0x4 c:/users/uidv5371/appdata/local/arduino15/packages/arduino/tools/arm-none-eabi-gcc/4.8.3-2014q1/bin/../lib/gcc/arm-none-eabi/4.8.3/../../../../arm-none-eabi/lib/armv7-m\libg.a(lib_a-impure.o)
                0x000860b8                _global_impure_ptr
 .rodata.blanks.6717
                0x000860bc       0x10 c:/users/uidv5371/appdata/local/arduino15/packages/arduino/tools/arm-none-eabi-gcc/4.8.3-2014q1/bin/../lib/gcc/arm-none-eabi/4.8.3/../../../../arm-none-eabi/lib/armv7-m\libg.a(lib_a-vfiprintf.o)
 .rodata.str1.4
                0x000860cc       0x30 c:/users/uidv5371/appdata/local/arduino15/packages/arduino/tools/arm-none-eabi-gcc/4.8.3-2014q1/bin/../lib/gcc/arm-none-eabi/4.8.3/../../../../arm-none-eabi/lib/armv7-m\libg.a(lib_a-vfiprintf.o)
 .rodata.zeroes.6718
                0x000860fc       0x10 c:/users/uidv5371/appdata/local/arduino15/packages/arduino/tools/arm-none-eabi-gcc/4.8.3-2014q1/bin/../lib/gcc/arm-none-eabi/4.8.3/../../../../arm-none-eabi/lib/armv7-m\libg.a(lib_a-vfiprintf.o)
 *(.ARM.extab* .gnu.linkonce.armextab.*)
                0x0008610c                . = ALIGN (0x4)
 *(.init)
 .init          0x0008610c        0x4 c:/users/uidv5371/appdata/local/arduino15/packages/arduino/tools/arm-none-eabi-gcc/4.8.3-2014q1/bin/../lib/gcc/arm-none-eabi/4.8.3/armv7-m/crti.o
                0x0008610c                _init
 .init          0x00086110        0x8 c:/users/uidv5371/appdata/local/arduino15/packages/arduino/tools/arm-none-eabi-gcc/4.8.3-2014q1/bin/../lib/gcc/arm-none-eabi/4.8.3/armv7-m/crtn.o
                0x00086118                . = ALIGN (0x4)
                0x00086118                __preinit_array_start = .
 *(.preinit_array)
                0x00086118                __preinit_array_end = .
                0x00086118                . = ALIGN (0x4)
                0x00086118                __init_array_start = .
 *(SORT(.init_array.*))
 .init_array.00000
                0x00086118        0x4 c:/users/uidv5371/appdata/local/arduino15/packages/arduino/tools/arm-none-eabi-gcc/4.8.3-2014q1/bin/../lib/gcc/arm-none-eabi/4.8.3/../../../../arm-none-eabi/lib/armv7-m\libg.a(lib_a-__call_atexit.o)
 *(.init_array)
 .init_array    0x0008611c        0x4 c:/users/uidv5371/appdata/local/arduino15/packages/arduino/tools/arm-none-eabi-gcc/4.8.3-2014q1/bin/../lib/gcc/arm-none-eabi/4.8.3/armv7-m/crtbegin.o
 .init_array    0x00086120        0x4 C:\Users\uidv5371\AppData\Local\Temp\VMicroBuilds\Sketch3\arduino_due_x\CAN\due_can.cpp.o
 .init_array    0x00086124        0x4 C:\Users\uidv5371\AppData\Local\Temp\VMicroBuilds\Sketch3\arduino_due_x\variant\variant.cpp.o
 .init_array    0x00086128        0x4 C:\Users\uidv5371\AppData\Local\Temp\VMicroBuilds\Sketch3\arduino_due_x/core.a(CDC.cpp.o)
 .init_array    0x0008612c        0x4 C:\Users\uidv5371\AppData\Local\Temp\VMicroBuilds\Sketch3\arduino_due_x/core.a(USBCore.cpp.o)
                0x00086130                __init_array_end = .
                0x00086130                . = ALIGN (0x4)
 *crtbegin.o(.ctors)
 *(EXCLUDE_FILE(*crtend.o) .ctors)
 *(SORT(.ctors.*))
 *crtend.o(.ctors)
                0x00086130                . = ALIGN (0x4)
 *(.fini)
 .fini          0x00086130        0x4 c:/users/uidv5371/appdata/local/arduino15/packages/arduino/tools/arm-none-eabi-gcc/4.8.3-2014q1/bin/../lib/gcc/arm-none-eabi/4.8.3/armv7-m/crti.o
                0x00086130                _fini
 .fini          0x00086134        0x8 c:/users/uidv5371/appdata/local/arduino15/packages/arduino/tools/arm-none-eabi-gcc/4.8.3-2014q1/bin/../lib/gcc/arm-none-eabi/4.8.3/armv7-m/crtn.o
                0x0008613c                . = ALIGN (0x4)
                0x0008613c                __fini_array_start = .
 *(.fini_array)
 .fini_array    0x0008613c        0x4 c:/users/uidv5371/appdata/local/arduino15/packages/arduino/tools/arm-none-eabi-gcc/4.8.3-2014q1/bin/../lib/gcc/arm-none-eabi/4.8.3/armv7-m/crtbegin.o
 *(SORT(.fini_array.*))
                0x00086140                __fini_array_end = .
 *crtbegin.o(.dtors)
 *(EXCLUDE_FILE(*crtend.o) .dtors)
 *(SORT(.dtors.*))
 *crtend.o(.dtors)
                0x00086140                . = ALIGN (0x4)
                0x00086140                _efixed = .
                0x00086140                PROVIDE (__exidx_start, .)

.vfp11_veneer   0x00086140        0x0
 .vfp11_veneer  0x00000000        0x0 linker stubs

.v4_bx          0x00086140        0x0
 .v4_bx         0x00000000        0x0 linker stubs

.iplt           0x00086140        0x0
 .iplt          0x00000000        0x0 c:/users/uidv5371/appdata/local/arduino15/packages/arduino/tools/arm-none-eabi-gcc/4.8.3-2014q1/bin/../lib/gcc/arm-none-eabi/4.8.3/armv7-m/crtbegin.o

.ARM.exidx      0x00086140        0x8
 *(.ARM.exidx* .gnu.linkonce.armexidx.*)
 .ARM.exidx     0x00086140        0x8 c:/users/uidv5371/appdata/local/arduino15/packages/arduino/tools/arm-none-eabi-gcc/4.8.3-2014q1/bin/../lib/gcc/arm-none-eabi/4.8.3/armv7-m\libgcc.a(_divdi3.o)
 .ARM.exidx     0x00086148        0x0 c:/users/uidv5371/appdata/local/arduino15/packages/arduino/tools/arm-none-eabi-gcc/4.8.3-2014q1/bin/../lib/gcc/arm-none-eabi/4.8.3/armv7-m\libgcc.a(_udivdi3.o)
                                  0x8 (size before relaxing)
                0x00086148                PROVIDE (__exidx_end, .)

.eh_frame       0x00086148        0x0
 .eh_frame      0x00086148        0x0 c:/users/uidv5371/appdata/local/arduino15/packages/arduino/tools/arm-none-eabi-gcc/4.8.3-2014q1/bin/../lib/gcc/arm-none-eabi/4.8.3/armv7-m/crtbegin.o

.rel.dyn        0x00086148        0x0
 .rel.iplt      0x00000000        0x0 c:/users/uidv5371/appdata/local/arduino15/packages/arduino/tools/arm-none-eabi-gcc/4.8.3-2014q1/bin/../lib/gcc/arm-none-eabi/4.8.3/armv7-m/crtbegin.o

.jcr            0x00086148        0x0
 .jcr           0x00086148        0x0 c:/users/uidv5371/appdata/local/arduino15/packages/arduino/tools/arm-none-eabi-gcc/4.8.3-2014q1/bin/../lib/gcc/arm-none-eabi/4.8.3/armv7-m/crtbegin.o

.igot.plt       0x00086148        0x0
 .igot.plt      0x00000000        0x0 c:/users/uidv5371/appdata/local/arduino15/packages/arduino/tools/arm-none-eabi-gcc/4.8.3-2014q1/bin/../lib/gcc/arm-none-eabi/4.8.3/armv7-m/crtbegin.o
                0x00086148                . = ALIGN (0x4)
                0x00086148                _etext = .

.relocate       0x20070000      0x8d4 load address 0x00086148
                0x20070000                . = ALIGN (0x4)
                0x20070000                _srelocate = .
 *(.ramfunc .ramfunc.*)
 .ramfunc       0x20070000       0x2c C:\Users\uidv5371\AppData\Local\Temp\VMicroBuilds\Sketch3\arduino_due_x/core.a(Reset.cpp.o)
                0x20070000                banzai
 *(.data .data.*)
 .data.SystemCoreClock
                0x2007002c        0x4 C:\Users\uidv5371\AppData\Local\arduino15\packages\arduino\hardware\sam\1.6.8\variants\arduino_due_x/libsam_sam3x8e_gcc_rel.a(system_sam3xa.o)
                0x2007002c                SystemCoreClock
 .data._ZL5ticks
                0x20070030        0x4 C:\Users\uidv5371\AppData\Local\Temp\VMicroBuilds\Sketch3\arduino_due_x/core.a(Reset.cpp.o)
 .data._ZL10breakValue
                0x20070034        0x4 C:\Users\uidv5371\AppData\Local\Temp\VMicroBuilds\Sketch3\arduino_due_x/core.a(CDC.cpp.o)
 .data._ZL12_usbLineInfo
                0x20070038        0x8 C:\Users\uidv5371\AppData\Local\Temp\VMicroBuilds\Sketch3\arduino_due_x/core.a(CDC.cpp.o)
 .data.EndPoints
                0x20070040       0x28 C:\Users\uidv5371\AppData\Local\Temp\VMicroBuilds\Sketch3\arduino_due_x/core.a(USBCore.cpp.o)
                0x20070040                EndPoints
 .data.g_interrupt_enabled
                0x20070068        0x4 C:\Users\uidv5371\AppData\Local\arduino15\packages\arduino\hardware\sam\1.6.8\variants\arduino_due_x/libsam_sam3x8e_gcc_rel.a(interrupt_sam_nvic.o)
                0x20070068                g_interrupt_enabled
 *fill*         0x2007006c        0x4 
 .data.impure_data
                0x20070070      0x428 c:/users/uidv5371/appdata/local/arduino15/packages/arduino/tools/arm-none-eabi-gcc/4.8.3-2014q1/bin/../lib/gcc/arm-none-eabi/4.8.3/../../../../arm-none-eabi/lib/armv7-m\libg.a(lib_a-impure.o)
 .data._impure_ptr
                0x20070498        0x4 c:/users/uidv5371/appdata/local/arduino15/packages/arduino/tools/arm-none-eabi-gcc/4.8.3-2014q1/bin/../lib/gcc/arm-none-eabi/4.8.3/../../../../arm-none-eabi/lib/armv7-m\libg.a(lib_a-impure.o)
                0x20070498                _impure_ptr
 .data.lc_ctype_charset
                0x2007049c       0x20 c:/users/uidv5371/appdata/local/arduino15/packages/arduino/tools/arm-none-eabi-gcc/4.8.3-2014q1/bin/../lib/gcc/arm-none-eabi/4.8.3/../../../../arm-none-eabi/lib/armv7-m\libg.a(lib_a-locale.o)
 .data.__mb_cur_max
                0x200704bc        0x4 c:/users/uidv5371/appdata/local/arduino15/packages/arduino/tools/arm-none-eabi-gcc/4.8.3-2014q1/bin/../lib/gcc/arm-none-eabi/4.8.3/../../../../arm-none-eabi/lib/armv7-m\libg.a(lib_a-locale.o)
                0x200704bc                __mb_cur_max
 .data.__malloc_av_
                0x200704c0      0x408 c:/users/uidv5371/appdata/local/arduino15/packages/arduino/tools/arm-none-eabi-gcc/4.8.3-2014q1/bin/../lib/gcc/arm-none-eabi/4.8.3/../../../../arm-none-eabi/lib/armv7-m\libg.a(lib_a-mallocr.o)
                0x200704c0                __malloc_av_
 .data.__malloc_trim_threshold
                0x200708c8        0x4 c:/users/uidv5371/appdata/local/arduino15/packages/arduino/tools/arm-none-eabi-gcc/4.8.3-2014q1/bin/../lib/gcc/arm-none-eabi/4.8.3/../../../../arm-none-eabi/lib/armv7-m\libg.a(lib_a-mallocr.o)
                0x200708c8                __malloc_trim_threshold
 .data.__malloc_sbrk_base
                0x200708cc        0x4 c:/users/uidv5371/appdata/local/arduino15/packages/arduino/tools/arm-none-eabi-gcc/4.8.3-2014q1/bin/../lib/gcc/arm-none-eabi/4.8.3/../../../../arm-none-eabi/lib/armv7-m\libg.a(lib_a-mallocr.o)
                0x200708cc                __malloc_sbrk_base
 .data.__wctomb
                0x200708d0        0x4 c:/users/uidv5371/appdata/local/arduino15/packages/arduino/tools/arm-none-eabi-gcc/4.8.3-2014q1/bin/../lib/gcc/arm-none-eabi/4.8.3/../../../../arm-none-eabi/lib/armv7-m\libg.a(lib_a-wctomb_r.o)
                0x200708d0                __wctomb
                0x200708d4                . = ALIGN (0x4)
                0x200708d4                _erelocate = .

.bss            0x200708d4     0x11e0 load address 0x00086a1c
                0x200708d4                . = ALIGN (0x4)
                0x200708d4                _sbss = .
                0x200708d4                _szero = .
 *(.bss .bss.*)
 .bss           0x200708d4       0x1c c:/users/uidv5371/appdata/local/arduino15/packages/arduino/tools/arm-none-eabi-gcc/4.8.3-2014q1/bin/../lib/gcc/arm-none-eabi/4.8.3/armv7-m/crtbegin.o
 .bss.Can0      0x200708f0      0x4d8 C:\Users\uidv5371\AppData\Local\Temp\VMicroBuilds\Sketch3\arduino_due_x\CAN\due_can.cpp.o
                0x200708f0                Can0
 .bss._ZGVZN6CANRaw12set_baudrateEmE6ul_mck
                0x20070dc8        0x4 C:\Users\uidv5371\AppData\Local\Temp\VMicroBuilds\Sketch3\arduino_due_x\CAN\due_can.cpp.o
 .bss._ZZN6CANRaw12set_baudrateEmE6ul_mck
                0x20070dcc        0x4 C:\Users\uidv5371\AppData\Local\Temp\VMicroBuilds\Sketch3\arduino_due_x\CAN\due_can.cpp.o
 .bss.Can1      0x20070dd0      0x4d8 C:\Users\uidv5371\AppData\Local\Temp\VMicroBuilds\Sketch3\arduino_due_x\CAN\due_can.cpp.o
                0x20070dd0                Can1
 .bss.tx_buffer2
                0x200712a8       0x88 C:\Users\uidv5371\AppData\Local\Temp\VMicroBuilds\Sketch3\arduino_due_x\variant\variant.cpp.o
                0x200712a8                tx_buffer2
 .bss.tx_buffer1
                0x20071330       0x88 C:\Users\uidv5371\AppData\Local\Temp\VMicroBuilds\Sketch3\arduino_due_x\variant\variant.cpp.o
                0x20071330                tx_buffer1
 .bss.Serial    0x200713b8       0x24 C:\Users\uidv5371\AppData\Local\Temp\VMicroBuilds\Sketch3\arduino_due_x\variant\variant.cpp.o
                0x200713b8                Serial
 .bss.rx_buffer1
                0x200713dc       0x88 C:\Users\uidv5371\AppData\Local\Temp\VMicroBuilds\Sketch3\arduino_due_x\variant\variant.cpp.o
                0x200713dc                rx_buffer1
 .bss.Serial1   0x20071464       0x28 C:\Users\uidv5371\AppData\Local\Temp\VMicroBuilds\Sketch3\arduino_due_x\variant\variant.cpp.o
                0x20071464                Serial1
 .bss.Serial2   0x2007148c       0x28 C:\Users\uidv5371\AppData\Local\Temp\VMicroBuilds\Sketch3\arduino_due_x\variant\variant.cpp.o
                0x2007148c                Serial2
 .bss.Serial3   0x200714b4       0x28 C:\Users\uidv5371\AppData\Local\Temp\VMicroBuilds\Sketch3\arduino_due_x\variant\variant.cpp.o
                0x200714b4                Serial3
 .bss.tx_buffer3
                0x200714dc       0x88 C:\Users\uidv5371\AppData\Local\Temp\VMicroBuilds\Sketch3\arduino_due_x\variant\variant.cpp.o
                0x200714dc                tx_buffer3
 .bss.tx_buffer4
                0x20071564       0x88 C:\Users\uidv5371\AppData\Local\Temp\VMicroBuilds\Sketch3\arduino_due_x\variant\variant.cpp.o
                0x20071564                tx_buffer4
 .bss.g_pinStatus
                0x200715ec       0x4f C:\Users\uidv5371\AppData\Local\Temp\VMicroBuilds\Sketch3\arduino_due_x\variant\variant.cpp.o
                0x200715ec                g_pinStatus
 *fill*         0x2007163b        0x1 
 .bss.rx_buffer2
                0x2007163c       0x88 C:\Users\uidv5371\AppData\Local\Temp\VMicroBuilds\Sketch3\arduino_due_x\variant\variant.cpp.o
                0x2007163c                rx_buffer2
 .bss.rx_buffer3
                0x200716c4       0x88 C:\Users\uidv5371\AppData\Local\Temp\VMicroBuilds\Sketch3\arduino_due_x\variant\variant.cpp.o
                0x200716c4                rx_buffer3
 .bss.rx_buffer4
                0x2007174c       0x88 C:\Users\uidv5371\AppData\Local\Temp\VMicroBuilds\Sketch3\arduino_due_x\variant\variant.cpp.o
                0x2007174c                rx_buffer4
 .bss.gpf_isr   0x200717d4        0x4 C:\Users\uidv5371\AppData\Local\arduino15\packages\arduino\hardware\sam\1.6.8\variants\arduino_due_x/libsam_sam3x8e_gcc_rel.a(uotghs.o)
                0x200717d4                gpf_isr
 .bss.heap.6420
                0x200717d8        0x4 C:\Users\uidv5371\AppData\Local\Temp\VMicroBuilds\Sketch3\arduino_due_x/core.a(syscalls_sam3.c.o)
 .bss.cdc_rx_buffer
                0x200717dc      0x208 C:\Users\uidv5371\AppData\Local\Temp\VMicroBuilds\Sketch3\arduino_due_x/core.a(CDC.cpp.o)
                0x200717dc                cdc_rx_buffer
 .bss._ZZN7Serial_6acceptEvE5guard
                0x200719e4        0x4 C:\Users\uidv5371\AppData\Local\Temp\VMicroBuilds\Sketch3\arduino_due_x/core.a(CDC.cpp.o)
 .bss.SerialUSB
                0x200719e8       0x14 C:\Users\uidv5371\AppData\Local\Temp\VMicroBuilds\Sketch3\arduino_due_x/core.a(CDC.cpp.o)
                0x200719e8                SerialUSB
 .bss._cmark    0x200719fc        0x2 C:\Users\uidv5371\AppData\Local\Temp\VMicroBuilds\Sketch3\arduino_due_x/core.a(USBCore.cpp.o)
                0x200719fc                _cmark
 .bss._ZL14isEndpointHalt
                0x200719fe        0x1 C:\Users\uidv5371\AppData\Local\Temp\VMicroBuilds\Sketch3\arduino_due_x/core.a(USBCore.cpp.o)
 *fill*         0x200719ff        0x1 
 .bss._cdcComposite
                0x20071a00        0x4 C:\Users\uidv5371\AppData\Local\Temp\VMicroBuilds\Sketch3\arduino_due_x/core.a(USBCore.cpp.o)
                0x20071a00                _cdcComposite
 .bss._ZL21isRemoteWakeUpEnabled
                0x20071a04        0x1 C:\Users\uidv5371\AppData\Local\Temp\VMicroBuilds\Sketch3\arduino_due_x/core.a(USBCore.cpp.o)
 *fill*         0x20071a05        0x3 
 .bss._usbInitialized
                0x20071a08        0x4 C:\Users\uidv5371\AppData\Local\Temp\VMicroBuilds\Sketch3\arduino_due_x/core.a(USBCore.cpp.o)
                0x20071a08                _usbInitialized
 .bss.USBDevice
                0x20071a0c        0x1 C:\Users\uidv5371\AppData\Local\Temp\VMicroBuilds\Sketch3\arduino_due_x/core.a(USBCore.cpp.o)
                0x20071a0c                USBDevice
 *fill*         0x20071a0d        0x3 
 .bss._usbSetInterface
                0x20071a10        0x4 C:\Users\uidv5371\AppData\Local\Temp\VMicroBuilds\Sketch3\arduino_due_x/core.a(USBCore.cpp.o)
                0x20071a10                _usbSetInterface
 .bss._cend     0x20071a14        0x2 C:\Users\uidv5371\AppData\Local\Temp\VMicroBuilds\Sketch3\arduino_due_x/core.a(USBCore.cpp.o)
                0x20071a14                _cend
 *fill*         0x20071a16        0x2 
 .bss._usbConfiguration
                0x20071a18        0x4 C:\Users\uidv5371\AppData\Local\Temp\VMicroBuilds\Sketch3\arduino_due_x/core.a(USBCore.cpp.o)
                0x20071a18                _usbConfiguration
 .bss._ZZ12PluggableUSBvE3obj
                0x20071a1c        0x8 C:\Users\uidv5371\AppData\Local\Temp\VMicroBuilds\Sketch3\arduino_due_x/core.a(PluggableUSB.cpp.o)
 .bss._ZGVZ12PluggableUSBvE3obj
                0x20071a24        0x4 C:\Users\uidv5371\AppData\Local\Temp\VMicroBuilds\Sketch3\arduino_due_x/core.a(PluggableUSB.cpp.o)
 .bss._dwTickCount
                0x20071a28        0x4 C:\Users\uidv5371\AppData\Local\arduino15\packages\arduino\hardware\sam\1.6.8\variants\arduino_due_x/libsam_sam3x8e_gcc_rel.a(timetick.o)
 .bss.ul_recv_fifo_ptr
                0x20071a2c       0x28 C:\Users\uidv5371\AppData\Local\arduino15\packages\arduino\hardware\sam\1.6.8\variants\arduino_due_x/libsam_sam3x8e_gcc_rel.a(uotghs_device.o)
 .bss.ul_send_fifo_ptr
                0x20071a54       0x28 C:\Users\uidv5371\AppData\Local\arduino15\packages\arduino\hardware\sam\1.6.8\variants\arduino_due_x/libsam_sam3x8e_gcc_rel.a(uotghs_device.o)
 .bss.__malloc_max_total_mem
                0x20071a7c        0x4 c:/users/uidv5371/appdata/local/arduino15/packages/arduino/tools/arm-none-eabi-gcc/4.8.3-2014q1/bin/../lib/gcc/arm-none-eabi/4.8.3/../../../../arm-none-eabi/lib/armv7-m\libg.a(lib_a-mallocr.o)
                0x20071a7c                __malloc_max_total_mem
 .bss.__malloc_max_sbrked_mem
                0x20071a80        0x4 c:/users/uidv5371/appdata/local/arduino15/packages/arduino/tools/arm-none-eabi-gcc/4.8.3-2014q1/bin/../lib/gcc/arm-none-eabi/4.8.3/../../../../arm-none-eabi/lib/armv7-m\libg.a(lib_a-mallocr.o)
                0x20071a80                __malloc_max_sbrked_mem
 .bss.__malloc_top_pad
                0x20071a84        0x4 c:/users/uidv5371/appdata/local/arduino15/packages/arduino/tools/arm-none-eabi-gcc/4.8.3-2014q1/bin/../lib/gcc/arm-none-eabi/4.8.3/../../../../arm-none-eabi/lib/armv7-m\libg.a(lib_a-mallocr.o)
                0x20071a84                __malloc_top_pad
 .bss.__malloc_current_mallinfo
                0x20071a88       0x28 c:/users/uidv5371/appdata/local/arduino15/packages/arduino/tools/arm-none-eabi-gcc/4.8.3-2014q1/bin/../lib/gcc/arm-none-eabi/4.8.3/../../../../arm-none-eabi/lib/armv7-m\libg.a(lib_a-mallocr.o)
                0x20071a88                __malloc_current_mallinfo
 *(COMMON)
 COMMON         0x20071ab0        0x4 c:/users/uidv5371/appdata/local/arduino15/packages/arduino/tools/arm-none-eabi-gcc/4.8.3-2014q1/bin/../lib/gcc/arm-none-eabi/4.8.3/../../../../arm-none-eabi/lib/armv7-m\libg.a(lib_a-reent.o)
                0x20071ab0                errno
                0x20071ab4                . = ALIGN (0x4)
                0x20071ab4                _ebss = .
                0x20071ab4                _ezero = .
                0x20071ab4                . = ALIGN (0x4)
                0x20071ab4                _end = .

.stack_dummy    0x20071ab4        0x0
 *(.stack*)
                0x20088000                __StackTop = (ORIGIN (ram) + 0x18000)
                0x20088000                __StackLimit = (__StackTop - SIZEOF (.stack_dummy))
                0x20088000                PROVIDE (_sstack, __StackLimit)
                0x20088000                PROVIDE (_estack, __StackTop)
OUTPUT(C:\Users\uidv5371\AppData\Local\Temp\VMicroBuilds\Sketch3\arduino_due_x/Sketch3.ino.elf elf32-littlearm)

.ARM.attributes
                0x00000000       0x29
 .ARM.attributes
                0x00000000       0x1d c:/users/uidv5371/appdata/local/arduino15/packages/arduino/tools/arm-none-eabi-gcc/4.8.3-2014q1/bin/../lib/gcc/arm-none-eabi/4.8.3/armv7-m/crti.o
 .ARM.attributes
                0x0000001d       0x2d c:/users/uidv5371/appdata/local/arduino15/packages/arduino/tools/arm-none-eabi-gcc/4.8.3-2014q1/bin/../lib/gcc/arm-none-eabi/4.8.3/armv7-m/crtbegin.o
 .ARM.attributes
                0x0000004a       0x33 C:\Users\uidv5371\AppData\Local\Temp\VMicroBuilds\Sketch3\arduino_due_x\Sketch3.cpp.o
 .ARM.attributes
                0x0000007d       0x33 C:\Users\uidv5371\AppData\Local\Temp\VMicroBuilds\Sketch3\arduino_due_x\CAN\due_can.cpp.o
 .ARM.attributes
                0x000000b0       0x33 C:\Users\uidv5371\AppData\Local\Temp\VMicroBuilds\Sketch3\arduino_due_x\variant\variant.cpp.o
 .ARM.attributes
                0x000000e3       0x33 C:\Users\uidv5371\AppData\Local\arduino15\packages\arduino\hardware\sam\1.6.8\variants\arduino_due_x/libsam_sam3x8e_gcc_rel.a(pio.o)
 .ARM.attributes
                0x00000116       0x33 C:\Users\uidv5371\AppData\Local\arduino15\packages\arduino\hardware\sam\1.6.8\variants\arduino_due_x/libsam_sam3x8e_gcc_rel.a(pmc.o)
 .ARM.attributes
                0x00000149       0x33 C:\Users\uidv5371\AppData\Local\arduino15\packages\arduino\hardware\sam\1.6.8\variants\arduino_due_x/libsam_sam3x8e_gcc_rel.a(system_sam3xa.o)
 .ARM.attributes
                0x0000017c       0x33 C:\Users\uidv5371\AppData\Local\arduino15\packages\arduino\hardware\sam\1.6.8\variants\arduino_due_x/libsam_sam3x8e_gcc_rel.a(startup_sam3xa.o)
 .ARM.attributes
                0x000001af       0x33 C:\Users\uidv5371\AppData\Local\arduino15\packages\arduino\hardware\sam\1.6.8\variants\arduino_due_x/libsam_sam3x8e_gcc_rel.a(adc.o)
 .ARM.attributes
                0x000001e2       0x33 C:\Users\uidv5371\AppData\Local\arduino15\packages\arduino\hardware\sam\1.6.8\variants\arduino_due_x/libsam_sam3x8e_gcc_rel.a(uotghs.o)
 .ARM.attributes
                0x00000215       0x33 C:\Users\uidv5371\AppData\Local\Temp\VMicroBuilds\Sketch3\arduino_due_x/core.a(cortex_handlers.c.o)
 .ARM.attributes
                0x00000248       0x33 C:\Users\uidv5371\AppData\Local\Temp\VMicroBuilds\Sketch3\arduino_due_x/core.a(hooks.c.o)
 .ARM.attributes
                0x0000027b       0x33 C:\Users\uidv5371\AppData\Local\Temp\VMicroBuilds\Sketch3\arduino_due_x/core.a(syscalls_sam3.c.o)
 .ARM.attributes
                0x000002ae       0x33 C:\Users\uidv5371\AppData\Local\Temp\VMicroBuilds\Sketch3\arduino_due_x/core.a(wiring.c.o)
 .ARM.attributes
                0x000002e1       0x33 C:\Users\uidv5371\AppData\Local\Temp\VMicroBuilds\Sketch3\arduino_due_x/core.a(wiring_analog.c.o)
 .ARM.attributes
                0x00000314       0x33 C:\Users\uidv5371\AppData\Local\Temp\VMicroBuilds\Sketch3\arduino_due_x/core.a(wiring_digital.c.o)
 .ARM.attributes
                0x00000347       0x33 C:\Users\uidv5371\AppData\Local\Temp\VMicroBuilds\Sketch3\arduino_due_x/core.a(main.cpp.o)
 .ARM.attributes
                0x0000037a       0x33 C:\Users\uidv5371\AppData\Local\Temp\VMicroBuilds\Sketch3\arduino_due_x/core.a(Print.cpp.o)
 .ARM.attributes
                0x000003ad       0x33 C:\Users\uidv5371\AppData\Local\Temp\VMicroBuilds\Sketch3\arduino_due_x/core.a(Reset.cpp.o)
 .ARM.attributes
                0x000003e0       0x33 C:\Users\uidv5371\AppData\Local\Temp\VMicroBuilds\Sketch3\arduino_due_x/core.a(RingBuffer.cpp.o)
 .ARM.attributes
                0x00000413       0x33 C:\Users\uidv5371\AppData\Local\Temp\VMicroBuilds\Sketch3\arduino_due_x/core.a(UARTClass.cpp.o)
 .ARM.attributes
                0x00000446       0x33 C:\Users\uidv5371\AppData\Local\Temp\VMicroBuilds\Sketch3\arduino_due_x/core.a(USARTClass.cpp.o)
 .ARM.attributes
                0x00000479       0x33 C:\Users\uidv5371\AppData\Local\Temp\VMicroBuilds\Sketch3\arduino_due_x/core.a(watchdog.cpp.o)
 .ARM.attributes